###############################################################################
#
# IAR ELF Linker V8.40.2.214/W32 for ARM                  12/Dec/2019  17:33:59
# Copyright 2007-2019 IAR Systems AB.
#
#    Output file  =
#        E:\Code\IAR_Projects\GetGoods\EWARM\YS-F1Pro\Exe\YS-F1Pro.out
#    Map file     =
#        E:\Code\IAR_Projects\GetGoods\EWARM\YS-F1Pro\List\YS-F1Pro.map
#    Command line =
#        -f C:\Users\15538\AppData\Local\Temp\EWA0DF.tmp
#        (E:\Code\IAR_Projects\GetGoods\EWARM\YS-F1Pro\Obj\bsp_ASDA_B2.o
#        E:\Code\IAR_Projects\GetGoods\EWARM\YS-F1Pro\Obj\bsp_debug_usart.o
#        E:\Code\IAR_Projects\GetGoods\EWARM\YS-F1Pro\Obj\communication.o
#        E:\Code\IAR_Projects\GetGoods\EWARM\YS-F1Pro\Obj\key.o
#        E:\Code\IAR_Projects\GetGoods\EWARM\YS-F1Pro\Obj\laser.o
#        E:\Code\IAR_Projects\GetGoods\EWARM\YS-F1Pro\Obj\main.o
#        E:\Code\IAR_Projects\GetGoods\EWARM\YS-F1Pro\Obj\motor.o
#        E:\Code\IAR_Projects\GetGoods\EWARM\YS-F1Pro\Obj\pid.o
#        E:\Code\IAR_Projects\GetGoods\EWARM\YS-F1Pro\Obj\relay.o
#        E:\Code\IAR_Projects\GetGoods\EWARM\YS-F1Pro\Obj\startup_stm32f103xe.o
#        E:\Code\IAR_Projects\GetGoods\EWARM\YS-F1Pro\Obj\stm32f1xx_assert.o
#        E:\Code\IAR_Projects\GetGoods\EWARM\YS-F1Pro\Obj\stm32f1xx_hal.o
#        E:\Code\IAR_Projects\GetGoods\EWARM\YS-F1Pro\Obj\stm32f1xx_hal_adc.o
#        E:\Code\IAR_Projects\GetGoods\EWARM\YS-F1Pro\Obj\stm32f1xx_hal_adc_ex.o
#        E:\Code\IAR_Projects\GetGoods\EWARM\YS-F1Pro\Obj\stm32f1xx_hal_can.o
#        E:\Code\IAR_Projects\GetGoods\EWARM\YS-F1Pro\Obj\stm32f1xx_hal_cec.o
#        E:\Code\IAR_Projects\GetGoods\EWARM\YS-F1Pro\Obj\stm32f1xx_hal_cortex.o
#        E:\Code\IAR_Projects\GetGoods\EWARM\YS-F1Pro\Obj\stm32f1xx_hal_crc.o
#        E:\Code\IAR_Projects\GetGoods\EWARM\YS-F1Pro\Obj\stm32f1xx_hal_dac.o
#        E:\Code\IAR_Projects\GetGoods\EWARM\YS-F1Pro\Obj\stm32f1xx_hal_dac_ex.o
#        E:\Code\IAR_Projects\GetGoods\EWARM\YS-F1Pro\Obj\stm32f1xx_hal_dma.o
#        E:\Code\IAR_Projects\GetGoods\EWARM\YS-F1Pro\Obj\stm32f1xx_hal_eth.o
#        E:\Code\IAR_Projects\GetGoods\EWARM\YS-F1Pro\Obj\stm32f1xx_hal_flash.o
#        E:\Code\IAR_Projects\GetGoods\EWARM\YS-F1Pro\Obj\stm32f1xx_hal_flash_ex.o
#        E:\Code\IAR_Projects\GetGoods\EWARM\YS-F1Pro\Obj\stm32f1xx_hal_gpio.o
#        E:\Code\IAR_Projects\GetGoods\EWARM\YS-F1Pro\Obj\stm32f1xx_hal_gpio_ex.o
#        E:\Code\IAR_Projects\GetGoods\EWARM\YS-F1Pro\Obj\stm32f1xx_hal_hcd.o
#        E:\Code\IAR_Projects\GetGoods\EWARM\YS-F1Pro\Obj\stm32f1xx_hal_i2c.o
#        E:\Code\IAR_Projects\GetGoods\EWARM\YS-F1Pro\Obj\stm32f1xx_hal_i2s.o
#        E:\Code\IAR_Projects\GetGoods\EWARM\YS-F1Pro\Obj\stm32f1xx_hal_irda.o
#        E:\Code\IAR_Projects\GetGoods\EWARM\YS-F1Pro\Obj\stm32f1xx_hal_iwdg.o
#        E:\Code\IAR_Projects\GetGoods\EWARM\YS-F1Pro\Obj\stm32f1xx_hal_msp.o
#        E:\Code\IAR_Projects\GetGoods\EWARM\YS-F1Pro\Obj\stm32f1xx_hal_nand.o
#        E:\Code\IAR_Projects\GetGoods\EWARM\YS-F1Pro\Obj\stm32f1xx_hal_nor.o
#        E:\Code\IAR_Projects\GetGoods\EWARM\YS-F1Pro\Obj\stm32f1xx_hal_pccard.o
#        E:\Code\IAR_Projects\GetGoods\EWARM\YS-F1Pro\Obj\stm32f1xx_hal_pcd.o
#        E:\Code\IAR_Projects\GetGoods\EWARM\YS-F1Pro\Obj\stm32f1xx_hal_pcd_ex.o
#        E:\Code\IAR_Projects\GetGoods\EWARM\YS-F1Pro\Obj\stm32f1xx_hal_pwr.o
#        E:\Code\IAR_Projects\GetGoods\EWARM\YS-F1Pro\Obj\stm32f1xx_hal_rcc.o
#        E:\Code\IAR_Projects\GetGoods\EWARM\YS-F1Pro\Obj\stm32f1xx_hal_rcc_ex.o
#        E:\Code\IAR_Projects\GetGoods\EWARM\YS-F1Pro\Obj\stm32f1xx_hal_rtc.o
#        E:\Code\IAR_Projects\GetGoods\EWARM\YS-F1Pro\Obj\stm32f1xx_hal_rtc_ex.o
#        E:\Code\IAR_Projects\GetGoods\EWARM\YS-F1Pro\Obj\stm32f1xx_hal_sd.o
#        E:\Code\IAR_Projects\GetGoods\EWARM\YS-F1Pro\Obj\stm32f1xx_hal_smartcard.o
#        E:\Code\IAR_Projects\GetGoods\EWARM\YS-F1Pro\Obj\stm32f1xx_hal_spi.o
#        E:\Code\IAR_Projects\GetGoods\EWARM\YS-F1Pro\Obj\stm32f1xx_hal_spi_ex.o
#        E:\Code\IAR_Projects\GetGoods\EWARM\YS-F1Pro\Obj\stm32f1xx_hal_sram.o
#        E:\Code\IAR_Projects\GetGoods\EWARM\YS-F1Pro\Obj\stm32f1xx_hal_tim.o
#        E:\Code\IAR_Projects\GetGoods\EWARM\YS-F1Pro\Obj\stm32f1xx_hal_tim_ex.o
#        E:\Code\IAR_Projects\GetGoods\EWARM\YS-F1Pro\Obj\stm32f1xx_hal_uart.o
#        E:\Code\IAR_Projects\GetGoods\EWARM\YS-F1Pro\Obj\stm32f1xx_hal_usart.o
#        E:\Code\IAR_Projects\GetGoods\EWARM\YS-F1Pro\Obj\stm32f1xx_hal_wwdg.o
#        E:\Code\IAR_Projects\GetGoods\EWARM\YS-F1Pro\Obj\stm32f1xx_it.o
#        E:\Code\IAR_Projects\GetGoods\EWARM\YS-F1Pro\Obj\stm32f1xx_ll_fsmc.o
#        E:\Code\IAR_Projects\GetGoods\EWARM\YS-F1Pro\Obj\stm32f1xx_ll_sdmmc.o
#        E:\Code\IAR_Projects\GetGoods\EWARM\YS-F1Pro\Obj\stm32f1xx_ll_usb.o
#        E:\Code\IAR_Projects\GetGoods\EWARM\YS-F1Pro\Obj\system_stm32f1xx.o
#        --redirect _Printf=_PrintfFullNoMb --redirect _Scanf=_ScanfFullNoMb
#        --no_out_extension -o
#        E:\Code\IAR_Projects\GetGoods\EWARM\YS-F1Pro\Exe\YS-F1Pro.out --map
#        E:\Code\IAR_Projects\GetGoods\EWARM\YS-F1Pro\List\YS-F1Pro.map
#        --config "C:\Program Files (x86)\IAR Systems\Embedded Workbench
#        8.3\arm\config\linker\ST\stm32f103xC.icf" --semihosting --entry
#        __iar_program_start --vfe --text_out locale)
#
###############################################################################

*******************************************************************************
*** RUNTIME MODEL ATTRIBUTES
***

CppFlavor       = *
__Heap_Handler  = Basic
__SystemLibrary = DLib
__dlib_version  = 6


*******************************************************************************
*** HEAP SELECTION
***

The basic heap was selected because no calls to memory allocation
functions were found in the application outside of system library
functions, and there are calls to deallocation functions in the
application.


*******************************************************************************
*** PLACEMENT SUMMARY
***

"A0":  place at address 0x800'0000 { ro section .intvec };
"P1":  place in [from 0x800'0000 to 0x803'ffff] { ro };
define block CSTACK with size = 4K, alignment = 8 { };
define block HEAP with size = 4K, alignment = 8 { };
"P2":  place in [from 0x2000'0000 to 0x2000'bfff] {
          rw, block CSTACK, block HEAP };
initialize by copy { rw };

  Section            Kind         Address    Size  Object
  -------            ----         -------    ----  ------
"A0":                                       0x130
  .intvec            ro code   0x800'0000   0x130  startup_stm32f103xe.o [1]
                             - 0x800'0130   0x130

"P1":                                      0x38bf
  .text              ro code   0x800'0130   0xb10  stm32f1xx_hal_rcc.o [1]
  .text              ro code   0x800'0c40     0xc  stm32f1xx_hal.o [1]
  .text              ro code   0x800'0c4c    0x18  stm32f1xx_hal.o [1]
  .text              ro code   0x800'0c64    0x24  stm32f1xx_hal.o [1]
  .text              ro code   0x800'0c88    0x86  ABImemcpy.o [4]
  .text              ro code   0x800'0d0e    0x3a  zero_init3.o [4]
  .text              ro code   0x800'0d48   0x14a  stm32f1xx_hal_cortex.o [1]
  .rodata            const     0x800'0e92     0x2  stm32f1xx_hal_rcc.o [1]
  .text              ro code   0x800'0e94   0x93c  stm32f1xx_hal_dma.o [1]
  .text              ro code   0x800'17d0   0x504  stm32f1xx_hal_uart.o [1]
  .text              ro code   0x800'1cd4     0x2  stm32f1xx_hal_uart.o [1]
  .text              ro code   0x800'1cd6     0x2  stm32f1xx_hal_uart.o [1]
  .text              ro code   0x800'1cd8   0x310  main.o [1]
  .text              ro code   0x800'1fe8    0x24  stm32f1xx_hal.o [1]
  .text              ro code   0x800'200c   0x108  relay.o [1]
  .text              ro code   0x800'2114   0x2a0  stm32f1xx_hal_gpio.o [1]
  .text              ro code   0x800'23b4   0x412  strto64.o [3]
  .rodata            const     0x800'27c6     0x2  xlocale_c.o [2]
  .text              ro code   0x800'27c8    0x68  DblToFlt.o [3]
  .text              ro code   0x800'2830    0x60  stm32f1xx_hal_msp.o [1]
  .text              ro code   0x800'2890    0x70  frexp.o [3]
  .text              ro code   0x800'2900   0x1a2  DblMul.o [3]
  .rodata            const     0x800'2aa2     0x2  xlocale_c.o [2]
  .text              ro code   0x800'2aa4   0x13a  ldexp.o [3]
  .rodata            const     0x800'2bde     0x1  xlocale_c.o [2]
  .text              ro code   0x800'2be0   0x246  DblDiv.o [3]
  .text              ro code   0x800'2e26   0x122  iar_Stopfx.o [2]
  .text              ro code   0x800'2f48   0x1b8  iar_Stoflt.o [2]
  .text              ro code   0x800'3100    0x22  S32ToDbl.o [3]
  .text              ro code   0x800'3124   0x17a  DblAdd.o [3]
  .text              ro code   0x800'32a0   0x208  iar_Stoxflt.o [2]
  .text              ro code   0x800'34a8    0x14  isspace.o [2]
  .text              ro code   0x800'34bc    0x14  isalpha.o [2]
  .text              ro code   0x800'34d0    0x40  xlocale_c.o [2]
  .text              ro code   0x800'3510    0xd2  DblSub.o [3]
  .text              ro code   0x800'35e4    0x58  memchr.o [4]
  .text              ro code   0x800'363c    0x78  lz77_init_single.o [4]
  .text              ro code   0x800'36b4    0x60  stm32f1xx_it.o [1]
  .text              ro code   0x800'3714    0x10  stm32f1xx_hal.o [1]
  .text              ro code   0x800'3724    0x58  system_stm32f1xx.o [1]
  .rodata            const     0x800'3780    0x48  strto64.o [3]
  .text              ro code   0x800'37c8    0x2c  iarttio.o [5]
  .text              ro code   0x800'37f4     0xc  XShttio.o [2]
  .text              ro code   0x800'3800    0x28  data_init.o [4]
  .iar.init_table    const     0x800'3828    0x20  - Linker created -
  .text              ro code   0x800'3848    0x1e  cmain.o [4]
  .text              ro code   0x800'3866     0x4  low_level_init.o [2]
  .text              ro code   0x800'386a     0x4  exit.o [2]
  .text              ro code   0x800'3870     0xa  cexit.o [4]
  .text              ro code   0x800'387c    0x14  exit.o [5]
  .rodata            const     0x800'3890    0x10  stm32f1xx_hal_rcc.o [1]
  .rodata            const     0x800'38a0    0x10  stm32f1xx_hal_rcc.o [1]
  .text              ro code   0x800'38b0    0x10  startup_stm32f103xe.o [1]
  .text              ro code   0x800'38c0     0xc  cstartup_M.o [4]
  .text              ro code   0x800'38cc     0x4  startup_stm32f103xe.o [1]
  .text              ro code   0x800'38d0     0x4  startup_stm32f103xe.o [1]
  .text              ro code   0x800'38d4     0x4  startup_stm32f103xe.o [1]
  .text              ro code   0x800'38d8     0x4  startup_stm32f103xe.o [1]
  .text              ro code   0x800'38dc     0x4  startup_stm32f103xe.o [1]
  .text              ro code   0x800'38e0     0x4  startup_stm32f103xe.o [1]
  .text              ro code   0x800'38e4     0x4  startup_stm32f103xe.o [1]
  .text              ro code   0x800'38e8     0x4  startup_stm32f103xe.o [1]
  .text              ro code   0x800'38ec     0x4  startup_stm32f103xe.o [1]
  .text              ro code   0x800'38f0     0x4  startup_stm32f103xe.o [1]
  .text              ro code   0x800'38f4     0x4  startup_stm32f103xe.o [1]
  .text              ro code   0x800'38f8     0x4  startup_stm32f103xe.o [1]
  .text              ro code   0x800'38fc     0x4  startup_stm32f103xe.o [1]
  .text              ro code   0x800'3900     0x4  startup_stm32f103xe.o [1]
  .text              ro code   0x800'3904     0x4  startup_stm32f103xe.o [1]
  .text              ro code   0x800'3908     0x4  startup_stm32f103xe.o [1]
  .text              ro code   0x800'390c     0x4  startup_stm32f103xe.o [1]
  .text              ro code   0x800'3910     0x4  startup_stm32f103xe.o [1]
  .text              ro code   0x800'3914     0x4  startup_stm32f103xe.o [1]
  .text              ro code   0x800'3918     0x4  startup_stm32f103xe.o [1]
  .text              ro code   0x800'391c     0x4  startup_stm32f103xe.o [1]
  .text              ro code   0x800'3920     0x4  startup_stm32f103xe.o [1]
  .text              ro code   0x800'3924     0x4  startup_stm32f103xe.o [1]
  .text              ro code   0x800'3928     0x4  startup_stm32f103xe.o [1]
  .text              ro code   0x800'392c     0x4  startup_stm32f103xe.o [1]
  .text              ro code   0x800'3930     0x4  startup_stm32f103xe.o [1]
  .text              ro code   0x800'3934     0x4  startup_stm32f103xe.o [1]
  .text              ro code   0x800'3938     0x4  startup_stm32f103xe.o [1]
  .text              ro code   0x800'393c     0x4  startup_stm32f103xe.o [1]
  .text              ro code   0x800'3940     0x4  startup_stm32f103xe.o [1]
  .text              ro code   0x800'3944     0x4  startup_stm32f103xe.o [1]
  .text              ro code   0x800'3948     0x4  startup_stm32f103xe.o [1]
  .text              ro code   0x800'394c     0x4  startup_stm32f103xe.o [1]
  .text              ro code   0x800'3950     0x4  startup_stm32f103xe.o [1]
  .text              ro code   0x800'3954     0x4  startup_stm32f103xe.o [1]
  .text              ro code   0x800'3958     0x4  startup_stm32f103xe.o [1]
  .text              ro code   0x800'395c     0x4  startup_stm32f103xe.o [1]
  .text              ro code   0x800'3960     0x4  startup_stm32f103xe.o [1]
  .text              ro code   0x800'3964     0x4  startup_stm32f103xe.o [1]
  .text              ro code   0x800'3968     0x4  startup_stm32f103xe.o [1]
  .text              ro code   0x800'396c     0x4  startup_stm32f103xe.o [1]
  .text              ro code   0x800'3970     0x4  startup_stm32f103xe.o [1]
  .text              ro code   0x800'3974     0x4  startup_stm32f103xe.o [1]
  .text              ro code   0x800'3978     0x4  startup_stm32f103xe.o [1]
  .text              ro code   0x800'397c     0x4  startup_stm32f103xe.o [1]
  .text              ro code   0x800'3980     0x4  startup_stm32f103xe.o [1]
  .text              ro code   0x800'3984     0x4  startup_stm32f103xe.o [1]
  .text              ro code   0x800'3988     0x4  startup_stm32f103xe.o [1]
  .text              ro code   0x800'398c     0x4  startup_stm32f103xe.o [1]
  .text              ro code   0x800'3990     0x4  startup_stm32f103xe.o [1]
  .text              ro code   0x800'3994     0x4  startup_stm32f103xe.o [1]
  .text              ro code   0x800'3998     0x4  startup_stm32f103xe.o [1]
  .text              ro code   0x800'399c     0x4  startup_stm32f103xe.o [1]
  .text              ro code   0x800'39a0     0x4  startup_stm32f103xe.o [1]
  .text              ro code   0x800'39a4     0x4  startup_stm32f103xe.o [1]
  .text              ro code   0x800'39a8     0x4  startup_stm32f103xe.o [1]
  .text              ro code   0x800'39ac     0x4  startup_stm32f103xe.o [1]
  .rodata            const     0x800'39b0     0x0  zero_init3.o [4]
  .rodata            const     0x800'39b0     0x0  lz77_init_single.o [4]
  Initializer bytes  const     0x800'39b0    0x3f  <for P2-1>
                             - 0x800'39ef  0x38bf

"P2", part 1 of 3:                           0x8d
  P2-1                        0x2000'0000    0x8d  <Init block>
    .data            inited   0x2000'0000     0x4  system_stm32f1xx.o [1]
    .data            inited   0x2000'0004    0x38  xlocale_c.o [2]
    .data            inited   0x2000'003c    0x48  xlocale_c.o [2]
    .data            inited   0x2000'0084     0x8  XShttio.o [2]
    .data            inited   0x2000'008c     0x1  bsp_ASDA_B2.o [1]
                            - 0x2000'008d    0x8d

"P2", part 2 of 3:                          0x1f0
  .bss               zero     0x2000'0090    0x40  bsp_debug_usart.o [1]
  .bss               zero     0x2000'00d0    0x40  bsp_debug_usart.o [1]
  .bss               zero     0x2000'0110    0x40  laser.o [1]
  .bss               zero     0x2000'0150    0x40  laser.o [1]
  .bss               zero     0x2000'0190    0x40  motor.o [1]
  .bss               zero     0x2000'01d0    0x38  bsp_debug_usart.o [1]
  .bss               zero     0x2000'0208    0x34  main.o [1]
  .bss               zero     0x2000'023c     0xc  laser.o [1]
  .bss               zero     0x2000'0248     0xc  laser.o [1]
  .bss               zero     0x2000'0254     0x4  laser.o [1]
  .bss               zero     0x2000'0258     0x4  laser.o [1]
  .bss               zero     0x2000'025c     0x4  laser.o [1]
  .bss               zero     0x2000'0260     0x4  laser.o [1]
  .bss               zero     0x2000'0264     0x4  laser.o [1]
  .bss               zero     0x2000'0268     0x4  laser.o [1]
  .bss               zero     0x2000'026c     0x4  main.o [1]
  .bss               zero     0x2000'0270     0x4  stm32f1xx_hal.o [1]
  .bss               zero     0x2000'0274     0x1  laser.o [1]
  .bss               zero     0x2000'0275     0x1  laser.o [1]
  .bss               zero     0x2000'0276     0x1  laser.o [1]
  .bss               zero     0x2000'0277     0x1  laser.o [1]
  .bss               zero     0x2000'0278     0x1  laser.o [1]
  .bss               zero     0x2000'0279     0x1  laser.o [1]
  .bss               zero     0x2000'027a     0x1  main.o [1]
  .bss               zero     0x2000'027b     0x1  main.o [1]
  .bss               zero     0x2000'027c     0x1  main.o [1]
  .bss               zero     0x2000'027d     0x1  main.o [1]
  .bss               zero     0x2000'027e     0x1  main.o [1]
                            - 0x2000'027f   0x1ef

"P2", part 3 of 3:                         0x1000
  CSTACK                      0x2000'0280  0x1000  <Block>
    CSTACK           uninit   0x2000'0280  0x1000  <Block tail>
                            - 0x2000'1280  0x1000

Unused ranges:

         From           To      Size
         ----           --      ----
   0x800'39ef   0x803'ffff  0x3'c611
  0x2000'008d  0x2000'008f       0x3
  0x2000'1280  0x2000'bfff    0xad80


*******************************************************************************
*** INIT TABLE
***

          Address      Size
          -------      ----
Zero (__iar_zero_init3)
    1 destination range, total size 0x1ef:
          0x2000'0090  0x1ef

Copy/lz77 (__iar_lz77_init_single3)
    1 source range, total size 0x3f (44% of destination):
           0x800'39b0   0x3f
    1 destination range, total size 0x8d:
          0x2000'0000   0x8d



*******************************************************************************
*** MODULE SUMMARY
***

    Module                  ro code  ro data  rw data
    ------                  -------  -------  -------
command line/config:
    -------------------------------------------------
    Total:

E:\Code\IAR_Projects\GetGoods\EWARM\YS-F1Pro\Obj: [1]
    bsp_ASDA_B2.o                          1        1
    bsp_debug_usart.o                             184
    laser.o                                       182
    main.o                      784                61
    motor.o                                        64
    relay.o                     264
    startup_stm32f103xe.o       548
    stm32f1xx_hal.o             124                 4
    stm32f1xx_hal_cortex.o      330
    stm32f1xx_hal_dma.o       2'364
    stm32f1xx_hal_gpio.o        672
    stm32f1xx_hal_msp.o          96
    stm32f1xx_hal_rcc.o       2'832       34
    stm32f1xx_hal_uart.o      1'288
    stm32f1xx_it.o               96
    system_stm32f1xx.o           88        1        4
    -------------------------------------------------
    Total:                    9'486       36      500

dl7M_tlf.a: [2]
    XShttio.o                    12        4        8
    exit.o                        4
    iar_Stoflt.o                440
    iar_Stopfx.o                290
    iar_Stoxflt.o               520
    isalpha.o                    20
    isspace.o                    20
    low_level_init.o              4
    xlocale_c.o                  64       62      128
    -------------------------------------------------
    Total:                    1'374       66      136

m7M_tl.a: [3]
    DblAdd.o                    378
    DblDiv.o                    582
    DblMul.o                    418
    DblSub.o                    210
    DblToFlt.o                  104
    S32ToDbl.o                   34
    frexp.o                     112
    ldexp.o                     314
    strto64.o                 1'042       72
    -------------------------------------------------
    Total:                    3'194       72

rt7M_tl.a: [4]
    ABImemcpy.o                 134
    cexit.o                      10
    cmain.o                      30
    cstartup_M.o                 12
    data_init.o                  40
    lz77_init_single.o          120
    memchr.o                     88
    zero_init3.o                 58
    -------------------------------------------------
    Total:                      492

shb_l.a: [5]
    exit.o                       20
    iarttio.o                    44
    -------------------------------------------------
    Total:                       64

    Gaps                         11        4
    Linker created                        32    4'096
-----------------------------------------------------
    Grand Total:             14'621      210    4'732


*******************************************************************************
*** ENTRY LIST
***

Entry                       Address   Size  Type      Object
-----                       -------   ----  ----      ------
.iar.init_table$$Base    0x800'3828          --   Gb  - Linker created -
.iar.init_table$$Limit   0x800'3848          --   Gb  - Linker created -
?main                    0x800'3849         Code  Gb  cmain.o [4]
BusFault_Handler         0x800'36bb    0x2  Code  Gb  stm32f1xx_it.o [1]
CSTACK$$Base            0x2000'0280          --   Gb  - Linker created -
CSTACK$$Limit           0x2000'1280          --   Gb  - Linker created -
DMA1_Channel3_IRQHandler
                         0x800'36cd    0xa  Code  Gb  stm32f1xx_it.o [1]
DebugMon_Handler         0x800'36bf    0x2  Code  Gb  stm32f1xx_it.o [1]
Dtentox                  0x800'2441  0x200  Code  Lc  strto64.o [3]
HAL_DMA_IRQHandler       0x800'0e95  0x8fc  Code  Gb  stm32f1xx_hal_dma.o [1]
HAL_Delay                0x800'0c4d   0x18  Code  Wk  stm32f1xx_hal.o [1]
HAL_GPIO_Init            0x800'2115  0x23e  Code  Gb  stm32f1xx_hal_gpio.o [1]
HAL_GPIO_WritePin        0x800'2353   0x1a  Code  Gb  stm32f1xx_hal_gpio.o [1]
HAL_GetTick              0x800'0c41    0xc  Code  Wk  stm32f1xx_hal.o [1]
HAL_IncTick              0x800'3715   0x10  Code  Wk  stm32f1xx_hal.o [1]
HAL_Init                 0x800'1fe9   0x20  Code  Gb  stm32f1xx_hal.o [1]
HAL_InitTick             0x800'0c65   0x24  Code  Wk  stm32f1xx_hal.o [1]
HAL_MspInit              0x800'2831   0x60  Code  Gb  stm32f1xx_hal_msp.o [1]
HAL_NVIC_SetPriority     0x800'0e19   0x2a  Code  Gb  stm32f1xx_hal_cortex.o [1]
HAL_NVIC_SetPriorityGrouping
                         0x800'0e0d    0xc  Code  Gb  stm32f1xx_hal_cortex.o [1]
HAL_RCC_ClockConfig      0x800'0819  0x336  Code  Gb  stm32f1xx_hal_rcc.o [1]
HAL_RCC_GetHCLKFreq      0x800'0bd9   0x26  Code  Gb  stm32f1xx_hal_rcc.o [1]
HAL_RCC_GetSysClockFreq
                         0x800'0b4f   0x8a  Code  Gb  stm32f1xx_hal_rcc.o [1]
HAL_RCC_OscConfig        0x800'0131  0x6e8  Code  Gb  stm32f1xx_hal_rcc.o [1]
HAL_SYSTICK_CLKSourceConfig
                         0x800'0e4f   0x1c  Code  Gb  stm32f1xx_hal_cortex.o [1]
HAL_SYSTICK_Config       0x800'0e43    0xc  Code  Gb  stm32f1xx_hal_cortex.o [1]
HAL_SYSTICK_IRQHandler   0x800'0e89    0x8  Code  Gb  stm32f1xx_hal_cortex.o [1]
HAL_UART_IRQHandler      0x800'1953  0x132  Code  Gb  stm32f1xx_hal_uart.o [1]
HAL_UART_Receive_IT      0x800'18cb   0x88  Code  Gb  stm32f1xx_hal_uart.o [1]
HAL_UART_RxCpltCallback
                         0x800'1d6b  0x1fa  Code  Gb  main.o [1]
HAL_UART_RxCpltCallback::i
                        0x2000'027e    0x1  Data  Lc  main.o [1]
HAL_UART_Transmit        0x800'17d1   0xfa  Code  Gb  stm32f1xx_hal_uart.o [1]
HardFault_Handler        0x800'36b7    0x2  Code  Gb  stm32f1xx_it.o [1]
MemManage_Handler        0x800'36b9    0x2  Code  Gb  stm32f1xx_it.o [1]
NMI_Handler              0x800'36b5    0x2  Code  Gb  stm32f1xx_it.o [1]
NVIC_EncodePriority      0x800'0d9d   0x40  Code  Lc  stm32f1xx_hal_cortex.o [1]
NVIC_GetPriorityGrouping
                         0x800'0d67    0xa  Code  Lc  stm32f1xx_hal_cortex.o [1]
NVIC_SetPriority         0x800'0d71   0x2c  Code  Lc  stm32f1xx_hal_cortex.o [1]
NVIC_SetPriorityGrouping
                         0x800'0d49   0x1e  Code  Lc  stm32f1xx_hal_cortex.o [1]
RELAY_Init               0x800'200d   0xcc  Code  Gb  relay.o [1]
Region$$Table$$Base      0x800'3828          --   Gb  - Linker created -
Region$$Table$$Limit     0x800'3848          --   Gb  - Linker created -
Rx_Buf                  0x2000'0208   0x34  Data  Gb  main.o [1]
SysTick_Config           0x800'0ddd   0x30  Code  Lc  stm32f1xx_hal_cortex.o [1]
SysTick_Handler          0x800'36c1    0xc  Code  Gb  stm32f1xx_it.o [1]
SystemClock_Config       0x800'1cd9   0x68  Code  Gb  main.o [1]
SystemCoreClock         0x2000'0000    0x4  Data  Gb  system_stm32f1xx.o [1]
SystemInit               0x800'3725   0x3e  Code  Gb  system_stm32f1xx.o [1]
UART4_IRQHandler         0x800'36eb    0xa  Code  Gb  stm32f1xx_it.o [1]
UART5_IRQHandler         0x800'36f5    0xa  Code  Gb  stm32f1xx_it.o [1]
UART_EndTransmit_IT      0x800'1be1   0x30  Code  Lc  stm32f1xx_hal_uart.o [1]
UART_Receive_IT          0x800'1c11   0xc4  Code  Lc  stm32f1xx_hal_uart.o [1]
UART_Transmit_IT         0x800'1b69   0x78  Code  Lc  stm32f1xx_hal_uart.o [1]
UART_WaitOnFlagUntilTimeout
                         0x800'1a85   0xe4  Code  Lc  stm32f1xx_hal_uart.o [1]
USART1_IRQHandler        0x800'36d7    0xa  Code  Gb  stm32f1xx_it.o [1]
USART2_IRQHandler        0x800'36e1    0xa  Code  Gb  stm32f1xx_it.o [1]
UsageFault_Handler       0x800'36bd    0x2  Code  Gb  stm32f1xx_it.o [1]
UsartState              0x2000'008c    0x1  Data  Gb  bsp_ASDA_B2.o [1]
_LocaleC_isalpha         0x800'34d7    0xc  Code  Gb  xlocale_c.o [2]
_LocaleC_islower         0x800'34d1    0x4  Code  Gb  xlocale_c.o [2]
_LocaleC_isspace         0x800'34ed   0x14  Code  Gb  xlocale_c.o [2]
_LocaleC_isupper         0x800'34d5    0x2  Code  Gb  xlocale_c.o [2]
_Locale_lconv           0x2000'0004   0x38  Data  Lc  xlocale_c.o [2]
__aeabi_d2f              0x800'27c9         Code  Gb  DblToFlt.o [3]
__aeabi_dadd             0x800'3125         Code  Gb  DblAdd.o [3]
__aeabi_ddiv             0x800'2be1         Code  Gb  DblDiv.o [3]
__aeabi_dmul             0x800'2901         Code  Gb  DblMul.o [3]
__aeabi_i2d              0x800'3101         Code  Gb  S32ToDbl.o [3]
__aeabi_memcpy4          0x800'0c89         Code  Gb  ABImemcpy.o [4]
__aeabi_memcpy8          0x800'0c89         Code  Gb  ABImemcpy.o [4]
__cmain                  0x800'3849         Code  Gb  cmain.o [4]
__exit                   0x800'387d   0x14  Code  Gb  exit.o [5]
__iar_Memchr             0x800'35e5         Code  Gb  memchr.o [4]
__iar_Sto64              0x800'2641  0x152  Code  Gb  strto64.o [3]
__iar_Stoflt             0x800'2f49  0x1b8  Code  Gb  iar_Stoflt.o [2]
__iar_Stopfx             0x800'2e27  0x122  Code  Gb  iar_Stopfx.o [2]
__iar_Stoxflt            0x800'32a1  0x1d2  Code  Gb  iar_Stoxflt.o [2]
__iar_Stoxflt::digits    0x800'3478   0x18  Data  Lc  iar_Stoxflt.o [2]
__iar_Stoxflt::vals      0x800'3490   0x18  Data  Lc  iar_Stoxflt.o [2]
__iar_close_ttio         0x800'37c9   0x2c  Code  Gb  iarttio.o [5]
__iar_dadd               0x800'3511         Code  Gb  DblSub.o [3]
__iar_data_init3         0x800'3801   0x28  Code  Gb  data_init.o [4]
__iar_dsub               0x800'3135         Code  Gb  DblAdd.o [3]
__iar_dsubStart          0x800'3147         Code  Gb  DblAdd.o [3]
__iar_frexp              0x800'289d         Code  Gb  frexp.o [3]
__iar_frexp64            0x800'2891         Code  Gb  frexp.o [3]
__iar_frexpl             0x800'289d         Code  Gb  frexp.o [3]
__iar_globLocale        0x2000'003c   0x48  Data  Lc  xlocale_c.o [2]
__iar_global_Locale      0x800'3501    0x4  Code  Gb  xlocale_c.o [2]
__iar_ldexp64            0x800'2aa5         Code  Gb  ldexp.o [3]
__iar_lookup_ttioh       0x800'37f5    0x4  Code  Gb  XShttio.o [2]
__iar_lz77_init_single3
                         0x800'363d   0x78  Code  Gb  lz77_init_single.o [4]
__iar_program_start      0x800'38c1         Code  Gb  cstartup_M.o [4]
__iar_scalbln64          0x800'2aa5         Code  Gb  ldexp.o [3]
__iar_scalbn64           0x800'2aa5         Code  Gb  ldexp.o [3]
__iar_ttio_handles      0x2000'0084    0x8  Data  Lc  XShttio.o [2]
__iar_zero_init3         0x800'0d0f   0x3a  Code  Gb  zero_init3.o [4]
__low_level_init         0x800'3867    0x4  Code  Gb  low_level_init.o [2]
__vector_table           0x800'0000         Data  Gb  startup_stm32f103xe.o [1]
_call_main               0x800'3855         Code  Gb  cmain.o [4]
_exit                    0x800'3871         Code  Gb  cexit.o [4]
_main                    0x800'3863         Code  Gb  cmain.o [4]
aAPBAHBPrescTable        0x800'38a0   0x10  Data  Gb  stm32f1xx_hal_rcc.o [1]
aRxBuffer_debug         0x2000'027a    0x1  Data  Gb  main.o [1]
aRxBuffer_laser1        0x2000'027b    0x1  Data  Gb  main.o [1]
aRxBuffer_laser2        0x2000'027c    0x1  Data  Gb  main.o [1]
aRxBuffer_motor         0x2000'027d    0x1  Data  Gb  main.o [1]
buf_laser1              0x2000'023c    0xc  Data  Gb  laser.o [1]
buf_laser2              0x2000'0248    0xc  Data  Gb  laser.o [1]
count_laser1            0x2000'0278    0x1  Data  Gb  laser.o [1]
count_laser2            0x2000'0279    0x1  Data  Gb  laser.o [1]
distance_laser1         0x2000'0254    0x4  Data  Gb  laser.o [1]
distance_laser2         0x2000'0258    0x4  Data  Gb  laser.o [1]
dmul                     0x800'23b5   0x8c  Code  Lc  strto64.o [3]
end                     0x2000'026c    0x4  Data  Gb  main.o [1]
exit                     0x800'386b    0x4  Code  Gb  exit.o [2]
flag1_laser1            0x2000'0274    0x1  Data  Gb  laser.o [1]
flag1_laser2            0x2000'0276    0x1  Data  Gb  laser.o [1]
flag2_laser1            0x2000'0275    0x1  Data  Gb  laser.o [1]
flag2_laser2            0x2000'0277    0x1  Data  Gb  laser.o [1]
frexp                    0x800'2891         Code  Gb  frexp.o [3]
frexpl                   0x800'2891         Code  Gb  frexp.o [3]
hdma_rs485_rx           0x2000'01d0   0x38  Data  Gb  bsp_debug_usart.o [1]
husart_debug            0x2000'0090   0x40  Data  Gb  bsp_debug_usart.o [1]
husart_laser1           0x2000'0110   0x40  Data  Gb  laser.o [1]
husart_laser2           0x2000'0150   0x40  Data  Gb  laser.o [1]
husart_motor            0x2000'0190   0x40  Data  Gb  motor.o [1]
husartx_rs485           0x2000'00d0   0x40  Data  Gb  bsp_debug_usart.o [1]
isalpha                  0x800'34bd   0x14  Code  Gb  isalpha.o [2]
isspace                  0x800'34a9   0x14  Code  Gb  isspace.o [2]
last_distance_laser1    0x2000'025c    0x4  Data  Gb  laser.o [1]
last_distance_laser2    0x2000'0260    0x4  Data  Gb  laser.o [1]
last_last_distance_laser1
                        0x2000'0264    0x4  Data  Gb  laser.o [1]
last_last_distance_laser2
                        0x2000'0268    0x4  Data  Gb  laser.o [1]
ldexp                    0x800'2aa5         Code  Gb  ldexp.o [3]
ldexpl                   0x800'2aa5         Code  Gb  ldexp.o [3]
localeconv               0x800'3505    0x4  Code  Gb  xlocale_c.o [2]
main                     0x800'1d41   0x2a  Code  Gb  main.o [1]
memchr                   0x800'35e5         Code  Gb  memchr.o [4]
pows                     0x800'3780   0x48  Data  Lc  strto64.o [3]
push_rod_back            0x800'20f3   0x1a  Code  Gb  relay.o [1]
push_rod_extend          0x800'20d9   0x1a  Code  Gb  relay.o [1]
scalbln                  0x800'2aa5         Code  Gb  ldexp.o [3]
scalblnl                 0x800'2aa5         Code  Gb  ldexp.o [3]
scalbn                   0x800'2aa5         Code  Gb  ldexp.o [3]
scalbnl                  0x800'2aa5         Code  Gb  ldexp.o [3]
strtod                   0x800'27c1    0x6  Code  Gb  strto64.o [3]
strtold                  0x800'27c1    0x6  Code  Gb  strto64.o [3]
uwTick                  0x2000'0270    0x4  Data  Lc  stm32f1xx_hal.o [1]


[1] = E:\Code\IAR_Projects\GetGoods\EWARM\YS-F1Pro\Obj
[2] = dl7M_tlf.a
[3] = m7M_tl.a
[4] = rt7M_tl.a
[5] = shb_l.a

  14'621 bytes of readonly  code memory
     210 bytes of readonly  data memory
   4'732 bytes of readwrite data memory

Errors: none
Warnings: none
