###############################################################################
#
# IAR ELF Linker V8.40.2.214/W32 for ARM                  18/Nov/2019  11:22:20
# Copyright 2007-2019 IAR Systems AB.
#
#    Output file  =
#        E:\Code\IAR_Projects\GetGoods\EWARM\YS-F1Pro\Exe\YS-F1Pro.out
#    Map file     =
#        E:\Code\IAR_Projects\GetGoods\EWARM\YS-F1Pro\List\YS-F1Pro.map
#    Command line =
#        -f C:\Users\15538\AppData\Local\Temp\EW9628.tmp
#        (E:\Code\IAR_Projects\GetGoods\EWARM\YS-F1Pro\Obj\bsp_ASDA_B2.o
#        E:\Code\IAR_Projects\GetGoods\EWARM\YS-F1Pro\Obj\bsp_debug_usart.o
#        E:\Code\IAR_Projects\GetGoods\EWARM\YS-F1Pro\Obj\laser.o
#        E:\Code\IAR_Projects\GetGoods\EWARM\YS-F1Pro\Obj\main.o
#        E:\Code\IAR_Projects\GetGoods\EWARM\YS-F1Pro\Obj\motor.o
#        E:\Code\IAR_Projects\GetGoods\EWARM\YS-F1Pro\Obj\relay.o
#        E:\Code\IAR_Projects\GetGoods\EWARM\YS-F1Pro\Obj\startup_stm32f103xe.o
#        E:\Code\IAR_Projects\GetGoods\EWARM\YS-F1Pro\Obj\stm32f1xx_assert.o
#        E:\Code\IAR_Projects\GetGoods\EWARM\YS-F1Pro\Obj\stm32f1xx_hal.o
#        E:\Code\IAR_Projects\GetGoods\EWARM\YS-F1Pro\Obj\stm32f1xx_hal_adc.o
#        E:\Code\IAR_Projects\GetGoods\EWARM\YS-F1Pro\Obj\stm32f1xx_hal_adc_ex.o
#        E:\Code\IAR_Projects\GetGoods\EWARM\YS-F1Pro\Obj\stm32f1xx_hal_can.o
#        E:\Code\IAR_Projects\GetGoods\EWARM\YS-F1Pro\Obj\stm32f1xx_hal_cec.o
#        E:\Code\IAR_Projects\GetGoods\EWARM\YS-F1Pro\Obj\stm32f1xx_hal_cortex.o
#        E:\Code\IAR_Projects\GetGoods\EWARM\YS-F1Pro\Obj\stm32f1xx_hal_crc.o
#        E:\Code\IAR_Projects\GetGoods\EWARM\YS-F1Pro\Obj\stm32f1xx_hal_dac.o
#        E:\Code\IAR_Projects\GetGoods\EWARM\YS-F1Pro\Obj\stm32f1xx_hal_dac_ex.o
#        E:\Code\IAR_Projects\GetGoods\EWARM\YS-F1Pro\Obj\stm32f1xx_hal_dma.o
#        E:\Code\IAR_Projects\GetGoods\EWARM\YS-F1Pro\Obj\stm32f1xx_hal_eth.o
#        E:\Code\IAR_Projects\GetGoods\EWARM\YS-F1Pro\Obj\stm32f1xx_hal_flash.o
#        E:\Code\IAR_Projects\GetGoods\EWARM\YS-F1Pro\Obj\stm32f1xx_hal_flash_ex.o
#        E:\Code\IAR_Projects\GetGoods\EWARM\YS-F1Pro\Obj\stm32f1xx_hal_gpio.o
#        E:\Code\IAR_Projects\GetGoods\EWARM\YS-F1Pro\Obj\stm32f1xx_hal_gpio_ex.o
#        E:\Code\IAR_Projects\GetGoods\EWARM\YS-F1Pro\Obj\stm32f1xx_hal_hcd.o
#        E:\Code\IAR_Projects\GetGoods\EWARM\YS-F1Pro\Obj\stm32f1xx_hal_i2c.o
#        E:\Code\IAR_Projects\GetGoods\EWARM\YS-F1Pro\Obj\stm32f1xx_hal_i2s.o
#        E:\Code\IAR_Projects\GetGoods\EWARM\YS-F1Pro\Obj\stm32f1xx_hal_irda.o
#        E:\Code\IAR_Projects\GetGoods\EWARM\YS-F1Pro\Obj\stm32f1xx_hal_iwdg.o
#        E:\Code\IAR_Projects\GetGoods\EWARM\YS-F1Pro\Obj\stm32f1xx_hal_msp.o
#        E:\Code\IAR_Projects\GetGoods\EWARM\YS-F1Pro\Obj\stm32f1xx_hal_nand.o
#        E:\Code\IAR_Projects\GetGoods\EWARM\YS-F1Pro\Obj\stm32f1xx_hal_nor.o
#        E:\Code\IAR_Projects\GetGoods\EWARM\YS-F1Pro\Obj\stm32f1xx_hal_pccard.o
#        E:\Code\IAR_Projects\GetGoods\EWARM\YS-F1Pro\Obj\stm32f1xx_hal_pcd.o
#        E:\Code\IAR_Projects\GetGoods\EWARM\YS-F1Pro\Obj\stm32f1xx_hal_pcd_ex.o
#        E:\Code\IAR_Projects\GetGoods\EWARM\YS-F1Pro\Obj\stm32f1xx_hal_pwr.o
#        E:\Code\IAR_Projects\GetGoods\EWARM\YS-F1Pro\Obj\stm32f1xx_hal_rcc.o
#        E:\Code\IAR_Projects\GetGoods\EWARM\YS-F1Pro\Obj\stm32f1xx_hal_rcc_ex.o
#        E:\Code\IAR_Projects\GetGoods\EWARM\YS-F1Pro\Obj\stm32f1xx_hal_rtc.o
#        E:\Code\IAR_Projects\GetGoods\EWARM\YS-F1Pro\Obj\stm32f1xx_hal_rtc_ex.o
#        E:\Code\IAR_Projects\GetGoods\EWARM\YS-F1Pro\Obj\stm32f1xx_hal_sd.o
#        E:\Code\IAR_Projects\GetGoods\EWARM\YS-F1Pro\Obj\stm32f1xx_hal_smartcard.o
#        E:\Code\IAR_Projects\GetGoods\EWARM\YS-F1Pro\Obj\stm32f1xx_hal_spi.o
#        E:\Code\IAR_Projects\GetGoods\EWARM\YS-F1Pro\Obj\stm32f1xx_hal_spi_ex.o
#        E:\Code\IAR_Projects\GetGoods\EWARM\YS-F1Pro\Obj\stm32f1xx_hal_sram.o
#        E:\Code\IAR_Projects\GetGoods\EWARM\YS-F1Pro\Obj\stm32f1xx_hal_tim.o
#        E:\Code\IAR_Projects\GetGoods\EWARM\YS-F1Pro\Obj\stm32f1xx_hal_tim_ex.o
#        E:\Code\IAR_Projects\GetGoods\EWARM\YS-F1Pro\Obj\stm32f1xx_hal_uart.o
#        E:\Code\IAR_Projects\GetGoods\EWARM\YS-F1Pro\Obj\stm32f1xx_hal_usart.o
#        E:\Code\IAR_Projects\GetGoods\EWARM\YS-F1Pro\Obj\stm32f1xx_hal_wwdg.o
#        E:\Code\IAR_Projects\GetGoods\EWARM\YS-F1Pro\Obj\stm32f1xx_it.o
#        E:\Code\IAR_Projects\GetGoods\EWARM\YS-F1Pro\Obj\stm32f1xx_ll_fsmc.o
#        E:\Code\IAR_Projects\GetGoods\EWARM\YS-F1Pro\Obj\stm32f1xx_ll_sdmmc.o
#        E:\Code\IAR_Projects\GetGoods\EWARM\YS-F1Pro\Obj\stm32f1xx_ll_usb.o
#        E:\Code\IAR_Projects\GetGoods\EWARM\YS-F1Pro\Obj\system_stm32f1xx.o
#        --redirect _Printf=_PrintfFullNoMb --redirect _Scanf=_ScanfFullNoMb
#        --no_out_extension -o
#        E:\Code\IAR_Projects\GetGoods\EWARM\YS-F1Pro\Exe\YS-F1Pro.out --map
#        E:\Code\IAR_Projects\GetGoods\EWARM\YS-F1Pro\List\YS-F1Pro.map
#        --config D:\IAR\arm\config\linker\ST\stm32f103xC.icf --semihosting
#        --entry __iar_program_start --vfe --text_out locale)
#
###############################################################################

*******************************************************************************
*** RUNTIME MODEL ATTRIBUTES
***

CppFlavor       = *
__Heap_Handler  = Basic
__SystemLibrary = DLib
__dlib_version  = 6


*******************************************************************************
*** HEAP SELECTION
***

The basic heap was selected because no calls to memory allocation
functions were found in the application outside of system library
functions, and there are calls to deallocation functions in the
application.


*******************************************************************************
*** PLACEMENT SUMMARY
***

"A0":  place at address 0x800'0000 { ro section .intvec };
"P1":  place in [from 0x800'0000 to 0x803'ffff] { ro };
define block CSTACK with size = 4K, alignment = 8 { };
define block HEAP with size = 4K, alignment = 8 { };
"P2":  place in [from 0x2000'0000 to 0x2000'bfff] {
          rw, block CSTACK, block HEAP };
initialize by copy { rw };

  Section            Kind         Address    Size  Object
  -------            ----         -------    ----  ------
"A0":                                       0x130
  .intvec            ro code   0x800'0000   0x130  startup_stm32f103xe.o [1]
                             - 0x800'0130   0x130

"P1":                                      0x553b
  .text              ro code   0x800'0130   0xfc6  xprintffull_nomb.o [2]
  .text              ro code   0x800'10f6    0x3a  zero_init3.o [4]
  .text              ro code   0x800'1130    0x16  strchr.o [4]
  .text              ro code   0x800'1146     0xa  xsprout.o [2]
  .text              ro code   0x800'1150    0x40  xfail_s.o [2]
  .text              ro code   0x800'1190    0x36  strlen.o [4]
  .rodata            const     0x800'11c6     0x2  stm32f1xx_hal_rcc.o [1]
  .text              ro code   0x800'11c8    0x58  memchr.o [4]
  .text              ro code   0x800'1220    0xa6  ABImemcpy.o [4]
  .rodata            const     0x800'12c6     0x2  xlocale_c.o [2]
  .text              ro code   0x800'12c8    0x70  frexp.o [3]
  .text              ro code   0x800'1338    0x2e  DblCmpLe.o [3]
  .rodata            const     0x800'1366     0x2  xlocale_c.o [2]
  .text              ro code   0x800'1368    0x2e  DblCmpGe.o [3]
  .rodata            const     0x800'1396     0x1  xlocale_c.o [2]
  .text              ro code   0x800'1398   0x13a  ldexp.o [3]
  .text              ro code   0x800'14d4    0x3a  DblToS32.o [3]
  .text              ro code   0x800'1510    0x22  S32ToDbl.o [3]
  .text              ro code   0x800'1534    0xe2  DblSub.o [3]
  .text              ro code   0x800'1618   0x246  DblDiv.o [3]
  .text              ro code   0x800'1860    0x28  DblToU32.o [3]
  .text              ro code   0x800'1888    0x1a  U32ToDbl.o [3]
  .text              ro code   0x800'18a4   0x1a2  DblMul.o [3]
  .text              ro code   0x800'1a48    0x40  xlocale_c.o [2]
  .text              ro code   0x800'1a88   0x230  I64DivMod.o [4]
  .text              ro code   0x800'1cb8     0x6  abort.o [2]
  .text              ro code   0x800'1cc0   0x17a  DblAdd.o [3]
  .text              ro code   0x800'1e3c     0x2  I64DivZer.o [4]
  .text              ro code   0x800'1e40    0x14  exit.o [5]
  .text              ro code   0x800'1e54    0x2c  iarttio.o [5]
  .text              ro code   0x800'1e80     0xc  XShttio.o [2]
  .text              ro code   0x800'1e8c   0xb50  stm32f1xx_hal_rcc.o [1]
  .text              ro code   0x800'29dc     0xc  stm32f1xx_hal.o [1]
  .text              ro code   0x800'29e8    0x18  stm32f1xx_hal.o [1]
  .text              ro code   0x800'2a00    0x24  stm32f1xx_hal.o [1]
  .text              ro code   0x800'2a24   0x172  stm32f1xx_hal_cortex.o [1]
  .text              ro code   0x800'2b98   0x998  stm32f1xx_hal_dma.o [1]
  .text              ro code   0x800'3530   0x784  stm32f1xx_hal_uart.o [1]
  .text              ro code   0x800'3cb4   0x26c  bsp_debug_usart.o [1]
  .text              ro code   0x800'3f20     0x2  stm32f1xx_hal_uart.o [1]
  .text              ro code   0x800'3f22     0x2  stm32f1xx_hal_uart.o [1]
  .text              ro code   0x800'3f24   0x348  main.o [1]
  .text              ro code   0x800'426c   0x288  stm32f1xx_hal_gpio.o [1]
  .text              ro code   0x800'44f4    0x24  stm32f1xx_hal.o [1]
  .text              ro code   0x800'4518   0x2ac  laser.o [1]
  .text              ro code   0x800'47c4    0x48  FltToDbl.o [3]
  .text              ro code   0x800'480c    0x40  sprintf.o [2]
  .text              ro code   0x800'484c   0x412  strto64.o [3]
  .text              ro code   0x800'4c60    0x68  DblToFlt.o [3]
  .text              ro code   0x800'4cc8    0x60  stm32f1xx_hal_msp.o [1]
  .text              ro code   0x800'4d28    0x66  ABImemset.o [4]
  .text              ro code   0x800'4d8e    0x2c  strstr.o [2]
  .text              ro code   0x800'4dba   0x122  iar_Stopfx.o [2]
  .text              ro code   0x800'4edc   0x1b8  iar_Stoflt.o [2]
  .text              ro code   0x800'5094   0x208  iar_Stoxflt.o [2]
  .text              ro code   0x800'529c    0x14  isspace.o [2]
  .text              ro code   0x800'52b0    0x14  isalpha.o [2]
  .text              ro code   0x800'52c4    0x78  lz77_init_single.o [4]
  .text              ro code   0x800'533c    0x60  stm32f1xx_it.o [1]
  .text              ro code   0x800'539c    0x10  stm32f1xx_hal.o [1]
  .text              ro code   0x800'53ac    0x58  system_stm32f1xx.o [1]
  .rodata            const     0x800'5404    0x14  laser.o [1]
  .rodata            const     0x800'5418    0x48  strto64.o [3]
  .text              ro code   0x800'5460    0x28  data_init.o [4]
  .iar.init_table    const     0x800'5488    0x20  - Linker created -
  .text              ro code   0x800'54a8    0x1e  cmain.o [4]
  .text              ro code   0x800'54c6     0x4  low_level_init.o [2]
  .text              ro code   0x800'54ca     0x4  exit.o [2]
  .text              ro code   0x800'54d0     0xa  cexit.o [4]
  .rodata            const     0x800'54dc    0x10  stm32f1xx_hal_rcc.o [1]
  .rodata            const     0x800'54ec    0x10  stm32f1xx_hal_rcc.o [1]
  .text              ro code   0x800'54fc    0x10  startup_stm32f103xe.o [1]
  .rodata            const     0x800'550c     0xc  laser.o [1]
  .rodata            const     0x800'5518     0xc  main.o [1]
  .text              ro code   0x800'5524     0xc  cstartup_M.o [4]
  .rodata            const     0x800'5530     0x8  laser.o [1]
  .rodata            const     0x800'5538     0x8  main.o [1]
  .rodata            const     0x800'5540     0x8  xprintffull_nomb.o [2]
  .text              ro code   0x800'5548     0x4  startup_stm32f103xe.o [1]
  .text              ro code   0x800'554c     0x4  startup_stm32f103xe.o [1]
  .text              ro code   0x800'5550     0x4  startup_stm32f103xe.o [1]
  .text              ro code   0x800'5554     0x4  startup_stm32f103xe.o [1]
  .text              ro code   0x800'5558     0x4  startup_stm32f103xe.o [1]
  .text              ro code   0x800'555c     0x4  startup_stm32f103xe.o [1]
  .text              ro code   0x800'5560     0x4  startup_stm32f103xe.o [1]
  .text              ro code   0x800'5564     0x4  startup_stm32f103xe.o [1]
  .text              ro code   0x800'5568     0x4  startup_stm32f103xe.o [1]
  .text              ro code   0x800'556c     0x4  startup_stm32f103xe.o [1]
  .text              ro code   0x800'5570     0x4  startup_stm32f103xe.o [1]
  .text              ro code   0x800'5574     0x4  startup_stm32f103xe.o [1]
  .text              ro code   0x800'5578     0x4  startup_stm32f103xe.o [1]
  .text              ro code   0x800'557c     0x4  startup_stm32f103xe.o [1]
  .text              ro code   0x800'5580     0x4  startup_stm32f103xe.o [1]
  .text              ro code   0x800'5584     0x4  startup_stm32f103xe.o [1]
  .text              ro code   0x800'5588     0x4  startup_stm32f103xe.o [1]
  .text              ro code   0x800'558c     0x4  startup_stm32f103xe.o [1]
  .text              ro code   0x800'5590     0x4  startup_stm32f103xe.o [1]
  .text              ro code   0x800'5594     0x4  startup_stm32f103xe.o [1]
  .text              ro code   0x800'5598     0x4  startup_stm32f103xe.o [1]
  .text              ro code   0x800'559c     0x4  startup_stm32f103xe.o [1]
  .text              ro code   0x800'55a0     0x4  startup_stm32f103xe.o [1]
  .text              ro code   0x800'55a4     0x4  startup_stm32f103xe.o [1]
  .text              ro code   0x800'55a8     0x4  startup_stm32f103xe.o [1]
  .text              ro code   0x800'55ac     0x4  startup_stm32f103xe.o [1]
  .text              ro code   0x800'55b0     0x4  startup_stm32f103xe.o [1]
  .text              ro code   0x800'55b4     0x4  startup_stm32f103xe.o [1]
  .text              ro code   0x800'55b8     0x4  startup_stm32f103xe.o [1]
  .text              ro code   0x800'55bc     0x4  startup_stm32f103xe.o [1]
  .text              ro code   0x800'55c0     0x4  startup_stm32f103xe.o [1]
  .text              ro code   0x800'55c4     0x4  startup_stm32f103xe.o [1]
  .text              ro code   0x800'55c8     0x4  startup_stm32f103xe.o [1]
  .text              ro code   0x800'55cc     0x4  startup_stm32f103xe.o [1]
  .text              ro code   0x800'55d0     0x4  startup_stm32f103xe.o [1]
  .text              ro code   0x800'55d4     0x4  startup_stm32f103xe.o [1]
  .text              ro code   0x800'55d8     0x4  startup_stm32f103xe.o [1]
  .text              ro code   0x800'55dc     0x4  startup_stm32f103xe.o [1]
  .text              ro code   0x800'55e0     0x4  startup_stm32f103xe.o [1]
  .text              ro code   0x800'55e4     0x4  startup_stm32f103xe.o [1]
  .text              ro code   0x800'55e8     0x4  startup_stm32f103xe.o [1]
  .text              ro code   0x800'55ec     0x4  startup_stm32f103xe.o [1]
  .text              ro code   0x800'55f0     0x4  startup_stm32f103xe.o [1]
  .text              ro code   0x800'55f4     0x4  startup_stm32f103xe.o [1]
  .text              ro code   0x800'55f8     0x4  startup_stm32f103xe.o [1]
  .text              ro code   0x800'55fc     0x4  startup_stm32f103xe.o [1]
  .text              ro code   0x800'5600     0x4  startup_stm32f103xe.o [1]
  .text              ro code   0x800'5604     0x4  startup_stm32f103xe.o [1]
  .text              ro code   0x800'5608     0x4  startup_stm32f103xe.o [1]
  .text              ro code   0x800'560c     0x4  startup_stm32f103xe.o [1]
  .text              ro code   0x800'5610     0x4  startup_stm32f103xe.o [1]
  .text              ro code   0x800'5614     0x4  startup_stm32f103xe.o [1]
  .text              ro code   0x800'5618     0x4  startup_stm32f103xe.o [1]
  .text              ro code   0x800'561c     0x4  startup_stm32f103xe.o [1]
  .text              ro code   0x800'5620     0x4  startup_stm32f103xe.o [1]
  .text              ro code   0x800'5624     0x4  startup_stm32f103xe.o [1]
  .text              ro code   0x800'5628     0x4  startup_stm32f103xe.o [1]
  .rodata            const     0x800'562c     0x0  zero_init3.o [4]
  .rodata            const     0x800'562c     0x0  lz77_init_single.o [4]
  Initializer bytes  const     0x800'562c    0x3f  <for P2-1>
                             - 0x800'566b  0x553b

"P2", part 1 of 3:                           0x8d
  P2-1                        0x2000'0000    0x8d  <Init block>
    .data            inited   0x2000'0000     0x4  system_stm32f1xx.o [1]
    .data            inited   0x2000'0004    0x38  xlocale_c.o [2]
    .data            inited   0x2000'003c    0x48  xlocale_c.o [2]
    .data            inited   0x2000'0084     0x8  XShttio.o [2]
    .data            inited   0x2000'008c     0x1  bsp_ASDA_B2.o [1]
                            - 0x2000'008d    0x8d

"P2", part 2 of 3:                          0x1f0
  .bss               zero     0x2000'0090    0x40  bsp_debug_usart.o [1]
  .bss               zero     0x2000'00d0    0x40  bsp_debug_usart.o [1]
  .bss               zero     0x2000'0110    0x40  laser.o [1]
  .bss               zero     0x2000'0150    0x40  laser.o [1]
  .bss               zero     0x2000'0190    0x40  motor.o [1]
  .bss               zero     0x2000'01d0    0x38  bsp_debug_usart.o [1]
  .bss               zero     0x2000'0208    0x34  main.o [1]
  .bss               zero     0x2000'023c     0xc  laser.o [1]
  .bss               zero     0x2000'0248     0xc  laser.o [1]
  .bss               zero     0x2000'0254     0xc  main.o [1]
  .bss               zero     0x2000'0260     0x4  laser.o [1]
  .bss               zero     0x2000'0264     0x4  laser.o [1]
  .bss               zero     0x2000'0268     0x4  main.o [1]
  .bss               zero     0x2000'026c     0x4  stm32f1xx_hal.o [1]
  .bss               zero     0x2000'0270     0x4  xfail_s.o [2]
  .bss               zero     0x2000'0274     0x1  laser.o [1]
  .bss               zero     0x2000'0275     0x1  laser.o [1]
  .bss               zero     0x2000'0276     0x1  laser.o [1]
  .bss               zero     0x2000'0277     0x1  laser.o [1]
  .bss               zero     0x2000'0278     0x1  laser.o [1]
  .bss               zero     0x2000'0279     0x1  laser.o [1]
  .bss               zero     0x2000'027a     0x1  main.o [1]
  .bss               zero     0x2000'027b     0x1  main.o [1]
  .bss               zero     0x2000'027c     0x1  main.o [1]
  .bss               zero     0x2000'027d     0x1  main.o [1]
  .bss               zero     0x2000'027e     0x1  main.o [1]
                            - 0x2000'027f   0x1ef

"P2", part 3 of 3:                         0x1000
  CSTACK                      0x2000'0280  0x1000  <Block>
    CSTACK           uninit   0x2000'0280  0x1000  <Block tail>
                            - 0x2000'1280  0x1000

Unused ranges:

         From           To      Size
         ----           --      ----
   0x800'566b   0x803'ffff  0x3'a995
  0x2000'008d  0x2000'008f       0x3
  0x2000'1280  0x2000'bfff    0xad80


*******************************************************************************
*** INIT TABLE
***

          Address      Size
          -------      ----
Zero (__iar_zero_init3)
    1 destination range, total size 0x1ef:
          0x2000'0090  0x1ef

Copy/lz77 (__iar_lz77_init_single3)
    1 source range, total size 0x3f (44% of destination):
           0x800'562c   0x3f
    1 destination range, total size 0x8d:
          0x2000'0000   0x8d



*******************************************************************************
*** MODULE SUMMARY
***

    Module                  ro code  ro data  rw data
    ------                  -------  -------  -------
command line/config:
    -------------------------------------------------
    Total:

E:\Code\IAR_Projects\GetGoods\EWARM\YS-F1Pro\Obj: [1]
    bsp_ASDA_B2.o                          1        1
    bsp_debug_usart.o           620               184
    laser.o                     684       40      166
    main.o                      840       20       73
    motor.o                                        64
    startup_stm32f103xe.o       548
    stm32f1xx_hal.o             124                 4
    stm32f1xx_hal_cortex.o      370
    stm32f1xx_hal_dma.o       2'456
    stm32f1xx_hal_gpio.o        648
    stm32f1xx_hal_msp.o          96
    stm32f1xx_hal_rcc.o       2'896       34
    stm32f1xx_hal_uart.o      1'928
    stm32f1xx_it.o               96
    system_stm32f1xx.o           88        1        4
    -------------------------------------------------
    Total:                   11'394       96      496

dl7M_tlf.a: [2]
    XShttio.o                    12        4        8
    abort.o                       6
    exit.o                        4
    iar_Stoflt.o                440
    iar_Stopfx.o                290
    iar_Stoxflt.o               520
    isalpha.o                    20
    isspace.o                    20
    low_level_init.o              4
    sprintf.o                    64
    strstr.o                     44
    xfail_s.o                    64                 4
    xlocale_c.o                  64       62      128
    xprintffull_nomb.o        4'038        8
    xsprout.o                    10
    -------------------------------------------------
    Total:                    5'600       74      140

m7M_tl.a: [3]
    DblAdd.o                    378
    DblCmpGe.o                   46
    DblCmpLe.o                   46
    DblDiv.o                    582
    DblMul.o                    418
    DblSub.o                    226
    DblToFlt.o                  104
    DblToS32.o                   58
    DblToU32.o                   40
    FltToDbl.o                   72
    S32ToDbl.o                   34
    U32ToDbl.o                   26
    frexp.o                     112
    ldexp.o                     314
    strto64.o                 1'042       72
    -------------------------------------------------
    Total:                    3'498       72

rt7M_tl.a: [4]
    ABImemcpy.o                 166
    ABImemset.o                 102
    I64DivMod.o                 560
    I64DivZer.o                   2
    cexit.o                      10
    cmain.o                      30
    cstartup_M.o                 12
    data_init.o                  40
    lz77_init_single.o          120
    memchr.o                     88
    strchr.o                     22
    strlen.o                     54
    zero_init3.o                 58
    -------------------------------------------------
    Total:                    1'264

shb_l.a: [5]
    exit.o                       20
    iarttio.o                    44
    -------------------------------------------------
    Total:                       64

    Gaps                         27        2
    Linker created                        32    4'096
-----------------------------------------------------
    Grand Total:             21'847      276    4'732


*******************************************************************************
*** ENTRY LIST
***

Entry                       Address   Size  Type      Object
-----                       -------   ----  ----      ------
.iar.init_table$$Base    0x800'5488          --   Gb  - Linker created -
.iar.init_table$$Limit   0x800'54a8          --   Gb  - Linker created -
?main                    0x800'54a9         Code  Gb  cmain.o [4]
BusFault_Handler         0x800'5343    0x2  Code  Gb  stm32f1xx_it.o [1]
CSTACK$$Base            0x2000'0280          --   Gb  - Linker created -
CSTACK$$Limit           0x2000'1280          --   Gb  - Linker created -
DMA1_Channel3_IRQHandler
                         0x800'5355    0xa  Code  Gb  stm32f1xx_it.o [1]
DebugMon_Handler         0x800'5347    0x2  Code  Gb  stm32f1xx_it.o [1]
Dtentox                  0x800'48d9  0x200  Code  Lc  strto64.o [3]
HAL_DMA_IRQHandler       0x800'2bf3  0x8fc  Code  Gb  stm32f1xx_hal_dma.o [1]
HAL_DMA_Init             0x800'2b99   0x5a  Code  Gb  stm32f1xx_hal_dma.o [1]
HAL_Delay                0x800'29e9   0x18  Code  Wk  stm32f1xx_hal.o [1]
HAL_GPIO_Init            0x800'426d  0x23e  Code  Gb  stm32f1xx_hal_gpio.o [1]
HAL_GetTick              0x800'29dd    0xc  Code  Wk  stm32f1xx_hal.o [1]
HAL_IncTick              0x800'539d   0x10  Code  Wk  stm32f1xx_hal.o [1]
HAL_Init                 0x800'44f5   0x20  Code  Gb  stm32f1xx_hal.o [1]
HAL_InitTick             0x800'2a01   0x24  Code  Wk  stm32f1xx_hal.o [1]
HAL_MspInit              0x800'4cc9   0x60  Code  Gb  stm32f1xx_hal_msp.o [1]
HAL_NVIC_EnableIRQ       0x800'2b35    0xe  Code  Gb  stm32f1xx_hal_cortex.o [1]
HAL_NVIC_SetPriority     0x800'2b0b   0x2a  Code  Gb  stm32f1xx_hal_cortex.o [1]
HAL_NVIC_SetPriorityGrouping
                         0x800'2aff    0xc  Code  Gb  stm32f1xx_hal_cortex.o [1]
HAL_RCC_ClockConfig      0x800'2575  0x336  Code  Gb  stm32f1xx_hal_rcc.o [1]
HAL_RCC_GetHCLKFreq      0x800'2935   0x26  Code  Gb  stm32f1xx_hal_rcc.o [1]
HAL_RCC_GetPCLK1Freq     0x800'295b   0x20  Code  Gb  stm32f1xx_hal_rcc.o [1]
HAL_RCC_GetPCLK2Freq     0x800'297b   0x20  Code  Gb  stm32f1xx_hal_rcc.o [1]
HAL_RCC_GetSysClockFreq
                         0x800'28ab   0x8a  Code  Gb  stm32f1xx_hal_rcc.o [1]
HAL_RCC_OscConfig        0x800'1e8d  0x6e8  Code  Gb  stm32f1xx_hal_rcc.o [1]
HAL_SYSTICK_CLKSourceConfig
                         0x800'2b4f   0x1c  Code  Gb  stm32f1xx_hal_cortex.o [1]
HAL_SYSTICK_Config       0x800'2b43    0xc  Code  Gb  stm32f1xx_hal_cortex.o [1]
HAL_SYSTICK_IRQHandler   0x800'2b8d    0x8  Code  Gb  stm32f1xx_hal_cortex.o [1]
HAL_UART_IRQHandler      0x800'3829  0x132  Code  Gb  stm32f1xx_hal_uart.o [1]
HAL_UART_Init            0x800'3531   0x70  Code  Gb  stm32f1xx_hal_uart.o [1]
HAL_UART_MspInit         0x800'3cb5  0x1de  Code  Gb  bsp_debug_usart.o [1]
HAL_UART_Receive         0x800'369b  0x106  Code  Gb  stm32f1xx_hal_uart.o [1]
HAL_UART_Receive_IT      0x800'37a1   0x88  Code  Gb  stm32f1xx_hal_uart.o [1]
HAL_UART_RxCpltCallback
                         0x800'400d  0x1e0  Code  Gb  main.o [1]
HAL_UART_RxCpltCallback::i
                        0x2000'027e    0x1  Data  Lc  main.o [1]
HAL_UART_Transmit        0x800'35a1   0xfa  Code  Gb  stm32f1xx_hal_uart.o [1]
HardFault_Handler        0x800'533f    0x2  Code  Gb  stm32f1xx_it.o [1]
LASER_Init               0x800'4519   0xa4  Code  Gb  laser.o [1]
MX_DEBUG_USART_Init      0x800'3e93   0x52  Code  Gb  bsp_debug_usart.o [1]
MemManage_Handler        0x800'5341    0x2  Code  Gb  stm32f1xx_it.o [1]
NMI_Handler              0x800'533d    0x2  Code  Gb  stm32f1xx_it.o [1]
NVIC_EnableIRQ           0x800'2a4d   0x16  Code  Lc  stm32f1xx_hal_cortex.o [1]
NVIC_EncodePriority      0x800'2a8f   0x40  Code  Lc  stm32f1xx_hal_cortex.o [1]
NVIC_GetPriorityGrouping
                         0x800'2a43    0xa  Code  Lc  stm32f1xx_hal_cortex.o [1]
NVIC_SetPriority         0x800'2a63   0x2c  Code  Lc  stm32f1xx_hal_cortex.o [1]
NVIC_SetPriorityGrouping
                         0x800'2a25   0x1e  Code  Lc  stm32f1xx_hal_cortex.o [1]
Region$$Table$$Base      0x800'5488          --   Gb  - Linker created -
Region$$Table$$Limit     0x800'54a8          --   Gb  - Linker created -
Rx_Buf                  0x2000'0208   0x34  Data  Gb  main.o [1]
SysTick_Config           0x800'2acf   0x30  Code  Lc  stm32f1xx_hal_cortex.o [1]
SysTick_Handler          0x800'5349    0xc  Code  Gb  stm32f1xx_it.o [1]
SystemClock_Config       0x800'3f25   0x68  Code  Gb  main.o [1]
SystemCoreClock         0x2000'0000    0x4  Data  Gb  system_stm32f1xx.o [1]
SystemInit               0x800'53ad   0x3e  Code  Gb  system_stm32f1xx.o [1]
UART4_IRQHandler         0x800'5373    0xa  Code  Gb  stm32f1xx_it.o [1]
UART5_IRQHandler         0x800'537d    0xa  Code  Gb  stm32f1xx_it.o [1]
UART_EndTransmit_IT      0x800'3ab7   0x30  Code  Lc  stm32f1xx_hal_uart.o [1]
UART_Receive_IT          0x800'3ae7   0xc4  Code  Lc  stm32f1xx_hal_uart.o [1]
UART_SetConfig           0x800'3bab   0xfe  Code  Lc  stm32f1xx_hal_uart.o [1]
UART_Transmit_IT         0x800'3a3f   0x78  Code  Lc  stm32f1xx_hal_uart.o [1]
UART_WaitOnFlagUntilTimeout
                         0x800'395b   0xe4  Code  Lc  stm32f1xx_hal_uart.o [1]
USART1_IRQHandler        0x800'535f    0xa  Code  Gb  stm32f1xx_it.o [1]
USART2_IRQHandler        0x800'5369    0xa  Code  Gb  stm32f1xx_it.o [1]
UsageFault_Handler       0x800'5345    0x2  Code  Gb  stm32f1xx_it.o [1]
UsartState              0x2000'008c    0x1  Data  Gb  bsp_ASDA_B2.o [1]
_LitobFullNoMb           0x800'0ef1  0x10a  Code  Lc  xprintffull_nomb.o [2]
_LocaleC_isalpha         0x800'1a4f    0xc  Code  Gb  xlocale_c.o [2]
_LocaleC_islower         0x800'1a49    0x4  Code  Gb  xlocale_c.o [2]
_LocaleC_isspace         0x800'1a65   0x14  Code  Gb  xlocale_c.o [2]
_LocaleC_isupper         0x800'1a4d    0x2  Code  Gb  xlocale_c.o [2]
_Locale_lconv           0x2000'0004   0x38  Data  Lc  xlocale_c.o [2]
_PrintfFullNoMb          0x800'0131  0xd9c  Code  Gb  xprintffull_nomb.o [2]
_PutcharFullNoMb         0x800'1061   0x20  Code  Lc  xprintffull_nomb.o [2]
_PutcharsFullNoMb        0x800'1081   0x2e  Code  Lc  xprintffull_nomb.o [2]
_SProut                  0x800'1147    0xa  Code  Gb  xsprout.o [2]
__aeabi_cdcmple          0x800'1339         Code  Gb  DblCmpLe.o [3]
__aeabi_cdrcmple         0x800'1369         Code  Gb  DblCmpGe.o [3]
__aeabi_d2f              0x800'4c61         Code  Gb  DblToFlt.o [3]
__aeabi_d2iz             0x800'14d5         Code  Gb  DblToS32.o [3]
__aeabi_d2uiz            0x800'1861         Code  Gb  DblToU32.o [3]
__aeabi_dadd             0x800'1cc1         Code  Gb  DblAdd.o [3]
__aeabi_ddiv             0x800'1619         Code  Gb  DblDiv.o [3]
__aeabi_dmul             0x800'18a5         Code  Gb  DblMul.o [3]
__aeabi_dsub             0x800'1535         Code  Gb  DblSub.o [3]
__aeabi_f2d              0x800'47c5         Code  Gb  FltToDbl.o [3]
__aeabi_i2d              0x800'1511         Code  Gb  S32ToDbl.o [3]
__aeabi_ldiv0            0x800'1e3d         Code  Gb  I64DivZer.o [4]
__aeabi_memcpy           0x800'1221         Code  Gb  ABImemcpy.o [4]
__aeabi_memcpy4          0x800'1241         Code  Gb  ABImemcpy.o [4]
__aeabi_memcpy8          0x800'1241         Code  Gb  ABImemcpy.o [4]
__aeabi_memset           0x800'4d29         Code  Gb  ABImemset.o [4]
__aeabi_ui2d             0x800'1889         Code  Gb  U32ToDbl.o [3]
__aeabi_uldivmod         0x800'1a89         Code  Gb  I64DivMod.o [4]
__cmain                  0x800'54a9         Code  Gb  cmain.o [4]
__exit                   0x800'1e41   0x14  Code  Gb  exit.o [5]
__iar_Fail_s             0x800'1151   0x1c  Code  Gb  xfail_s.o [2]
__iar_Memchr             0x800'11c9         Code  Gb  memchr.o [4]
__iar_Memset             0x800'4d29         Code  Gb  ABImemset.o [4]
__iar_Memset_word        0x800'4d31         Code  Gb  ABImemset.o [4]
__iar_Sto64              0x800'4ad9  0x152  Code  Gb  strto64.o [3]
__iar_Stoflt             0x800'4edd  0x1b8  Code  Gb  iar_Stoflt.o [2]
__iar_Stopfx             0x800'4dbb  0x122  Code  Gb  iar_Stopfx.o [2]
__iar_Stoxflt            0x800'5095  0x1d2  Code  Gb  iar_Stoxflt.o [2]
__iar_Stoxflt::digits    0x800'526c   0x18  Data  Lc  iar_Stoxflt.o [2]
__iar_Stoxflt::vals      0x800'5284   0x18  Data  Lc  iar_Stoxflt.o [2]
__iar_Strchr             0x800'1131         Code  Gb  strchr.o [4]
__iar_close_ttio         0x800'1e55   0x2c  Code  Gb  iarttio.o [5]
__iar_dadd               0x800'1545         Code  Gb  DblSub.o [3]
__iar_data_init3         0x800'5461   0x28  Code  Gb  data_init.o [4]
__iar_dsub               0x800'1cd1         Code  Gb  DblAdd.o [3]
__iar_dsubStart          0x800'1ce3         Code  Gb  DblAdd.o [3]
__iar_frexp              0x800'12d5         Code  Gb  frexp.o [3]
__iar_frexp64            0x800'12c9         Code  Gb  frexp.o [3]
__iar_frexpl             0x800'12d5         Code  Gb  frexp.o [3]
__iar_globLocale        0x2000'003c   0x48  Data  Lc  xlocale_c.o [2]
__iar_global_Locale      0x800'1a79    0x4  Code  Gb  xlocale_c.o [2]
__iar_ldexp64            0x800'1399         Code  Gb  ldexp.o [3]
__iar_lookup_ttioh       0x800'1e81    0x4  Code  Gb  XShttio.o [2]
__iar_lz77_init_single3
                         0x800'52c5   0x78  Code  Gb  lz77_init_single.o [4]
__iar_program_start      0x800'5525         Code  Gb  cstartup_M.o [4]
__iar_scalbln64          0x800'1399         Code  Gb  ldexp.o [3]
__iar_scalbn64           0x800'1399         Code  Gb  ldexp.o [3]
__iar_ttio_handles      0x2000'0084    0x8  Data  Lc  XShttio.o [2]
__iar_zero_init3         0x800'10f7   0x3a  Code  Gb  zero_init3.o [4]
__low_level_init         0x800'54c7    0x4  Code  Gb  low_level_init.o [2]
__vector_table           0x800'0000         Data  Gb  startup_stm32f103xe.o [1]
_call_main               0x800'54b5         Code  Gb  cmain.o [4]
_exit                    0x800'54d1         Code  Gb  cexit.o [4]
_main                    0x800'54c3         Code  Gb  cmain.o [4]
aAPBAHBPrescTable        0x800'54ec   0x10  Data  Gb  stm32f1xx_hal_rcc.o [1]
aRxBuffer_debug         0x2000'027a    0x1  Data  Gb  main.o [1]
aRxBuffer_laser1        0x2000'027b    0x1  Data  Gb  main.o [1]
aRxBuffer_laser2        0x2000'027c    0x1  Data  Gb  main.o [1]
aRxBuffer_motor         0x2000'027d    0x1  Data  Gb  main.o [1]
abort                    0x800'1cb9    0x6  Code  Gb  abort.o [2]
buf_laser1              0x2000'023c    0xc  Data  Gb  laser.o [1]
buf_laser2              0x2000'0248    0xc  Data  Gb  laser.o [1]
count_laser1            0x2000'0278    0x1  Data  Gb  laser.o [1]
count_laser2            0x2000'0279    0x1  Data  Gb  laser.o [1]
distance_laser1         0x2000'0260    0x4  Data  Gb  laser.o [1]
distance_laser2         0x2000'0264    0x4  Data  Gb  laser.o [1]
dmul                     0x800'484d   0x8c  Code  Lc  strto64.o [3]
end                     0x2000'0268    0x4  Data  Gb  main.o [1]
exit                     0x800'54cb    0x4  Code  Gb  exit.o [2]
flag1_laser1            0x2000'0274    0x1  Data  Gb  laser.o [1]
flag1_laser2            0x2000'0276    0x1  Data  Gb  laser.o [1]
flag2_laser1            0x2000'0275    0x1  Data  Gb  laser.o [1]
flag2_laser2            0x2000'0277    0x1  Data  Gb  laser.o [1]
frexp                    0x800'12c9         Code  Gb  frexp.o [3]
frexpl                   0x800'12c9         Code  Gb  frexp.o [3]
hdma_rs485_rx           0x2000'01d0   0x38  Data  Gb  bsp_debug_usart.o [1]
husart_debug            0x2000'0090   0x40  Data  Gb  bsp_debug_usart.o [1]
husart_laser1           0x2000'0110   0x40  Data  Gb  laser.o [1]
husart_laser2           0x2000'0150   0x40  Data  Gb  laser.o [1]
husart_motor            0x2000'0190   0x40  Data  Gb  motor.o [1]
husartx_rs485           0x2000'00d0   0x40  Data  Gb  bsp_debug_usart.o [1]
isalpha                  0x800'52b1   0x14  Code  Gb  isalpha.o [2]
isspace                  0x800'529d   0x14  Code  Gb  isspace.o [2]
laser_send_cmd           0x800'46bf   0xc2  Code  Gb  laser.o [1]
laser_set_range          0x800'4641   0x7e  Code  Gb  laser.o [1]
laser_start_measure      0x800'45bd   0x48  Code  Gb  laser.o [1]
laser_stop_measure       0x800'4605   0x3c  Code  Gb  laser.o [1]
ldexp                    0x800'1399         Code  Gb  ldexp.o [3]
ldexpl                   0x800'1399         Code  Gb  ldexp.o [3]
localeconv               0x800'1a7d    0x4  Code  Gb  xlocale_c.o [2]
main                     0x800'3f8d   0x80  Code  Gb  main.o [1]
main::dis               0x2000'0254    0xc  Data  Lc  main.o [1]
memchr                   0x800'11c9         Code  Gb  memchr.o [4]
pows                     0x800'5418   0x48  Data  Lc  strto64.o [3]
scalbln                  0x800'1399         Code  Gb  ldexp.o [3]
scalblnl                 0x800'1399         Code  Gb  ldexp.o [3]
scalbn                   0x800'1399         Code  Gb  ldexp.o [3]
scalbnl                  0x800'1399         Code  Gb  ldexp.o [3]
scale                    0x800'0ffb   0x46  Code  Lc  xprintffull_nomb.o [2]
sec_hand                0x2000'0270    0x4  Data  Lc  xfail_s.o [2]
sprintf                  0x800'480d   0x40  Code  Gb  sprintf.o [2]
strchr                   0x800'1131         Code  Gb  strchr.o [4]
strlen                   0x800'1191         Code  Gb  strlen.o [4]
strstr                   0x800'4d8f   0x2c  Code  Gb  strstr.o [2]
strtod                   0x800'4c59    0x6  Code  Gb  strto64.o [3]
strtold                  0x800'4c59    0x6  Code  Gb  strto64.o [3]
uwTick                  0x2000'026c    0x4  Data  Lc  stm32f1xx_hal.o [1]


[1] = E:\Code\IAR_Projects\GetGoods\EWARM\YS-F1Pro\Obj
[2] = dl7M_tlf.a
[3] = m7M_tl.a
[4] = rt7M_tl.a
[5] = shb_l.a

  21'847 bytes of readonly  code memory
     276 bytes of readonly  data memory
   4'732 bytes of readwrite data memory

Errors: none
Warnings: none
