###############################################################################
#
# IAR ELF Linker V8.40.2.214/W32 for ARM                  12/Nov/2019  21:15:42
# Copyright 2007-2019 IAR Systems AB.
#
#    Output file  =
#        E:\Code\IAR_Projects\GetGoods\EWARM\YS-F1Pro\Exe\YS-F1Pro.out
#    Map file     =
#        E:\Code\IAR_Projects\GetGoods\EWARM\YS-F1Pro\List\YS-F1Pro.map
#    Command line =
#        -f C:\Users\15538\AppData\Local\Temp\EW1F35.tmp
#        (E:\Code\IAR_Projects\GetGoods\EWARM\YS-F1Pro\Obj\bsp_ASDA_B2.o
#        E:\Code\IAR_Projects\GetGoods\EWARM\YS-F1Pro\Obj\bsp_debug_usart.o
#        E:\Code\IAR_Projects\GetGoods\EWARM\YS-F1Pro\Obj\main.o
#        E:\Code\IAR_Projects\GetGoods\EWARM\YS-F1Pro\Obj\startup_stm32f103xe.o
#        E:\Code\IAR_Projects\GetGoods\EWARM\YS-F1Pro\Obj\stm32f1xx_assert.o
#        E:\Code\IAR_Projects\GetGoods\EWARM\YS-F1Pro\Obj\stm32f1xx_hal.o
#        E:\Code\IAR_Projects\GetGoods\EWARM\YS-F1Pro\Obj\stm32f1xx_hal_adc.o
#        E:\Code\IAR_Projects\GetGoods\EWARM\YS-F1Pro\Obj\stm32f1xx_hal_adc_ex.o
#        E:\Code\IAR_Projects\GetGoods\EWARM\YS-F1Pro\Obj\stm32f1xx_hal_can.o
#        E:\Code\IAR_Projects\GetGoods\EWARM\YS-F1Pro\Obj\stm32f1xx_hal_cec.o
#        E:\Code\IAR_Projects\GetGoods\EWARM\YS-F1Pro\Obj\stm32f1xx_hal_cortex.o
#        E:\Code\IAR_Projects\GetGoods\EWARM\YS-F1Pro\Obj\stm32f1xx_hal_crc.o
#        E:\Code\IAR_Projects\GetGoods\EWARM\YS-F1Pro\Obj\stm32f1xx_hal_dac.o
#        E:\Code\IAR_Projects\GetGoods\EWARM\YS-F1Pro\Obj\stm32f1xx_hal_dac_ex.o
#        E:\Code\IAR_Projects\GetGoods\EWARM\YS-F1Pro\Obj\stm32f1xx_hal_dma.o
#        E:\Code\IAR_Projects\GetGoods\EWARM\YS-F1Pro\Obj\stm32f1xx_hal_eth.o
#        E:\Code\IAR_Projects\GetGoods\EWARM\YS-F1Pro\Obj\stm32f1xx_hal_flash.o
#        E:\Code\IAR_Projects\GetGoods\EWARM\YS-F1Pro\Obj\stm32f1xx_hal_flash_ex.o
#        E:\Code\IAR_Projects\GetGoods\EWARM\YS-F1Pro\Obj\stm32f1xx_hal_gpio.o
#        E:\Code\IAR_Projects\GetGoods\EWARM\YS-F1Pro\Obj\stm32f1xx_hal_gpio_ex.o
#        E:\Code\IAR_Projects\GetGoods\EWARM\YS-F1Pro\Obj\stm32f1xx_hal_hcd.o
#        E:\Code\IAR_Projects\GetGoods\EWARM\YS-F1Pro\Obj\stm32f1xx_hal_i2c.o
#        E:\Code\IAR_Projects\GetGoods\EWARM\YS-F1Pro\Obj\stm32f1xx_hal_i2s.o
#        E:\Code\IAR_Projects\GetGoods\EWARM\YS-F1Pro\Obj\stm32f1xx_hal_irda.o
#        E:\Code\IAR_Projects\GetGoods\EWARM\YS-F1Pro\Obj\stm32f1xx_hal_iwdg.o
#        E:\Code\IAR_Projects\GetGoods\EWARM\YS-F1Pro\Obj\stm32f1xx_hal_msp.o
#        E:\Code\IAR_Projects\GetGoods\EWARM\YS-F1Pro\Obj\stm32f1xx_hal_nand.o
#        E:\Code\IAR_Projects\GetGoods\EWARM\YS-F1Pro\Obj\stm32f1xx_hal_nor.o
#        E:\Code\IAR_Projects\GetGoods\EWARM\YS-F1Pro\Obj\stm32f1xx_hal_pccard.o
#        E:\Code\IAR_Projects\GetGoods\EWARM\YS-F1Pro\Obj\stm32f1xx_hal_pcd.o
#        E:\Code\IAR_Projects\GetGoods\EWARM\YS-F1Pro\Obj\stm32f1xx_hal_pcd_ex.o
#        E:\Code\IAR_Projects\GetGoods\EWARM\YS-F1Pro\Obj\stm32f1xx_hal_pwr.o
#        E:\Code\IAR_Projects\GetGoods\EWARM\YS-F1Pro\Obj\stm32f1xx_hal_rcc.o
#        E:\Code\IAR_Projects\GetGoods\EWARM\YS-F1Pro\Obj\stm32f1xx_hal_rcc_ex.o
#        E:\Code\IAR_Projects\GetGoods\EWARM\YS-F1Pro\Obj\stm32f1xx_hal_rtc.o
#        E:\Code\IAR_Projects\GetGoods\EWARM\YS-F1Pro\Obj\stm32f1xx_hal_rtc_ex.o
#        E:\Code\IAR_Projects\GetGoods\EWARM\YS-F1Pro\Obj\stm32f1xx_hal_sd.o
#        E:\Code\IAR_Projects\GetGoods\EWARM\YS-F1Pro\Obj\stm32f1xx_hal_smartcard.o
#        E:\Code\IAR_Projects\GetGoods\EWARM\YS-F1Pro\Obj\stm32f1xx_hal_spi.o
#        E:\Code\IAR_Projects\GetGoods\EWARM\YS-F1Pro\Obj\stm32f1xx_hal_spi_ex.o
#        E:\Code\IAR_Projects\GetGoods\EWARM\YS-F1Pro\Obj\stm32f1xx_hal_sram.o
#        E:\Code\IAR_Projects\GetGoods\EWARM\YS-F1Pro\Obj\stm32f1xx_hal_tim.o
#        E:\Code\IAR_Projects\GetGoods\EWARM\YS-F1Pro\Obj\stm32f1xx_hal_tim_ex.o
#        E:\Code\IAR_Projects\GetGoods\EWARM\YS-F1Pro\Obj\stm32f1xx_hal_uart.o
#        E:\Code\IAR_Projects\GetGoods\EWARM\YS-F1Pro\Obj\stm32f1xx_hal_usart.o
#        E:\Code\IAR_Projects\GetGoods\EWARM\YS-F1Pro\Obj\stm32f1xx_hal_wwdg.o
#        E:\Code\IAR_Projects\GetGoods\EWARM\YS-F1Pro\Obj\stm32f1xx_it.o
#        E:\Code\IAR_Projects\GetGoods\EWARM\YS-F1Pro\Obj\stm32f1xx_ll_fsmc.o
#        E:\Code\IAR_Projects\GetGoods\EWARM\YS-F1Pro\Obj\stm32f1xx_ll_sdmmc.o
#        E:\Code\IAR_Projects\GetGoods\EWARM\YS-F1Pro\Obj\stm32f1xx_ll_usb.o
#        E:\Code\IAR_Projects\GetGoods\EWARM\YS-F1Pro\Obj\system_stm32f1xx.o
#        --redirect _Printf=_PrintfFull --redirect _Scanf=_ScanfFull
#        --no_out_extension -o
#        E:\Code\IAR_Projects\GetGoods\EWARM\YS-F1Pro\Exe\YS-F1Pro.out --map
#        E:\Code\IAR_Projects\GetGoods\EWARM\YS-F1Pro\List\YS-F1Pro.map
#        --config E:\Code\IAR_Projects\GetGoods\EWARM/stm32f103xe_flash.icf
#        --semihosting --entry __iar_program_start --vfe --text_out locale)
#
###############################################################################

*******************************************************************************
*** RUNTIME MODEL ATTRIBUTES
***

CppFlavor       = *
__SystemLibrary = DLib
__dlib_version  = 6


*******************************************************************************
*** HEAP SELECTION
***

The basic heap was selected because no calls to memory allocation
functions were found in the application outside of system library
functions, and there are calls to deallocation functions in the
application.


*******************************************************************************
*** PLACEMENT SUMMARY
***

"A0":  place at address 0x800'0000 { ro section .intvec };
"P1":  place in [from 0x800'0000 to 0x807'ffff] { ro };
define block CSTACK with size = 4K, alignment = 8 { };
define block HEAP with size = 512, alignment = 8 { };
"P2":  place in [from 0x2000'0000 to 0x2000'ffff] {
          rw, block CSTACK, block HEAP };
initialize by copy { rw };

  Section            Kind         Address    Size  Object
  -------            ----         -------    ----  ------
"A0":                                       0x130
  .intvec            ro code   0x800'0000   0x130  startup_stm32f103xe.o [1]
                             - 0x800'0130   0x130

"P1":                                      0x4c33
  .text              ro code   0x800'0130  0x10c6  xprintffull.o [2]
  .text              ro code   0x800'11f6    0x3a  zero_init3.o [4]
  .text              ro code   0x800'1230    0x7c  xlocale_c.o [2]
  .text              ro code   0x800'12ac    0x16  strchr.o [4]
  .text              ro code   0x800'12c2    0x1e  xencoding_8859_1.o [2]
  .text              ro code   0x800'12e0    0x40  xfail_s.o [2]
  .text              ro code   0x800'1320    0x36  strlen.o [4]
  .rodata            const     0x800'1356     0x2  stm32f1xx_hal_rcc.o [1]
  .text              ro code   0x800'1358    0x58  memchr.o [4]
  .text              ro code   0x800'13b0    0xa6  ABImemcpy.o [4]
  .rodata            const     0x800'1456     0x2  xlocale_c.o [2]
  .text              ro code   0x800'1458    0x70  frexp.o [3]
  .text              ro code   0x800'14c8    0x2e  DblCmpLe.o [3]
  .rodata            const     0x800'14f6     0x2  xlocale_c.o [2]
  .text              ro code   0x800'14f8    0x2e  DblCmpGe.o [3]
  .rodata            const     0x800'1526     0x1  xlocale_c.o [2]
  .text              ro code   0x800'1528   0x13a  ldexp.o [3]
  .text              ro code   0x800'1664    0x3a  DblToS32.o [3]
  .text              ro code   0x800'16a0    0x22  S32ToDbl.o [3]
  .text              ro code   0x800'16c4    0xe2  DblSub.o [3]
  .text              ro code   0x800'17a8   0x246  DblDiv.o [3]
  .text              ro code   0x800'19f0    0x28  DblToU32.o [3]
  .text              ro code   0x800'1a18    0x1a  U32ToDbl.o [3]
  .text              ro code   0x800'1a34   0x1a2  DblMul.o [3]
  .text              ro code   0x800'1bd6     0xa  xmbcurmax.o [2]
  .text              ro code   0x800'1be0   0x230  I64DivMod.o [4]
  .text              ro code   0x800'1e10     0x6  abort.o [2]
  .text              ro code   0x800'1e18   0x16a  DblAdd.o [3]
  .text              ro code   0x800'1f84     0x2  I64DivZer.o [4]
  .text              ro code   0x800'1f88    0x14  exit.o [5]
  .text              ro code   0x800'1f9c   0xb50  stm32f1xx_hal_rcc.o [1]
  .text              ro code   0x800'2aec     0xc  stm32f1xx_hal.o [1]
  .text              ro code   0x800'2af8    0x18  stm32f1xx_hal.o [1]
  .text              ro code   0x800'2b10    0x24  stm32f1xx_hal.o [1]
  .text              ro code   0x800'2b34   0x172  stm32f1xx_hal_cortex.o [1]
  .text              ro code   0x800'2ca8   0xa26  stm32f1xx_hal_dma.o [1]
  .text              ro code   0x800'36d0   0x74a  bsp_ASDA_B2.o [1]
  .text              ro code   0x800'3e1c   0x464  stm32f1xx_hal_uart.o [1]
  .text              ro code   0x800'4280    0x28  printf.o [2]
  .text              ro code   0x800'42a8   0x264  bsp_debug_usart.o [1]
  .text              ro code   0x800'450c   0x1ec  main.o [1]
  .text              ro code   0x800'46f8     0x2  stm32f1xx_hal_uart.o [1]
  .text              ro code   0x800'46fa     0x2  stm32f1xx_hal_uart.o [1]
  .text              ro code   0x800'46fc   0x2a0  stm32f1xx_hal_gpio.o [1]
  .text              ro code   0x800'499c    0x24  stm32f1xx_hal.o [1]
  .text              ro code   0x800'49c0    0x60  stm32f1xx_hal_msp.o [1]
  .text              ro code   0x800'4a20    0x78  lz77_init_single.o [4]
  .text              ro code   0x800'4a98    0x58  system_stm32f1xx.o [1]
  .text              ro code   0x800'4af0    0x34  stm32f1xx_it.o [1]
  .text              ro code   0x800'4b24    0x10  stm32f1xx_hal.o [1]
  .text              ro code   0x800'4b34    0x28  data_init.o [4]
  .iar.init_table    const     0x800'4b5c    0x20  - Linker created -
  .text              ro code   0x800'4b7c    0x1e  cmain.o [4]
  .text              ro code   0x800'4b9a     0x4  low_level_init.o [2]
  .text              ro code   0x800'4b9e     0x4  exit.o [2]
  .text              ro code   0x800'4ba4     0xa  cexit.o [4]
  .text              ro code   0x800'4bae    0x16  xprout.o [2]
  .text              ro code   0x800'4bc4     0xc  putchar.o [2]
  .rodata            const     0x800'4bd0    0x14  bsp_ASDA_B2.o [1]
  .rodata            const     0x800'4be4    0x10  stm32f1xx_hal_rcc.o [1]
  .rodata            const     0x800'4bf4    0x10  stm32f1xx_hal_rcc.o [1]
  .text              ro code   0x800'4c04    0x10  startup_stm32f103xe.o [1]
  .text              ro code   0x800'4c14     0xc  cstartup_M.o [4]
  .text              ro code   0x800'4c20     0x4  startup_stm32f103xe.o [1]
  .text              ro code   0x800'4c24     0x4  startup_stm32f103xe.o [1]
  .text              ro code   0x800'4c28     0x4  startup_stm32f103xe.o [1]
  .text              ro code   0x800'4c2c     0x4  startup_stm32f103xe.o [1]
  .text              ro code   0x800'4c30     0x4  startup_stm32f103xe.o [1]
  .text              ro code   0x800'4c34     0x4  startup_stm32f103xe.o [1]
  .text              ro code   0x800'4c38     0x4  startup_stm32f103xe.o [1]
  .text              ro code   0x800'4c3c     0x4  startup_stm32f103xe.o [1]
  .text              ro code   0x800'4c40     0x4  startup_stm32f103xe.o [1]
  .text              ro code   0x800'4c44     0x4  startup_stm32f103xe.o [1]
  .text              ro code   0x800'4c48     0x4  startup_stm32f103xe.o [1]
  .text              ro code   0x800'4c4c     0x4  startup_stm32f103xe.o [1]
  .text              ro code   0x800'4c50     0x4  startup_stm32f103xe.o [1]
  .text              ro code   0x800'4c54     0x4  startup_stm32f103xe.o [1]
  .text              ro code   0x800'4c58     0x4  startup_stm32f103xe.o [1]
  .text              ro code   0x800'4c5c     0x4  startup_stm32f103xe.o [1]
  .text              ro code   0x800'4c60     0x4  startup_stm32f103xe.o [1]
  .text              ro code   0x800'4c64     0x4  startup_stm32f103xe.o [1]
  .text              ro code   0x800'4c68     0x4  startup_stm32f103xe.o [1]
  .text              ro code   0x800'4c6c     0x4  startup_stm32f103xe.o [1]
  .text              ro code   0x800'4c70     0x4  startup_stm32f103xe.o [1]
  .text              ro code   0x800'4c74     0x4  startup_stm32f103xe.o [1]
  .text              ro code   0x800'4c78     0x4  startup_stm32f103xe.o [1]
  .text              ro code   0x800'4c7c     0x4  startup_stm32f103xe.o [1]
  .text              ro code   0x800'4c80     0x4  startup_stm32f103xe.o [1]
  .text              ro code   0x800'4c84     0x4  startup_stm32f103xe.o [1]
  .text              ro code   0x800'4c88     0x4  startup_stm32f103xe.o [1]
  .text              ro code   0x800'4c8c     0x4  startup_stm32f103xe.o [1]
  .text              ro code   0x800'4c90     0x4  startup_stm32f103xe.o [1]
  .text              ro code   0x800'4c94     0x4  startup_stm32f103xe.o [1]
  .text              ro code   0x800'4c98     0x4  startup_stm32f103xe.o [1]
  .text              ro code   0x800'4c9c     0x4  startup_stm32f103xe.o [1]
  .text              ro code   0x800'4ca0     0x4  startup_stm32f103xe.o [1]
  .text              ro code   0x800'4ca4     0x4  startup_stm32f103xe.o [1]
  .text              ro code   0x800'4ca8     0x4  startup_stm32f103xe.o [1]
  .text              ro code   0x800'4cac     0x4  startup_stm32f103xe.o [1]
  .text              ro code   0x800'4cb0     0x4  startup_stm32f103xe.o [1]
  .text              ro code   0x800'4cb4     0x4  startup_stm32f103xe.o [1]
  .text              ro code   0x800'4cb8     0x4  startup_stm32f103xe.o [1]
  .text              ro code   0x800'4cbc     0x4  startup_stm32f103xe.o [1]
  .text              ro code   0x800'4cc0     0x4  startup_stm32f103xe.o [1]
  .text              ro code   0x800'4cc4     0x4  startup_stm32f103xe.o [1]
  .text              ro code   0x800'4cc8     0x4  startup_stm32f103xe.o [1]
  .text              ro code   0x800'4ccc     0x4  startup_stm32f103xe.o [1]
  .text              ro code   0x800'4cd0     0x4  startup_stm32f103xe.o [1]
  .text              ro code   0x800'4cd4     0x4  startup_stm32f103xe.o [1]
  .text              ro code   0x800'4cd8     0x4  startup_stm32f103xe.o [1]
  .text              ro code   0x800'4cdc     0x4  startup_stm32f103xe.o [1]
  .text              ro code   0x800'4ce0     0x4  startup_stm32f103xe.o [1]
  .text              ro code   0x800'4ce4     0x4  startup_stm32f103xe.o [1]
  .text              ro code   0x800'4ce8     0x4  startup_stm32f103xe.o [1]
  .text              ro code   0x800'4cec     0x4  startup_stm32f103xe.o [1]
  .text              ro code   0x800'4cf0     0x4  startup_stm32f103xe.o [1]
  .text              ro code   0x800'4cf4     0x4  startup_stm32f103xe.o [1]
  .text              ro code   0x800'4cf8     0x4  startup_stm32f103xe.o [1]
  .text              ro code   0x800'4cfc     0x4  startup_stm32f103xe.o [1]
  .text              ro code   0x800'4d00     0x4  startup_stm32f103xe.o [1]
  .text              ro code   0x800'4d04     0x4  startup_stm32f103xe.o [1]
  .text              ro code   0x800'4d08     0x4  startup_stm32f103xe.o [1]
  .text              ro code   0x800'4d0c     0x4  startup_stm32f103xe.o [1]
  .rodata            const     0x800'4d10     0x0  zero_init3.o [4]
  .rodata            const     0x800'4d10     0x0  lz77_init_single.o [4]
  Initializer bytes  const     0x800'4d10    0x53  <for P2-1>
                             - 0x800'4d63  0x4c33

"P2", part 1 of 3:                           0xcf
  P2-1                        0x2000'0000    0xcf  <Init block>
    .data            inited   0x2000'0000     0x4  system_stm32f1xx.o [1]
    .data            inited   0x2000'0004    0x38  xlocale_c.o [2]
    .data            inited   0x2000'003c    0x48  xlocale_c.o [2]
    .data            inited   0x2000'0084    0x48  xfiles.o [2]
    .data            inited   0x2000'00cc     0x2  bsp_ASDA_B2.o [1]
    .data            inited   0x2000'00ce     0x1  bsp_ASDA_B2.o [1]
                            - 0x2000'00cf    0xcf

"P2", part 2 of 3:                          0x180
  .bss               zero     0x2000'00d0    0x50  xfiles.o [2]
  .bss               zero     0x2000'0120    0x40  bsp_debug_usart.o [1]
  .bss               zero     0x2000'0160    0x40  bsp_debug_usart.o [1]
  .bss               zero     0x2000'01a0    0x38  bsp_debug_usart.o [1]
  .bss               zero     0x2000'01d8    0x38  bsp_debug_usart.o [1]
  .bss               zero     0x2000'0210    0x34  main.o [1]
  .bss               zero     0x2000'0244     0x4  stm32f1xx_hal.o [1]
  .bss               zero     0x2000'0248     0x4  xfail_s.o [2]
  .bss               zero     0x2000'024c     0x1  main.o [1]
                            - 0x2000'024d   0x17d

"P2", part 3 of 3:                         0x1000
  CSTACK                      0x2000'0250  0x1000  <Block>
    CSTACK           uninit   0x2000'0250  0x1000  <Block tail>
                            - 0x2000'1250  0x1000

Unused ranges:

         From           To      Size
         ----           --      ----
   0x800'4d63   0x807'ffff  0x7'b29d
  0x2000'00cf  0x2000'00cf       0x1
  0x2000'1250  0x2000'ffff    0xedb0


*******************************************************************************
*** INIT TABLE
***

          Address      Size
          -------      ----
Zero (__iar_zero_init3)
    1 destination range, total size 0x17d:
          0x2000'00d0  0x17d

Copy/lz77 (__iar_lz77_init_single3)
    1 source range, total size 0x53 (40% of destination):
           0x800'4d10   0x53
    1 destination range, total size 0xcf:
          0x2000'0000   0xcf



*******************************************************************************
*** MODULE SUMMARY
***

    Module                  ro code  ro data  rw data
    ------                  -------  -------  -------
command line/config:
    -------------------------------------------------
    Total:

E:\Code\IAR_Projects\GetGoods\EWARM\YS-F1Pro\Obj: [1]
    bsp_ASDA_B2.o             1'866       22        3
    bsp_debug_usart.o           612               240
    main.o                      492                53
    startup_stm32f103xe.o       560
    stm32f1xx_hal.o             124                 4
    stm32f1xx_hal_cortex.o      370
    stm32f1xx_hal_dma.o       2'598
    stm32f1xx_hal_gpio.o        672
    stm32f1xx_hal_msp.o          96
    stm32f1xx_hal_rcc.o       2'896       34
    stm32f1xx_hal_uart.o      1'128
    stm32f1xx_it.o               52
    system_stm32f1xx.o           88        1        4
    -------------------------------------------------
    Total:                   11'554       57      304

dl7M_tlf.a: [2]
    abort.o                       6
    exit.o                        4
    low_level_init.o              4
    printf.o                     40
    putchar.o                    12
    xencoding_8859_1.o           30
    xfail_s.o                    64                 4
    xfiles.o                              29      152
    xlocale_c.o                 124       56      128
    xmbcurmax.o                  10
    xprintffull.o             4'294
    xprout.o                     22
    -------------------------------------------------
    Total:                    4'610       85      284

m7M_tl.a: [3]
    DblAdd.o                    362
    DblCmpGe.o                   46
    DblCmpLe.o                   46
    DblDiv.o                    582
    DblMul.o                    418
    DblSub.o                    226
    DblToS32.o                   58
    DblToU32.o                   40
    S32ToDbl.o                   34
    U32ToDbl.o                   26
    frexp.o                     112
    ldexp.o                     314
    -------------------------------------------------
    Total:                    2'264

rt7M_tl.a: [4]
    ABImemcpy.o                 166
    I64DivMod.o                 560
    I64DivZer.o                   2
    cexit.o                      10
    cmain.o                      30
    cstartup_M.o                 12
    data_init.o                  40
    lz77_init_single.o          120
    memchr.o                     88
    strchr.o                     22
    strlen.o                     54
    zero_init3.o                 58
    -------------------------------------------------
    Total:                    1'162

shb_l.a: [5]
    exit.o                       20
    -------------------------------------------------
    Total:                       20

    Gaps                         27
    Linker created                        32    4'096
-----------------------------------------------------
    Grand Total:             19'637      174    4'684


*******************************************************************************
*** ENTRY LIST
***

Entry                       Address   Size  Type      Object
-----                       -------   ----  ----      ------
.iar.init_table$$Base    0x800'4b5c          --   Gb  - Linker created -
.iar.init_table$$Limit   0x800'4b7c          --   Gb  - Linker created -
?main                    0x800'4b7d         Code  Gb  cmain.o [4]
ASDAB2_Init              0x800'36d1   0x76  Code  Gb  bsp_ASDA_B2.o [1]
BusFault_Handler         0x800'4af7    0x2  Code  Gb  stm32f1xx_it.o [1]
CSTACK$$Base            0x2000'0250          --   Gb  - Linker created -
CSTACK$$Limit           0x2000'1250          --   Gb  - Linker created -
CacheMore                0x800'1235   0x28  Code  Lc  xlocale_c.o [2]
DMA1_Channel3_IRQHandler
                         0x800'4b13    0xa  Code  Gb  stm32f1xx_it.o [1]
DMA1_Channel5_IRQHandler
                         0x800'4b09    0xa  Code  Gb  stm32f1xx_it.o [1]
DMA_SetConfig            0x800'36ad   0x22  Code  Lc  stm32f1xx_hal_dma.o [1]
DebugMon_Handler         0x800'4afb    0x2  Code  Gb  stm32f1xx_it.o [1]
FunCode_ReadParam        0x800'38bb  0x18a  Code  Lc  bsp_ASDA_B2.o [1]
FunCode_WriteParam       0x800'3a45  0x16c  Code  Lc  bsp_ASDA_B2.o [1]
FunCode_Write_DWord_Param
                         0x800'3bb1  0x1ce  Code  Lc  bsp_ASDA_B2.o [1]
HAL_DMA_IRQHandler       0x800'2d71  0x8fc  Code  Gb  stm32f1xx_hal_dma.o [1]
HAL_DMA_Init             0x800'2ca9   0x5a  Code  Gb  stm32f1xx_hal_dma.o [1]
HAL_DMA_Start_IT         0x800'2d03   0x6e  Code  Gb  stm32f1xx_hal_dma.o [1]
HAL_Delay                0x800'2af9   0x18  Code  Wk  stm32f1xx_hal.o [1]
HAL_GPIO_Init            0x800'46fd  0x23e  Code  Gb  stm32f1xx_hal_gpio.o [1]
HAL_GPIO_WritePin        0x800'493b   0x1a  Code  Gb  stm32f1xx_hal_gpio.o [1]
HAL_GetTick              0x800'2aed    0xc  Code  Wk  stm32f1xx_hal.o [1]
HAL_IncTick              0x800'4b25   0x10  Code  Wk  stm32f1xx_hal.o [1]
HAL_Init                 0x800'499d   0x20  Code  Gb  stm32f1xx_hal.o [1]
HAL_InitTick             0x800'2b11   0x24  Code  Wk  stm32f1xx_hal.o [1]
HAL_MspInit              0x800'49c1   0x60  Code  Gb  stm32f1xx_hal_msp.o [1]
HAL_NVIC_EnableIRQ       0x800'2c45    0xe  Code  Gb  stm32f1xx_hal_cortex.o [1]
HAL_NVIC_SetPriority     0x800'2c1b   0x2a  Code  Gb  stm32f1xx_hal_cortex.o [1]
HAL_NVIC_SetPriorityGrouping
                         0x800'2c0f    0xc  Code  Gb  stm32f1xx_hal_cortex.o [1]
HAL_RCC_ClockConfig      0x800'2685  0x336  Code  Gb  stm32f1xx_hal_rcc.o [1]
HAL_RCC_GetHCLKFreq      0x800'2a45   0x26  Code  Gb  stm32f1xx_hal_rcc.o [1]
HAL_RCC_GetPCLK1Freq     0x800'2a6b   0x20  Code  Gb  stm32f1xx_hal_rcc.o [1]
HAL_RCC_GetPCLK2Freq     0x800'2a8b   0x20  Code  Gb  stm32f1xx_hal_rcc.o [1]
HAL_RCC_GetSysClockFreq
                         0x800'29bb   0x8a  Code  Gb  stm32f1xx_hal_rcc.o [1]
HAL_RCC_OscConfig        0x800'1f9d  0x6e8  Code  Gb  stm32f1xx_hal_rcc.o [1]
HAL_SYSTICK_CLKSourceConfig
                         0x800'2c5f   0x1c  Code  Gb  stm32f1xx_hal_cortex.o [1]
HAL_SYSTICK_Config       0x800'2c53    0xc  Code  Gb  stm32f1xx_hal_cortex.o [1]
HAL_SYSTICK_IRQHandler   0x800'2c9d    0x8  Code  Gb  stm32f1xx_hal_cortex.o [1]
HAL_UART_Init            0x800'3e1d   0x70  Code  Gb  stm32f1xx_hal_uart.o [1]
HAL_UART_MspInit         0x800'42a9  0x152  Code  Gb  bsp_debug_usart.o [1]
HAL_UART_Receive_DMA     0x800'3f87   0x9c  Code  Gb  stm32f1xx_hal_uart.o [1]
HAL_UART_RxCpltCallback
                         0x800'4681   0x56  Code  Gb  main.o [1]
HAL_UART_RxCpltCallback::i
                        0x2000'024c    0x1  Data  Lc  main.o [1]
HAL_UART_Transmit        0x800'3e8d   0xfa  Code  Gb  stm32f1xx_hal_uart.o [1]
HardFault_Handler        0x800'4af3    0x2  Code  Gb  stm32f1xx_it.o [1]
MX_DEBUG_USART_Init      0x800'43fb   0x62  Code  Gb  bsp_debug_usart.o [1]
MemManage_Handler        0x800'4af5    0x2  Code  Gb  stm32f1xx_it.o [1]
ModifyDIn                0x800'3747  0x124  Code  Gb  bsp_ASDA_B2.o [1]
NMI_Handler              0x800'4af1    0x2  Code  Gb  stm32f1xx_it.o [1]
NVIC_EnableIRQ           0x800'2b5d   0x16  Code  Lc  stm32f1xx_hal_cortex.o [1]
NVIC_EncodePriority      0x800'2b9f   0x40  Code  Lc  stm32f1xx_hal_cortex.o [1]
NVIC_GetPriorityGrouping
                         0x800'2b53    0xa  Code  Lc  stm32f1xx_hal_cortex.o [1]
NVIC_SetPriority         0x800'2b73   0x2c  Code  Lc  stm32f1xx_hal_cortex.o [1]
NVIC_SetPriorityGrouping
                         0x800'2b35   0x1e  Code  Lc  stm32f1xx_hal_cortex.o [1]
RS485_USARTx_Init        0x800'4475   0x62  Code  Gb  bsp_debug_usart.o [1]
Region$$Table$$Base      0x800'4b5c          --   Gb  - Linker created -
Region$$Table$$Limit     0x800'4b7c          --   Gb  - Linker created -
Rx_Buf                  0x2000'0210   0x34  Data  Gb  main.o [1]
SetSpeed                 0x800'386b   0x50  Code  Gb  bsp_ASDA_B2.o [1]
SysTick_Config           0x800'2bdf   0x30  Code  Lc  stm32f1xx_hal_cortex.o [1]
SysTick_Handler          0x800'4afd    0xc  Code  Gb  stm32f1xx_it.o [1]
SystemClock_Config       0x800'450d   0x68  Code  Gb  main.o [1]
SystemCoreClock         0x2000'0000    0x4  Data  Gb  system_stm32f1xx.o [1]
SystemInit               0x800'4a99   0x3e  Code  Gb  system_stm32f1xx.o [1]
TimeOut                 0x2000'00cc    0x2  Data  Lc  bsp_ASDA_B2.o [1]
UART_DMAError            0x800'4071   0x24  Code  Lc  stm32f1xx_hal_uart.o [1]
UART_DMAReceiveCplt      0x800'4025   0x3c  Code  Lc  stm32f1xx_hal_uart.o [1]
UART_DMARxHalfCplt       0x800'4061    0xe  Code  Lc  stm32f1xx_hal_uart.o [1]
UART_SetConfig           0x800'4179   0xfe  Code  Lc  stm32f1xx_hal_uart.o [1]
UART_WaitOnFlagUntilTimeout
                         0x800'4095   0xe4  Code  Lc  stm32f1xx_hal_uart.o [1]
UsageFault_Handler       0x800'4af9    0x2  Code  Gb  stm32f1xx_it.o [1]
UsartState              0x2000'00ce    0x1  Data  Gb  bsp_ASDA_B2.o [1]
_Encoding_8859_1_Mbrlen
                         0x800'12d5    0x2  Code  Gb  xencoding_8859_1.o [2]
_Encoding_8859_1_Wctomb
                         0x800'12c3   0x12  Code  Gb  xencoding_8859_1.o [2]
_LitobFull               0x800'1043  0x10a  Code  Lc  xprintffull.o [2]
_Locale_lconv           0x2000'0004   0x38  Data  Lc  xlocale_c.o [2]
_PrintfFull              0x800'0131  0xcc4  Code  Gb  xprintffull.o [2]
_Prout                   0x800'4baf   0x16  Code  Gb  xprout.o [2]
_PutcharsFull            0x800'11b5   0x2e  Code  Lc  xprintffull.o [2]
_PutstrFull              0x800'0f83   0xc0  Code  Lc  xprintffull.o [2]
_PuttxtFull              0x800'0e77  0x10c  Code  Lc  xprintffull.o [2]
__aeabi_cdcmple          0x800'14c9         Code  Gb  DblCmpLe.o [3]
__aeabi_cdrcmple         0x800'14f9         Code  Gb  DblCmpGe.o [3]
__aeabi_d2iz             0x800'1665         Code  Gb  DblToS32.o [3]
__aeabi_d2uiz            0x800'19f1         Code  Gb  DblToU32.o [3]
__aeabi_ddiv             0x800'17a9         Code  Gb  DblDiv.o [3]
__aeabi_dmul             0x800'1a35         Code  Gb  DblMul.o [3]
__aeabi_dsub             0x800'16c5         Code  Gb  DblSub.o [3]
__aeabi_i2d              0x800'16a1         Code  Gb  S32ToDbl.o [3]
__aeabi_ldiv0            0x800'1f85         Code  Gb  I64DivZer.o [4]
__aeabi_memcpy           0x800'13b1         Code  Gb  ABImemcpy.o [4]
__aeabi_memcpy4          0x800'13d1         Code  Gb  ABImemcpy.o [4]
__aeabi_memcpy8          0x800'13d1         Code  Gb  ABImemcpy.o [4]
__aeabi_ui2d             0x800'1a19         Code  Gb  U32ToDbl.o [3]
__aeabi_uldivmod         0x800'1be1         Code  Gb  I64DivMod.o [4]
__cmain                  0x800'4b7d         Code  Gb  cmain.o [4]
__exit                   0x800'1f89   0x14  Code  Gb  exit.o [5]
__iar_Fail_s             0x800'12e1   0x1c  Code  Gb  xfail_s.o [2]
__iar_Mbcurmax           0x800'1bd7    0xa  Code  Gb  xmbcurmax.o [2]
__iar_Memchr             0x800'1359         Code  Gb  memchr.o [4]
__iar_Stdout            0x2000'0084   0x48  Data  Gb  xfiles.o [2]
__iar_Strchr             0x800'12ad         Code  Gb  strchr.o [4]
__iar_dadd               0x800'16d5         Code  Gb  DblSub.o [3]
__iar_data_init3         0x800'4b35   0x28  Code  Gb  data_init.o [4]
__iar_dsub               0x800'1e19         Code  Gb  DblAdd.o [3]
__iar_dsubStart          0x800'1e2b         Code  Gb  DblAdd.o [3]
__iar_frexp              0x800'1465         Code  Gb  frexp.o [3]
__iar_frexp64            0x800'1459         Code  Gb  frexp.o [3]
__iar_frexpl             0x800'1465         Code  Gb  frexp.o [3]
__iar_globLocale        0x2000'003c   0x48  Data  Lc  xlocale_c.o [2]
__iar_global_Locale      0x800'1231    0x4  Code  Gb  xlocale_c.o [2]
__iar_ldexp64            0x800'1529         Code  Gb  ldexp.o [3]
__iar_lz77_init_single3
                         0x800'4a21   0x78  Code  Gb  lz77_init_single.o [4]
__iar_program_start      0x800'4c15         Code  Gb  cstartup_M.o [4]
__iar_scalbln64          0x800'1529         Code  Gb  ldexp.o [3]
__iar_scalbn64           0x800'1529         Code  Gb  ldexp.o [3]
__iar_zero_init3         0x800'11f7   0x3a  Code  Gb  zero_init3.o [4]
__low_level_init         0x800'4b9b    0x4  Code  Gb  low_level_init.o [2]
__vector_table           0x800'0000         Data  Gb  startup_stm32f103xe.o [1]
_call_main               0x800'4b89         Code  Gb  cmain.o [4]
_exit                    0x800'4ba5         Code  Gb  cexit.o [4]
_gLocale_mblen           0x800'1299    0x4  Code  Gb  xlocale_c.o [2]
_gLocale_mblenInt        0x800'125d   0x2c  Code  Gb  xlocale_c.o [2]
_gLocale_wctomb          0x800'129d    0x4  Code  Gb  xlocale_c.o [2]
_gLocale_wctombInt       0x800'1295    0x4  Code  Gb  xlocale_c.o [2]
_main                    0x800'4b97         Code  Gb  cmain.o [4]
aAPBAHBPrescTable        0x800'4bf4   0x10  Data  Gb  stm32f1xx_hal_rcc.o [1]
abort                    0x800'1e11    0x6  Code  Gb  abort.o [2]
exit                     0x800'4b9f    0x4  Code  Gb  exit.o [2]
fputc                    0x800'445d   0x18  Code  Gb  bsp_debug_usart.o [1]
frexp                    0x800'1459         Code  Gb  frexp.o [3]
frexpl                   0x800'1459         Code  Gb  frexp.o [3]
hdma_debug_rx           0x2000'01a0   0x38  Data  Gb  bsp_debug_usart.o [1]
hdma_rs485_rx           0x2000'01d8   0x38  Data  Gb  bsp_debug_usart.o [1]
husart_debug            0x2000'0120   0x40  Data  Gb  bsp_debug_usart.o [1]
husartx_rs485           0x2000'0160   0x40  Data  Gb  bsp_debug_usart.o [1]
ldexp                    0x800'1529         Code  Gb  ldexp.o [3]
ldexpl                   0x800'1529         Code  Gb  ldexp.o [3]
localeconv               0x800'12a1    0x4  Code  Gb  xlocale_c.o [2]
main                     0x800'4575  0x10c  Code  Gb  main.o [1]
memchr                   0x800'1359         Code  Gb  memchr.o [4]
obuf                    0x2000'00d0   0x50  Data  Lc  xfiles.o [2]
printf                   0x800'4281   0x28  Code  Gb  printf.o [2]
prvucMBBIN2CHAR          0x800'3dcf   0x2e  Code  Lc  bsp_ASDA_B2.o [1]
prvucMBCHAR2BIN          0x800'3d99   0x36  Code  Lc  bsp_ASDA_B2.o [1]
prvucMBLRC               0x800'3dfd   0x1e  Code  Lc  bsp_ASDA_B2.o [1]
putchar                  0x800'4bc5    0xc  Code  Gb  putchar.o [2]
scalbln                  0x800'1529         Code  Gb  ldexp.o [3]
scalblnl                 0x800'1529         Code  Gb  ldexp.o [3]
scalbn                   0x800'1529         Code  Gb  ldexp.o [3]
scalbnl                  0x800'1529         Code  Gb  ldexp.o [3]
scale                    0x800'114d   0x46  Code  Lc  xprintffull.o [2]
sec_hand                0x2000'0248    0x4  Data  Lc  xfail_s.o [2]
strchr                   0x800'12ad         Code  Gb  strchr.o [4]
strlen                   0x800'1321         Code  Gb  strlen.o [4]
uwTick                  0x2000'0244    0x4  Data  Lc  stm32f1xx_hal.o [1]


[1] = E:\Code\IAR_Projects\GetGoods\EWARM\YS-F1Pro\Obj
[2] = dl7M_tlf.a
[3] = m7M_tl.a
[4] = rt7M_tl.a
[5] = shb_l.a

  19'637 bytes of readonly  code memory
     174 bytes of readonly  data memory
   4'684 bytes of readwrite data memory

Errors: none
Warnings: none
