###############################################################################
#
# IAR ELF Linker V8.40.2.214/W32 for ARM                  21/Nov/2019  22:17:24
# Copyright 2007-2019 IAR Systems AB.
#
#    Output file  =
#        E:\Code\IAR_Projects\GetGoods\EWARM\YS-F1Pro\Exe\YS-F1Pro.out
#    Map file     =
#        E:\Code\IAR_Projects\GetGoods\EWARM\YS-F1Pro\List\YS-F1Pro.map
#    Command line =
#        -f C:\Users\15538\AppData\Local\Temp\EW3461.tmp
#        (E:\Code\IAR_Projects\GetGoods\EWARM\YS-F1Pro\Obj\bsp_ASDA_B2.o
#        E:\Code\IAR_Projects\GetGoods\EWARM\YS-F1Pro\Obj\bsp_debug_usart.o
#        E:\Code\IAR_Projects\GetGoods\EWARM\YS-F1Pro\Obj\laser.o
#        E:\Code\IAR_Projects\GetGoods\EWARM\YS-F1Pro\Obj\main.o
#        E:\Code\IAR_Projects\GetGoods\EWARM\YS-F1Pro\Obj\motor.o
#        E:\Code\IAR_Projects\GetGoods\EWARM\YS-F1Pro\Obj\pid.o
#        E:\Code\IAR_Projects\GetGoods\EWARM\YS-F1Pro\Obj\relay.o
#        E:\Code\IAR_Projects\GetGoods\EWARM\YS-F1Pro\Obj\startup_stm32f103xe.o
#        E:\Code\IAR_Projects\GetGoods\EWARM\YS-F1Pro\Obj\stm32f1xx_assert.o
#        E:\Code\IAR_Projects\GetGoods\EWARM\YS-F1Pro\Obj\stm32f1xx_hal.o
#        E:\Code\IAR_Projects\GetGoods\EWARM\YS-F1Pro\Obj\stm32f1xx_hal_adc.o
#        E:\Code\IAR_Projects\GetGoods\EWARM\YS-F1Pro\Obj\stm32f1xx_hal_adc_ex.o
#        E:\Code\IAR_Projects\GetGoods\EWARM\YS-F1Pro\Obj\stm32f1xx_hal_can.o
#        E:\Code\IAR_Projects\GetGoods\EWARM\YS-F1Pro\Obj\stm32f1xx_hal_cec.o
#        E:\Code\IAR_Projects\GetGoods\EWARM\YS-F1Pro\Obj\stm32f1xx_hal_cortex.o
#        E:\Code\IAR_Projects\GetGoods\EWARM\YS-F1Pro\Obj\stm32f1xx_hal_crc.o
#        E:\Code\IAR_Projects\GetGoods\EWARM\YS-F1Pro\Obj\stm32f1xx_hal_dac.o
#        E:\Code\IAR_Projects\GetGoods\EWARM\YS-F1Pro\Obj\stm32f1xx_hal_dac_ex.o
#        E:\Code\IAR_Projects\GetGoods\EWARM\YS-F1Pro\Obj\stm32f1xx_hal_dma.o
#        E:\Code\IAR_Projects\GetGoods\EWARM\YS-F1Pro\Obj\stm32f1xx_hal_eth.o
#        E:\Code\IAR_Projects\GetGoods\EWARM\YS-F1Pro\Obj\stm32f1xx_hal_flash.o
#        E:\Code\IAR_Projects\GetGoods\EWARM\YS-F1Pro\Obj\stm32f1xx_hal_flash_ex.o
#        E:\Code\IAR_Projects\GetGoods\EWARM\YS-F1Pro\Obj\stm32f1xx_hal_gpio.o
#        E:\Code\IAR_Projects\GetGoods\EWARM\YS-F1Pro\Obj\stm32f1xx_hal_gpio_ex.o
#        E:\Code\IAR_Projects\GetGoods\EWARM\YS-F1Pro\Obj\stm32f1xx_hal_hcd.o
#        E:\Code\IAR_Projects\GetGoods\EWARM\YS-F1Pro\Obj\stm32f1xx_hal_i2c.o
#        E:\Code\IAR_Projects\GetGoods\EWARM\YS-F1Pro\Obj\stm32f1xx_hal_i2s.o
#        E:\Code\IAR_Projects\GetGoods\EWARM\YS-F1Pro\Obj\stm32f1xx_hal_irda.o
#        E:\Code\IAR_Projects\GetGoods\EWARM\YS-F1Pro\Obj\stm32f1xx_hal_iwdg.o
#        E:\Code\IAR_Projects\GetGoods\EWARM\YS-F1Pro\Obj\stm32f1xx_hal_msp.o
#        E:\Code\IAR_Projects\GetGoods\EWARM\YS-F1Pro\Obj\stm32f1xx_hal_nand.o
#        E:\Code\IAR_Projects\GetGoods\EWARM\YS-F1Pro\Obj\stm32f1xx_hal_nor.o
#        E:\Code\IAR_Projects\GetGoods\EWARM\YS-F1Pro\Obj\stm32f1xx_hal_pccard.o
#        E:\Code\IAR_Projects\GetGoods\EWARM\YS-F1Pro\Obj\stm32f1xx_hal_pcd.o
#        E:\Code\IAR_Projects\GetGoods\EWARM\YS-F1Pro\Obj\stm32f1xx_hal_pcd_ex.o
#        E:\Code\IAR_Projects\GetGoods\EWARM\YS-F1Pro\Obj\stm32f1xx_hal_pwr.o
#        E:\Code\IAR_Projects\GetGoods\EWARM\YS-F1Pro\Obj\stm32f1xx_hal_rcc.o
#        E:\Code\IAR_Projects\GetGoods\EWARM\YS-F1Pro\Obj\stm32f1xx_hal_rcc_ex.o
#        E:\Code\IAR_Projects\GetGoods\EWARM\YS-F1Pro\Obj\stm32f1xx_hal_rtc.o
#        E:\Code\IAR_Projects\GetGoods\EWARM\YS-F1Pro\Obj\stm32f1xx_hal_rtc_ex.o
#        E:\Code\IAR_Projects\GetGoods\EWARM\YS-F1Pro\Obj\stm32f1xx_hal_sd.o
#        E:\Code\IAR_Projects\GetGoods\EWARM\YS-F1Pro\Obj\stm32f1xx_hal_smartcard.o
#        E:\Code\IAR_Projects\GetGoods\EWARM\YS-F1Pro\Obj\stm32f1xx_hal_spi.o
#        E:\Code\IAR_Projects\GetGoods\EWARM\YS-F1Pro\Obj\stm32f1xx_hal_spi_ex.o
#        E:\Code\IAR_Projects\GetGoods\EWARM\YS-F1Pro\Obj\stm32f1xx_hal_sram.o
#        E:\Code\IAR_Projects\GetGoods\EWARM\YS-F1Pro\Obj\stm32f1xx_hal_tim.o
#        E:\Code\IAR_Projects\GetGoods\EWARM\YS-F1Pro\Obj\stm32f1xx_hal_tim_ex.o
#        E:\Code\IAR_Projects\GetGoods\EWARM\YS-F1Pro\Obj\stm32f1xx_hal_uart.o
#        E:\Code\IAR_Projects\GetGoods\EWARM\YS-F1Pro\Obj\stm32f1xx_hal_usart.o
#        E:\Code\IAR_Projects\GetGoods\EWARM\YS-F1Pro\Obj\stm32f1xx_hal_wwdg.o
#        E:\Code\IAR_Projects\GetGoods\EWARM\YS-F1Pro\Obj\stm32f1xx_it.o
#        E:\Code\IAR_Projects\GetGoods\EWARM\YS-F1Pro\Obj\stm32f1xx_ll_fsmc.o
#        E:\Code\IAR_Projects\GetGoods\EWARM\YS-F1Pro\Obj\stm32f1xx_ll_sdmmc.o
#        E:\Code\IAR_Projects\GetGoods\EWARM\YS-F1Pro\Obj\stm32f1xx_ll_usb.o
#        E:\Code\IAR_Projects\GetGoods\EWARM\YS-F1Pro\Obj\system_stm32f1xx.o
#        --redirect _Printf=_PrintfFullNoMb --redirect _Scanf=_ScanfFullNoMb
#        --no_out_extension -o
#        E:\Code\IAR_Projects\GetGoods\EWARM\YS-F1Pro\Exe\YS-F1Pro.out --map
#        E:\Code\IAR_Projects\GetGoods\EWARM\YS-F1Pro\List\YS-F1Pro.map
#        --config D:\IAR\arm\config\linker\ST\stm32f103xC.icf --semihosting
#        --entry __iar_program_start --vfe --text_out locale)
#
###############################################################################

*******************************************************************************
*** RUNTIME MODEL ATTRIBUTES
***

CppFlavor       = *
__Heap_Handler  = Basic
__SystemLibrary = DLib
__dlib_version  = 6


*******************************************************************************
*** HEAP SELECTION
***

The basic heap was selected because no calls to memory allocation
functions were found in the application outside of system library
functions, and there are calls to deallocation functions in the
application.


*******************************************************************************
*** PLACEMENT SUMMARY
***

"A0":  place at address 0x800'0000 { ro section .intvec };
"P1":  place in [from 0x800'0000 to 0x803'ffff] { ro };
define block CSTACK with size = 4K, alignment = 8 { };
define block HEAP with size = 4K, alignment = 8 { };
"P2":  place in [from 0x2000'0000 to 0x2000'bfff] {
          rw, block CSTACK, block HEAP };
initialize by copy { rw };

  Section            Kind         Address    Size  Object
  -------            ----         -------    ----  ------
"A0":                                       0x130
  .intvec            ro code   0x800'0000   0x130  startup_stm32f103xe.o [1]
                             - 0x800'0130   0x130

"P1":                                      0x5e13
  .text              ro code   0x800'0130   0xfc6  xprintffull_nomb.o [2]
  .text              ro code   0x800'10f6    0x3a  zero_init3.o [4]
  .text              ro code   0x800'1130    0x16  strchr.o [4]
  .text              ro code   0x800'1146     0xa  xsprout.o [2]
  .text              ro code   0x800'1150    0x40  xfail_s.o [2]
  .text              ro code   0x800'1190    0x36  strlen.o [4]
  .rodata            const     0x800'11c6     0x2  stm32f1xx_hal_rcc.o [1]
  .text              ro code   0x800'11c8    0x58  memchr.o [4]
  .text              ro code   0x800'1220    0xa6  ABImemcpy.o [4]
  .rodata            const     0x800'12c6     0x2  xlocale_c.o [2]
  .text              ro code   0x800'12c8    0x70  frexp.o [3]
  .text              ro code   0x800'1338    0x2e  DblCmpLe.o [3]
  .rodata            const     0x800'1366     0x2  xlocale_c.o [2]
  .text              ro code   0x800'1368    0x2e  DblCmpGe.o [3]
  .rodata            const     0x800'1396     0x1  xlocale_c.o [2]
  .text              ro code   0x800'1398   0x13a  ldexp.o [3]
  .text              ro code   0x800'14d4    0x3a  DblToS32.o [3]
  .text              ro code   0x800'1510    0x22  S32ToDbl.o [3]
  .text              ro code   0x800'1534    0xe2  DblSub.o [3]
  .text              ro code   0x800'1618   0x246  DblDiv.o [3]
  .text              ro code   0x800'1860    0x28  DblToU32.o [3]
  .text              ro code   0x800'1888    0x1a  U32ToDbl.o [3]
  .text              ro code   0x800'18a4   0x1a2  DblMul.o [3]
  .text              ro code   0x800'1a48    0x40  xlocale_c.o [2]
  .text              ro code   0x800'1a88   0x230  I64DivMod.o [4]
  .text              ro code   0x800'1cb8     0x6  abort.o [2]
  .text              ro code   0x800'1cc0   0x17a  DblAdd.o [3]
  .text              ro code   0x800'1e3c     0x2  I64DivZer.o [4]
  .text              ro code   0x800'1e40    0x14  exit.o [5]
  .text              ro code   0x800'1e54    0x2c  iarttio.o [5]
  .text              ro code   0x800'1e80     0xc  XShttio.o [2]
  .text              ro code   0x800'1e8c   0xb50  stm32f1xx_hal_rcc.o [1]
  .text              ro code   0x800'29dc     0xc  stm32f1xx_hal.o [1]
  .text              ro code   0x800'29e8    0x18  stm32f1xx_hal.o [1]
  .text              ro code   0x800'2a00    0x24  stm32f1xx_hal.o [1]
  .text              ro code   0x800'2a24   0x172  stm32f1xx_hal_cortex.o [1]
  .text              ro code   0x800'2b98   0x998  stm32f1xx_hal_dma.o [1]
  .text              ro code   0x800'3530   0x7e0  main.o [1]
  .text              ro code   0x800'3d10    0x24  stm32f1xx_hal.o [1]
  .text              ro code   0x800'3d34   0x26c  bsp_debug_usart.o [1]
  .text              ro code   0x800'3fa0   0x2a4  laser.o [1]
  .text              ro code   0x800'4244   0x784  stm32f1xx_hal_uart.o [1]
  .text              ro code   0x800'49c8    0xd4  motor.o [1]
  .text              ro code   0x800'4a9c    0x48  FltToDbl.o [3]
  .text              ro code   0x800'4ae4    0x68  DblToFlt.o [3]
  .text              ro code   0x800'4b4c    0x94  pid.o [1]
  .text              ro code   0x800'4be0    0x2a  FltToS32.o [3]
  .text              ro code   0x800'4c0c   0x412  strto64.o [3]
  .text              ro code   0x800'5020    0x60  stm32f1xx_hal_msp.o [1]
  .text              ro code   0x800'5080   0x288  stm32f1xx_hal_gpio.o [1]
  .text              ro code   0x800'5308    0x66  ABImemset.o [4]
  .text              ro code   0x800'5370    0x40  sprintf.o [2]
  .text              ro code   0x800'53b0    0x2c  strstr.o [2]
  .text              ro code   0x800'53dc     0x2  stm32f1xx_hal_uart.o [1]
  .text              ro code   0x800'53de     0x2  stm32f1xx_hal_uart.o [1]
  .text              ro code   0x800'53e0    0x80  FltSub.o [3]
  .text              ro code   0x800'5460    0xd8  FltMul.o [3]
  .text              ro code   0x800'5538    0xe2  FltAdd.o [3]
  .text              ro code   0x800'561c    0x24  FltCmpGe.o [3]
  .text              ro code   0x800'5640    0x24  FltCmpLe.o [3]
  .text              ro code   0x800'5664   0x122  iar_Stopfx.o [2]
  .text              ro code   0x800'5788   0x1b8  iar_Stoflt.o [2]
  .text              ro code   0x800'5940   0x208  iar_Stoxflt.o [2]
  .text              ro code   0x800'5b48    0x14  isspace.o [2]
  .text              ro code   0x800'5b5c    0x14  isalpha.o [2]
  .text              ro code   0x800'5b70    0x78  lz77_init_single.o [4]
  .text              ro code   0x800'5be8    0x60  stm32f1xx_it.o [1]
  .text              ro code   0x800'5c48    0x10  stm32f1xx_hal.o [1]
  .text              ro code   0x800'5c58    0x58  system_stm32f1xx.o [1]
  .rodata            const     0x800'5cb0    0x48  strto64.o [3]
  .text              ro code   0x800'5cf8    0x28  data_init.o [4]
  .iar.init_table    const     0x800'5d20    0x20  - Linker created -
  .text              ro code   0x800'5d40    0x1e  cmain.o [4]
  .text              ro code   0x800'5d5e     0x4  low_level_init.o [2]
  .text              ro code   0x800'5d62     0x4  exit.o [2]
  .text              ro code   0x800'5d68     0xa  cexit.o [4]
  .rodata            const     0x800'5d74    0x14  laser.o [1]
  .rodata            const     0x800'5d88    0x10  stm32f1xx_hal_rcc.o [1]
  .rodata            const     0x800'5d98    0x10  stm32f1xx_hal_rcc.o [1]
  .text              ro code   0x800'5da8    0x10  startup_stm32f103xe.o [1]
  .rodata            const     0x800'5db8     0xc  laser.o [1]
  .text              ro code   0x800'5dc4     0xc  cstartup_M.o [4]
  .rodata            const     0x800'5dd0     0x8  laser.o [1]
  .rodata            const     0x800'5dd8     0x8  main.o [1]
  .rodata            const     0x800'5de0     0x8  main.o [1]
  .rodata            const     0x800'5de8     0x8  main.o [1]
  .rodata            const     0x800'5df0     0x8  xprintffull_nomb.o [2]
  .rodata            const     0x800'5df8     0x4  laser.o [1]
  .text              ro code   0x800'5dfc     0x4  startup_stm32f103xe.o [1]
  .text              ro code   0x800'5e00     0x4  startup_stm32f103xe.o [1]
  .text              ro code   0x800'5e04     0x4  startup_stm32f103xe.o [1]
  .text              ro code   0x800'5e08     0x4  startup_stm32f103xe.o [1]
  .text              ro code   0x800'5e0c     0x4  startup_stm32f103xe.o [1]
  .text              ro code   0x800'5e10     0x4  startup_stm32f103xe.o [1]
  .text              ro code   0x800'5e14     0x4  startup_stm32f103xe.o [1]
  .text              ro code   0x800'5e18     0x4  startup_stm32f103xe.o [1]
  .text              ro code   0x800'5e1c     0x4  startup_stm32f103xe.o [1]
  .text              ro code   0x800'5e20     0x4  startup_stm32f103xe.o [1]
  .text              ro code   0x800'5e24     0x4  startup_stm32f103xe.o [1]
  .text              ro code   0x800'5e28     0x4  startup_stm32f103xe.o [1]
  .text              ro code   0x800'5e2c     0x4  startup_stm32f103xe.o [1]
  .text              ro code   0x800'5e30     0x4  startup_stm32f103xe.o [1]
  .text              ro code   0x800'5e34     0x4  startup_stm32f103xe.o [1]
  .text              ro code   0x800'5e38     0x4  startup_stm32f103xe.o [1]
  .text              ro code   0x800'5e3c     0x4  startup_stm32f103xe.o [1]
  .text              ro code   0x800'5e40     0x4  startup_stm32f103xe.o [1]
  .text              ro code   0x800'5e44     0x4  startup_stm32f103xe.o [1]
  .text              ro code   0x800'5e48     0x4  startup_stm32f103xe.o [1]
  .text              ro code   0x800'5e4c     0x4  startup_stm32f103xe.o [1]
  .text              ro code   0x800'5e50     0x4  startup_stm32f103xe.o [1]
  .text              ro code   0x800'5e54     0x4  startup_stm32f103xe.o [1]
  .text              ro code   0x800'5e58     0x4  startup_stm32f103xe.o [1]
  .text              ro code   0x800'5e5c     0x4  startup_stm32f103xe.o [1]
  .text              ro code   0x800'5e60     0x4  startup_stm32f103xe.o [1]
  .text              ro code   0x800'5e64     0x4  startup_stm32f103xe.o [1]
  .text              ro code   0x800'5e68     0x4  startup_stm32f103xe.o [1]
  .text              ro code   0x800'5e6c     0x4  startup_stm32f103xe.o [1]
  .text              ro code   0x800'5e70     0x4  startup_stm32f103xe.o [1]
  .text              ro code   0x800'5e74     0x4  startup_stm32f103xe.o [1]
  .text              ro code   0x800'5e78     0x4  startup_stm32f103xe.o [1]
  .text              ro code   0x800'5e7c     0x4  startup_stm32f103xe.o [1]
  .text              ro code   0x800'5e80     0x4  startup_stm32f103xe.o [1]
  .text              ro code   0x800'5e84     0x4  startup_stm32f103xe.o [1]
  .text              ro code   0x800'5e88     0x4  startup_stm32f103xe.o [1]
  .text              ro code   0x800'5e8c     0x4  startup_stm32f103xe.o [1]
  .text              ro code   0x800'5e90     0x4  startup_stm32f103xe.o [1]
  .text              ro code   0x800'5e94     0x4  startup_stm32f103xe.o [1]
  .text              ro code   0x800'5e98     0x4  startup_stm32f103xe.o [1]
  .text              ro code   0x800'5e9c     0x4  startup_stm32f103xe.o [1]
  .text              ro code   0x800'5ea0     0x4  startup_stm32f103xe.o [1]
  .text              ro code   0x800'5ea4     0x4  startup_stm32f103xe.o [1]
  .text              ro code   0x800'5ea8     0x4  startup_stm32f103xe.o [1]
  .text              ro code   0x800'5eac     0x4  startup_stm32f103xe.o [1]
  .text              ro code   0x800'5eb0     0x4  startup_stm32f103xe.o [1]
  .text              ro code   0x800'5eb4     0x4  startup_stm32f103xe.o [1]
  .text              ro code   0x800'5eb8     0x4  startup_stm32f103xe.o [1]
  .text              ro code   0x800'5ebc     0x4  startup_stm32f103xe.o [1]
  .text              ro code   0x800'5ec0     0x4  startup_stm32f103xe.o [1]
  .text              ro code   0x800'5ec4     0x4  startup_stm32f103xe.o [1]
  .text              ro code   0x800'5ec8     0x4  startup_stm32f103xe.o [1]
  .text              ro code   0x800'5ecc     0x4  startup_stm32f103xe.o [1]
  .text              ro code   0x800'5ed0     0x4  startup_stm32f103xe.o [1]
  .text              ro code   0x800'5ed4     0x4  startup_stm32f103xe.o [1]
  .text              ro code   0x800'5ed8     0x4  startup_stm32f103xe.o [1]
  .text              ro code   0x800'5edc     0x4  startup_stm32f103xe.o [1]
  .rodata            const     0x800'5ee0     0x0  zero_init3.o [4]
  .rodata            const     0x800'5ee0     0x0  lz77_init_single.o [4]
  Initializer bytes  const     0x800'5ee0    0x63  <for P2-1>
                             - 0x800'5f43  0x5e13

"P2", part 1 of 3:                           0xc9
  P2-1                        0x2000'0000    0xc9  <Init block>
    .data            inited   0x2000'0000     0xc  motor.o [1]
    .data            inited   0x2000'000c     0xc  motor.o [1]
    .data            inited   0x2000'0018     0xc  motor.o [1]
    .data            inited   0x2000'0024     0xc  motor.o [1]
    .data            inited   0x2000'0030     0xc  pid.o [1]
    .data            inited   0x2000'003c     0x4  system_stm32f1xx.o [1]
    .data            inited   0x2000'0040    0x38  xlocale_c.o [2]
    .data            inited   0x2000'0078    0x48  xlocale_c.o [2]
    .data            inited   0x2000'00c0     0x8  XShttio.o [2]
    .data            inited   0x2000'00c8     0x1  bsp_ASDA_B2.o [1]
                            - 0x2000'00c9    0xc9

"P2", part 2 of 3:                          0x274
  .bss               zero     0x2000'00cc    0x64  main.o [1]
  .bss               zero     0x2000'0130    0x40  bsp_debug_usart.o [1]
  .bss               zero     0x2000'0170    0x40  bsp_debug_usart.o [1]
  .bss               zero     0x2000'01b0    0x40  laser.o [1]
  .bss               zero     0x2000'01f0    0x40  laser.o [1]
  .bss               zero     0x2000'0230    0x40  motor.o [1]
  .bss               zero     0x2000'0270    0x38  bsp_debug_usart.o [1]
  .bss               zero     0x2000'02a8    0x34  main.o [1]
  .bss               zero     0x2000'02dc     0xc  laser.o [1]
  .bss               zero     0x2000'02e8     0xc  laser.o [1]
  .bss               zero     0x2000'02f8     0x8  main.o [1]
  .bss               zero     0x2000'0300     0x4  laser.o [1]
  .bss               zero     0x2000'0304     0x4  laser.o [1]
  .bss               zero     0x2000'0308     0x4  laser.o [1]
  .bss               zero     0x2000'030c     0x4  laser.o [1]
  .bss               zero     0x2000'0310     0x4  laser.o [1]
  .bss               zero     0x2000'0314     0x4  laser.o [1]
  .bss               zero     0x2000'0318     0x4  laser.o [1]
  .bss               zero     0x2000'031c     0x4  main.o [1]
  .bss               zero     0x2000'0320     0x4  main.o [1]
  .bss               zero     0x2000'0324     0x4  pid.o [1]
  .bss               zero     0x2000'0328     0x4  stm32f1xx_hal.o [1]
  .bss               zero     0x2000'032c     0x4  xfail_s.o [2]
  .bss               zero     0x2000'0330     0x1  laser.o [1]
  .bss               zero     0x2000'0331     0x1  laser.o [1]
  .bss               zero     0x2000'0332     0x1  laser.o [1]
  .bss               zero     0x2000'0333     0x1  laser.o [1]
  .bss               zero     0x2000'0334     0x1  laser.o [1]
  .bss               zero     0x2000'0335     0x1  laser.o [1]
  .bss               zero     0x2000'0336     0x1  main.o [1]
  .bss               zero     0x2000'0337     0x1  main.o [1]
  .bss               zero     0x2000'0338     0x1  main.o [1]
  .bss               zero     0x2000'0339     0x1  main.o [1]
  .bss               zero     0x2000'033a     0x1  main.o [1]
  .bss               zero     0x2000'033b     0x1  main.o [1]
  .bss               zero     0x2000'033c     0x1  main.o [1]
  .bss               zero     0x2000'033d     0x1  main.o [1]
                            - 0x2000'033e   0x272

"P2", part 3 of 3:                         0x1000
  CSTACK                      0x2000'0340  0x1000  <Block>
    CSTACK           uninit   0x2000'0340  0x1000  <Block tail>
                            - 0x2000'1340  0x1000

Unused ranges:

         From           To      Size
         ----           --      ----
   0x800'5f43   0x803'ffff  0x3'a0bd
  0x2000'00c9  0x2000'00cb       0x3
  0x2000'1340  0x2000'bfff    0xacc0


*******************************************************************************
*** INIT TABLE
***

          Address      Size
          -------      ----
Zero (__iar_zero_init3)
    1 destination range, total size 0x272:
          0x2000'00cc  0x272

Copy/lz77 (__iar_lz77_init_single3)
    1 source range, total size 0x63 (49% of destination):
           0x800'5ee0   0x63
    1 destination range, total size 0xc9:
          0x2000'0000   0xc9



*******************************************************************************
*** MODULE SUMMARY
***

    Module                  ro code  ro data  rw data
    ------                  -------  -------  -------
command line/config:
    -------------------------------------------------
    Total:

E:\Code\IAR_Projects\GetGoods\EWARM\YS-F1Pro\Obj: [1]
    bsp_ASDA_B2.o                          1        1
    bsp_debug_usart.o           620               184
    laser.o                     676       44      186
    main.o                    2'016       24      176
    motor.o                     212       23      112
    pid.o                       148        6       16
    startup_stm32f103xe.o       548
    stm32f1xx_hal.o             124                 4
    stm32f1xx_hal_cortex.o      370
    stm32f1xx_hal_dma.o       2'456
    stm32f1xx_hal_gpio.o        648
    stm32f1xx_hal_msp.o          96
    stm32f1xx_hal_rcc.o       2'896       34
    stm32f1xx_hal_uart.o      1'928
    stm32f1xx_it.o               96
    system_stm32f1xx.o           88        2        4
    -------------------------------------------------
    Total:                   12'922      134      683

dl7M_tlf.a: [2]
    XShttio.o                    12        4        8
    abort.o                       6
    exit.o                        4
    iar_Stoflt.o                440
    iar_Stopfx.o                290
    iar_Stoxflt.o               520
    isalpha.o                    20
    isspace.o                    20
    low_level_init.o              4
    sprintf.o                    64
    strstr.o                     44
    xfail_s.o                    64                 4
    xlocale_c.o                  64       68      128
    xprintffull_nomb.o        4'038        8
    xsprout.o                    10
    -------------------------------------------------
    Total:                    5'600       80      140

m7M_tl.a: [3]
    DblAdd.o                    378
    DblCmpGe.o                   46
    DblCmpLe.o                   46
    DblDiv.o                    582
    DblMul.o                    418
    DblSub.o                    226
    DblToFlt.o                  104
    DblToS32.o                   58
    DblToU32.o                   40
    FltAdd.o                    226
    FltCmpGe.o                   36
    FltCmpLe.o                   36
    FltMul.o                    216
    FltSub.o                    128
    FltToDbl.o                   72
    FltToS32.o                   42
    S32ToDbl.o                   34
    U32ToDbl.o                   26
    frexp.o                     112
    ldexp.o                     314
    strto64.o                 1'042       72
    -------------------------------------------------
    Total:                    4'182       72

rt7M_tl.a: [4]
    ABImemcpy.o                 166
    ABImemset.o                 102
    I64DivMod.o                 560
    I64DivZer.o                   2
    cexit.o                      10
    cmain.o                      30
    cstartup_M.o                 12
    data_init.o                  40
    lz77_init_single.o          120
    memchr.o                     88
    strchr.o                     22
    strlen.o                     54
    zero_init3.o                 58
    -------------------------------------------------
    Total:                    1'264

shb_l.a: [5]
    exit.o                       20
    iarttio.o                    44
    -------------------------------------------------
    Total:                       64

    Gaps                         35        2        4
    Linker created                        32    4'096
-----------------------------------------------------
    Grand Total:             24'067      320    4'923


*******************************************************************************
*** ENTRY LIST
***

Entry                       Address   Size  Type      Object
-----                       -------   ----  ----      ------
.iar.init_table$$Base    0x800'5d20          --   Gb  - Linker created -
.iar.init_table$$Limit   0x800'5d40          --   Gb  - Linker created -
?main                    0x800'5d41         Code  Gb  cmain.o [4]
BusFault_Handler         0x800'5bef    0x2  Code  Gb  stm32f1xx_it.o [1]
CSTACK$$Base            0x2000'0340          --   Gb  - Linker created -
CSTACK$$Limit           0x2000'1340          --   Gb  - Linker created -
DMA1_Channel3_IRQHandler
                         0x800'5c01    0xa  Code  Gb  stm32f1xx_it.o [1]
DebugMon_Handler         0x800'5bf3    0x2  Code  Gb  stm32f1xx_it.o [1]
Dtentox                  0x800'4c99  0x200  Code  Lc  strto64.o [3]
HAL_DMA_IRQHandler       0x800'2bf3  0x8fc  Code  Gb  stm32f1xx_hal_dma.o [1]
HAL_DMA_Init             0x800'2b99   0x5a  Code  Gb  stm32f1xx_hal_dma.o [1]
HAL_Delay                0x800'29e9   0x18  Code  Wk  stm32f1xx_hal.o [1]
HAL_GPIO_Init            0x800'5081  0x23e  Code  Gb  stm32f1xx_hal_gpio.o [1]
HAL_GetTick              0x800'29dd    0xc  Code  Wk  stm32f1xx_hal.o [1]
HAL_IncTick              0x800'5c49   0x10  Code  Wk  stm32f1xx_hal.o [1]
HAL_Init                 0x800'3d11   0x20  Code  Gb  stm32f1xx_hal.o [1]
HAL_InitTick             0x800'2a01   0x24  Code  Wk  stm32f1xx_hal.o [1]
HAL_MspInit              0x800'5021   0x60  Code  Gb  stm32f1xx_hal_msp.o [1]
HAL_NVIC_EnableIRQ       0x800'2b35    0xe  Code  Gb  stm32f1xx_hal_cortex.o [1]
HAL_NVIC_SetPriority     0x800'2b0b   0x2a  Code  Gb  stm32f1xx_hal_cortex.o [1]
HAL_NVIC_SetPriorityGrouping
                         0x800'2aff    0xc  Code  Gb  stm32f1xx_hal_cortex.o [1]
HAL_RCC_ClockConfig      0x800'2575  0x336  Code  Gb  stm32f1xx_hal_rcc.o [1]
HAL_RCC_GetHCLKFreq      0x800'2935   0x26  Code  Gb  stm32f1xx_hal_rcc.o [1]
HAL_RCC_GetPCLK1Freq     0x800'295b   0x20  Code  Gb  stm32f1xx_hal_rcc.o [1]
HAL_RCC_GetPCLK2Freq     0x800'297b   0x20  Code  Gb  stm32f1xx_hal_rcc.o [1]
HAL_RCC_GetSysClockFreq
                         0x800'28ab   0x8a  Code  Gb  stm32f1xx_hal_rcc.o [1]
HAL_RCC_OscConfig        0x800'1e8d  0x6e8  Code  Gb  stm32f1xx_hal_rcc.o [1]
HAL_SYSTICK_CLKSourceConfig
                         0x800'2b4f   0x1c  Code  Gb  stm32f1xx_hal_cortex.o [1]
HAL_SYSTICK_Config       0x800'2b43    0xc  Code  Gb  stm32f1xx_hal_cortex.o [1]
HAL_SYSTICK_IRQHandler   0x800'2b8d    0x8  Code  Gb  stm32f1xx_hal_cortex.o [1]
HAL_UART_IRQHandler      0x800'453d  0x132  Code  Gb  stm32f1xx_hal_uart.o [1]
HAL_UART_Init            0x800'4245   0x70  Code  Gb  stm32f1xx_hal_uart.o [1]
HAL_UART_MspInit         0x800'3d35  0x1de  Code  Gb  bsp_debug_usart.o [1]
HAL_UART_Receive         0x800'43af  0x106  Code  Gb  stm32f1xx_hal_uart.o [1]
HAL_UART_Receive_IT      0x800'44b5   0x88  Code  Gb  stm32f1xx_hal_uart.o [1]
HAL_UART_RxCpltCallback
                         0x800'3a45  0x1f8  Code  Gb  main.o [1]
HAL_UART_RxCpltCallback::i
                        0x2000'033d    0x1  Data  Lc  main.o [1]
HAL_UART_Transmit        0x800'42b5   0xfa  Code  Gb  stm32f1xx_hal_uart.o [1]
HardFault_Handler        0x800'5beb    0x2  Code  Gb  stm32f1xx_it.o [1]
LASER_Init               0x800'3fa1   0xb0  Code  Gb  laser.o [1]
MOTOR_USARTx_Init        0x800'4a1d   0x62  Code  Gb  motor.o [1]
MX_DEBUG_USART_Init      0x800'3f13   0x52  Code  Gb  bsp_debug_usart.o [1]
MemManage_Handler        0x800'5bed    0x2  Code  Gb  stm32f1xx_it.o [1]
Motor_PID2               0x800'4b4d   0x7e  Code  Gb  pid.o [1]
Motor_PID2::lastError   0x2000'0324    0x4  Data  Lc  pid.o [1]
NMI_Handler              0x800'5be9    0x2  Code  Gb  stm32f1xx_it.o [1]
NVIC_EnableIRQ           0x800'2a4d   0x16  Code  Lc  stm32f1xx_hal_cortex.o [1]
NVIC_EncodePriority      0x800'2a8f   0x40  Code  Lc  stm32f1xx_hal_cortex.o [1]
NVIC_GetPriorityGrouping
                         0x800'2a43    0xa  Code  Lc  stm32f1xx_hal_cortex.o [1]
NVIC_SetPriority         0x800'2a63   0x2c  Code  Lc  stm32f1xx_hal_cortex.o [1]
NVIC_SetPriorityGrouping
                         0x800'2a25   0x1e  Code  Lc  stm32f1xx_hal_cortex.o [1]
Region$$Table$$Base      0x800'5d20          --   Gb  - Linker created -
Region$$Table$$Limit     0x800'5d40          --   Gb  - Linker created -
Rx_Buf                  0x2000'02a8   0x34  Data  Gb  main.o [1]
SysTick_Config           0x800'2acf   0x30  Code  Lc  stm32f1xx_hal_cortex.o [1]
SysTick_Handler          0x800'5bf5    0xc  Code  Gb  stm32f1xx_it.o [1]
SystemClock_Config       0x800'3531   0x68  Code  Gb  main.o [1]
SystemCoreClock         0x2000'003c    0x4  Data  Gb  system_stm32f1xx.o [1]
SystemInit               0x800'5c59   0x3e  Code  Gb  system_stm32f1xx.o [1]
UART4_IRQHandler         0x800'5c1f    0xa  Code  Gb  stm32f1xx_it.o [1]
UART5_IRQHandler         0x800'5c29    0xa  Code  Gb  stm32f1xx_it.o [1]
UART_EndTransmit_IT      0x800'47cb   0x30  Code  Lc  stm32f1xx_hal_uart.o [1]
UART_Receive_IT          0x800'47fb   0xc4  Code  Lc  stm32f1xx_hal_uart.o [1]
UART_SetConfig           0x800'48bf   0xfe  Code  Lc  stm32f1xx_hal_uart.o [1]
UART_Transmit_IT         0x800'4753   0x78  Code  Lc  stm32f1xx_hal_uart.o [1]
UART_WaitOnFlagUntilTimeout
                         0x800'466f   0xe4  Code  Lc  stm32f1xx_hal_uart.o [1]
USART1_IRQHandler        0x800'5c0b    0xa  Code  Gb  stm32f1xx_it.o [1]
USART2_IRQHandler        0x800'5c15    0xa  Code  Gb  stm32f1xx_it.o [1]
UsageFault_Handler       0x800'5bf1    0x2  Code  Gb  stm32f1xx_it.o [1]
UsartState              0x2000'00c8    0x1  Data  Gb  bsp_ASDA_B2.o [1]
_LitobFullNoMb           0x800'0ef1  0x10a  Code  Lc  xprintffull_nomb.o [2]
_LocaleC_isalpha         0x800'1a4f    0xc  Code  Gb  xlocale_c.o [2]
_LocaleC_islower         0x800'1a49    0x4  Code  Gb  xlocale_c.o [2]
_LocaleC_isspace         0x800'1a65   0x14  Code  Gb  xlocale_c.o [2]
_LocaleC_isupper         0x800'1a4d    0x2  Code  Gb  xlocale_c.o [2]
_Locale_lconv           0x2000'0040   0x38  Data  Lc  xlocale_c.o [2]
_PrintfFullNoMb          0x800'0131  0xd9c  Code  Gb  xprintffull_nomb.o [2]
_PutcharFullNoMb         0x800'1061   0x20  Code  Lc  xprintffull_nomb.o [2]
_PutcharsFullNoMb        0x800'1081   0x2e  Code  Lc  xprintffull_nomb.o [2]
_SProut                  0x800'1147    0xa  Code  Gb  xsprout.o [2]
__aeabi_cdcmple          0x800'1339         Code  Gb  DblCmpLe.o [3]
__aeabi_cdrcmple         0x800'1369         Code  Gb  DblCmpGe.o [3]
__aeabi_cfcmple          0x800'5641         Code  Gb  FltCmpLe.o [3]
__aeabi_cfrcmple         0x800'561d         Code  Gb  FltCmpGe.o [3]
__aeabi_d2f              0x800'4ae5         Code  Gb  DblToFlt.o [3]
__aeabi_d2iz             0x800'14d5         Code  Gb  DblToS32.o [3]
__aeabi_d2uiz            0x800'1861         Code  Gb  DblToU32.o [3]
__aeabi_dadd             0x800'1cc1         Code  Gb  DblAdd.o [3]
__aeabi_ddiv             0x800'1619         Code  Gb  DblDiv.o [3]
__aeabi_dmul             0x800'18a5         Code  Gb  DblMul.o [3]
__aeabi_dsub             0x800'1535         Code  Gb  DblSub.o [3]
__aeabi_f2d              0x800'4a9d         Code  Gb  FltToDbl.o [3]
__aeabi_f2iz             0x800'4be1         Code  Gb  FltToS32.o [3]
__aeabi_fadd             0x800'5539         Code  Gb  FltAdd.o [3]
__aeabi_fmul             0x800'5461         Code  Gb  FltMul.o [3]
__aeabi_fsub             0x800'53e1         Code  Gb  FltSub.o [3]
__aeabi_i2d              0x800'1511         Code  Gb  S32ToDbl.o [3]
__aeabi_ldiv0            0x800'1e3d         Code  Gb  I64DivZer.o [4]
__aeabi_memcpy           0x800'1221         Code  Gb  ABImemcpy.o [4]
__aeabi_memcpy4          0x800'1241         Code  Gb  ABImemcpy.o [4]
__aeabi_memcpy8          0x800'1241         Code  Gb  ABImemcpy.o [4]
__aeabi_memset           0x800'5309         Code  Gb  ABImemset.o [4]
__aeabi_ui2d             0x800'1889         Code  Gb  U32ToDbl.o [3]
__aeabi_uldivmod         0x800'1a89         Code  Gb  I64DivMod.o [4]
__cmain                  0x800'5d41         Code  Gb  cmain.o [4]
__exit                   0x800'1e41   0x14  Code  Gb  exit.o [5]
__iar_Fail_s             0x800'1151   0x1c  Code  Gb  xfail_s.o [2]
__iar_Memchr             0x800'11c9         Code  Gb  memchr.o [4]
__iar_Memset             0x800'5309         Code  Gb  ABImemset.o [4]
__iar_Memset_word        0x800'5311         Code  Gb  ABImemset.o [4]
__iar_Sto64              0x800'4e99  0x152  Code  Gb  strto64.o [3]
__iar_Stoflt             0x800'5789  0x1b8  Code  Gb  iar_Stoflt.o [2]
__iar_Stopfx             0x800'5665  0x122  Code  Gb  iar_Stopfx.o [2]
__iar_Stoxflt            0x800'5941  0x1d2  Code  Gb  iar_Stoxflt.o [2]
__iar_Stoxflt::digits    0x800'5b18   0x18  Data  Lc  iar_Stoxflt.o [2]
__iar_Stoxflt::vals      0x800'5b30   0x18  Data  Lc  iar_Stoxflt.o [2]
__iar_Strchr             0x800'1131         Code  Gb  strchr.o [4]
__iar_close_ttio         0x800'1e55   0x2c  Code  Gb  iarttio.o [5]
__iar_dadd               0x800'1545         Code  Gb  DblSub.o [3]
__iar_data_init3         0x800'5cf9   0x28  Code  Gb  data_init.o [4]
__iar_dsub               0x800'1cd1         Code  Gb  DblAdd.o [3]
__iar_dsubStart          0x800'1ce3         Code  Gb  DblAdd.o [3]
__iar_fadd               0x800'53ed         Code  Gb  FltSub.o [3]
__iar_frexp              0x800'12d5         Code  Gb  frexp.o [3]
__iar_frexp64            0x800'12c9         Code  Gb  frexp.o [3]
__iar_frexpl             0x800'12d5         Code  Gb  frexp.o [3]
__iar_fsub               0x800'5545         Code  Gb  FltAdd.o [3]
__iar_fsubStart          0x800'5555         Code  Gb  FltAdd.o [3]
__iar_globLocale        0x2000'0078   0x48  Data  Lc  xlocale_c.o [2]
__iar_global_Locale      0x800'1a79    0x4  Code  Gb  xlocale_c.o [2]
__iar_ldexp64            0x800'1399         Code  Gb  ldexp.o [3]
__iar_lookup_ttioh       0x800'1e81    0x4  Code  Gb  XShttio.o [2]
__iar_lz77_init_single3
                         0x800'5b71   0x78  Code  Gb  lz77_init_single.o [4]
__iar_program_start      0x800'5dc5         Code  Gb  cstartup_M.o [4]
__iar_scalbln64          0x800'1399         Code  Gb  ldexp.o [3]
__iar_scalbn64           0x800'1399         Code  Gb  ldexp.o [3]
__iar_ttio_handles      0x2000'00c0    0x8  Data  Lc  XShttio.o [2]
__iar_zero_init3         0x800'10f7   0x3a  Code  Gb  zero_init3.o [4]
__low_level_init         0x800'5d5f    0x4  Code  Gb  low_level_init.o [2]
__vector_table           0x800'0000         Data  Gb  startup_stm32f103xe.o [1]
_call_main               0x800'5d4d         Code  Gb  cmain.o [4]
_exit                    0x800'5d69         Code  Gb  cexit.o [4]
_main                    0x800'5d5b         Code  Gb  cmain.o [4]
aAPBAHBPrescTable        0x800'5d98   0x10  Data  Gb  stm32f1xx_hal_rcc.o [1]
aRxBuffer_debug         0x2000'0336    0x1  Data  Gb  main.o [1]
aRxBuffer_laser1        0x2000'0337    0x1  Data  Gb  main.o [1]
aRxBuffer_laser2        0x2000'0338    0x1  Data  Gb  main.o [1]
aRxBuffer_motor         0x2000'0339    0x1  Data  Gb  main.o [1]
abort                    0x800'1cb9    0x6  Code  Gb  abort.o [2]
buf_laser1              0x2000'02dc    0xc  Data  Gb  laser.o [1]
buf_laser2              0x2000'02e8    0xc  Data  Gb  laser.o [1]
count_laser1            0x2000'0334    0x1  Data  Gb  laser.o [1]
count_laser2            0x2000'0335    0x1  Data  Gb  laser.o [1]
dis_PID2                0x2000'0030    0xc  Data  Gb  pid.o [1]
distance_filter_laser2  0x2000'0318    0x4  Data  Gb  laser.o [1]
distance_laser1         0x2000'0300    0x4  Data  Gb  laser.o [1]
distance_laser2         0x2000'0304    0x4  Data  Gb  laser.o [1]
dmul                     0x800'4c0d   0x8c  Code  Lc  strto64.o [3]
end                     0x2000'031c    0x4  Data  Gb  main.o [1]
exit                     0x800'5d63    0x4  Code  Gb  exit.o [2]
flag1_laser1            0x2000'0330    0x1  Data  Gb  laser.o [1]
flag1_laser2            0x2000'0332    0x1  Data  Gb  laser.o [1]
flag2_laser1            0x2000'0331    0x1  Data  Gb  laser.o [1]
flag2_laser2            0x2000'0333    0x1  Data  Gb  laser.o [1]
frexp                    0x800'12c9         Code  Gb  frexp.o [3]
frexpl                   0x800'12c9         Code  Gb  frexp.o [3]
hdma_rs485_rx           0x2000'0270   0x38  Data  Gb  bsp_debug_usart.o [1]
husart_debug            0x2000'0130   0x40  Data  Gb  bsp_debug_usart.o [1]
husart_laser1           0x2000'01b0   0x40  Data  Gb  laser.o [1]
husart_laser2           0x2000'01f0   0x40  Data  Gb  laser.o [1]
husart_motor            0x2000'0230   0x40  Data  Gb  motor.o [1]
husartx_rs485           0x2000'0170   0x40  Data  Gb  bsp_debug_usart.o [1]
init_distance_laser2     0x800'5df8    0x4  Data  Gb  laser.o [1]
isalpha                  0x800'5b5d   0x14  Code  Gb  isalpha.o [2]
isspace                  0x800'5b49   0x14  Code  Gb  isspace.o [2]
laser_send_cmd           0x800'4191   0xb4  Code  Gb  laser.o [1]
laser_set_range          0x800'40d5   0x7e  Code  Gb  laser.o [1]
laser_start_measure      0x800'4051   0x48  Code  Gb  laser.o [1]
laser_stop_measure       0x800'4099   0x3c  Code  Gb  laser.o [1]
last_distance_laser1    0x2000'0308    0x4  Data  Gb  laser.o [1]
last_distance_laser2    0x2000'030c    0x4  Data  Gb  laser.o [1]
last_last_distance_laser1
                        0x2000'0310    0x4  Data  Gb  laser.o [1]
last_last_distance_laser2
                        0x2000'0314    0x4  Data  Gb  laser.o [1]
ldexp                    0x800'1399         Code  Gb  ldexp.o [3]
ldexpl                   0x800'1399         Code  Gb  ldexp.o [3]
localeconv               0x800'1a7d    0x4  Code  Gb  xlocale_c.o [2]
main                     0x800'3599  0x4a6  Code  Gb  main.o [1]
main{1}{2}::cmd_buf     0x2000'00cc   0x64  Data  Lc  main.o [1]
main{1}{2}::cmd_count   0x2000'033a    0x1  Data  Lc  main.o [1]
main{1}{2}::flag_put    0x2000'033b    0x1  Data  Lc  main.o [1]
main{1}{2}::flag_throw  0x2000'033c    0x1  Data  Lc  main.o [1]
main{1}{2}::width       0x2000'02f8    0x8  Data  Lc  main.o [1]
memchr                   0x800'11c9         Code  Gb  memchr.o [4]
motor_entry_velocity_mode
                         0x800'49db   0x12  Code  Gb  motor.o [1]
motor_reset              0x800'49c9   0x12  Code  Gb  motor.o [1]
motor_set_velocity       0x800'49ed   0x1e  Code  Gb  motor.o [1]
motor_stop               0x800'4a0b   0x12  Code  Gb  motor.o [1]
pows                     0x800'5cb0   0x48  Data  Lc  strto64.o [3]
reset_cmd               0x2000'0000    0xc  Data  Gb  motor.o [1]
scalbln                  0x800'1399         Code  Gb  ldexp.o [3]
scalblnl                 0x800'1399         Code  Gb  ldexp.o [3]
scalbn                   0x800'1399         Code  Gb  ldexp.o [3]
scalbnl                  0x800'1399         Code  Gb  ldexp.o [3]
scale                    0x800'0ffb   0x46  Code  Lc  xprintffull_nomb.o [2]
sec_hand                0x2000'032c    0x4  Data  Lc  xfail_s.o [2]
setSpd                  0x2000'0320    0x4  Data  Gb  main.o [1]
set_velocity_cmd        0x2000'0024    0xc  Data  Gb  motor.o [1]
sprintf                  0x800'5371   0x40  Code  Gb  sprintf.o [2]
stop_cmd                0x2000'0018    0xc  Data  Gb  motor.o [1]
strchr                   0x800'1131         Code  Gb  strchr.o [4]
strlen                   0x800'1191         Code  Gb  strlen.o [4]
strstr                   0x800'53b1   0x2c  Code  Gb  strstr.o [2]
strtod                   0x800'5019    0x6  Code  Gb  strto64.o [3]
strtold                  0x800'5019    0x6  Code  Gb  strto64.o [3]
uwTick                  0x2000'0328    0x4  Data  Lc  stm32f1xx_hal.o [1]
velocity_mode_cmd       0x2000'000c    0xc  Data  Gb  motor.o [1]


[1] = E:\Code\IAR_Projects\GetGoods\EWARM\YS-F1Pro\Obj
[2] = dl7M_tlf.a
[3] = m7M_tl.a
[4] = rt7M_tl.a
[5] = shb_l.a

  24'067 bytes of readonly  code memory
     320 bytes of readonly  data memory
   4'923 bytes of readwrite data memory

Errors: none
Warnings: none
