###############################################################################
#
# IAR ELF Linker V8.40.2.214/W32 for ARM                  15/Nov/2019  15:00:33
# Copyright 2007-2019 IAR Systems AB.
#
#    Output file  =
#        E:\Code\IAR_Projects\GetGoods\EWARM\YS-F1Pro\Exe\YS-F1Pro.out
#    Map file     =
#        E:\Code\IAR_Projects\GetGoods\EWARM\YS-F1Pro\List\YS-F1Pro.map
#    Command line =
#        -f C:\Users\15538\AppData\Local\Temp\EWFEB6.tmp
#        (E:\Code\IAR_Projects\GetGoods\EWARM\YS-F1Pro\Obj\bsp_ASDA_B2.o
#        E:\Code\IAR_Projects\GetGoods\EWARM\YS-F1Pro\Obj\bsp_debug_usart.o
#        E:\Code\IAR_Projects\GetGoods\EWARM\YS-F1Pro\Obj\laser.o
#        E:\Code\IAR_Projects\GetGoods\EWARM\YS-F1Pro\Obj\main.o
#        E:\Code\IAR_Projects\GetGoods\EWARM\YS-F1Pro\Obj\motor.o
#        E:\Code\IAR_Projects\GetGoods\EWARM\YS-F1Pro\Obj\relay.o
#        E:\Code\IAR_Projects\GetGoods\EWARM\YS-F1Pro\Obj\startup_stm32f103xe.o
#        E:\Code\IAR_Projects\GetGoods\EWARM\YS-F1Pro\Obj\stm32f1xx_assert.o
#        E:\Code\IAR_Projects\GetGoods\EWARM\YS-F1Pro\Obj\stm32f1xx_hal.o
#        E:\Code\IAR_Projects\GetGoods\EWARM\YS-F1Pro\Obj\stm32f1xx_hal_adc.o
#        E:\Code\IAR_Projects\GetGoods\EWARM\YS-F1Pro\Obj\stm32f1xx_hal_adc_ex.o
#        E:\Code\IAR_Projects\GetGoods\EWARM\YS-F1Pro\Obj\stm32f1xx_hal_can.o
#        E:\Code\IAR_Projects\GetGoods\EWARM\YS-F1Pro\Obj\stm32f1xx_hal_cec.o
#        E:\Code\IAR_Projects\GetGoods\EWARM\YS-F1Pro\Obj\stm32f1xx_hal_cortex.o
#        E:\Code\IAR_Projects\GetGoods\EWARM\YS-F1Pro\Obj\stm32f1xx_hal_crc.o
#        E:\Code\IAR_Projects\GetGoods\EWARM\YS-F1Pro\Obj\stm32f1xx_hal_dac.o
#        E:\Code\IAR_Projects\GetGoods\EWARM\YS-F1Pro\Obj\stm32f1xx_hal_dac_ex.o
#        E:\Code\IAR_Projects\GetGoods\EWARM\YS-F1Pro\Obj\stm32f1xx_hal_dma.o
#        E:\Code\IAR_Projects\GetGoods\EWARM\YS-F1Pro\Obj\stm32f1xx_hal_eth.o
#        E:\Code\IAR_Projects\GetGoods\EWARM\YS-F1Pro\Obj\stm32f1xx_hal_flash.o
#        E:\Code\IAR_Projects\GetGoods\EWARM\YS-F1Pro\Obj\stm32f1xx_hal_flash_ex.o
#        E:\Code\IAR_Projects\GetGoods\EWARM\YS-F1Pro\Obj\stm32f1xx_hal_gpio.o
#        E:\Code\IAR_Projects\GetGoods\EWARM\YS-F1Pro\Obj\stm32f1xx_hal_gpio_ex.o
#        E:\Code\IAR_Projects\GetGoods\EWARM\YS-F1Pro\Obj\stm32f1xx_hal_hcd.o
#        E:\Code\IAR_Projects\GetGoods\EWARM\YS-F1Pro\Obj\stm32f1xx_hal_i2c.o
#        E:\Code\IAR_Projects\GetGoods\EWARM\YS-F1Pro\Obj\stm32f1xx_hal_i2s.o
#        E:\Code\IAR_Projects\GetGoods\EWARM\YS-F1Pro\Obj\stm32f1xx_hal_irda.o
#        E:\Code\IAR_Projects\GetGoods\EWARM\YS-F1Pro\Obj\stm32f1xx_hal_iwdg.o
#        E:\Code\IAR_Projects\GetGoods\EWARM\YS-F1Pro\Obj\stm32f1xx_hal_msp.o
#        E:\Code\IAR_Projects\GetGoods\EWARM\YS-F1Pro\Obj\stm32f1xx_hal_nand.o
#        E:\Code\IAR_Projects\GetGoods\EWARM\YS-F1Pro\Obj\stm32f1xx_hal_nor.o
#        E:\Code\IAR_Projects\GetGoods\EWARM\YS-F1Pro\Obj\stm32f1xx_hal_pccard.o
#        E:\Code\IAR_Projects\GetGoods\EWARM\YS-F1Pro\Obj\stm32f1xx_hal_pcd.o
#        E:\Code\IAR_Projects\GetGoods\EWARM\YS-F1Pro\Obj\stm32f1xx_hal_pcd_ex.o
#        E:\Code\IAR_Projects\GetGoods\EWARM\YS-F1Pro\Obj\stm32f1xx_hal_pwr.o
#        E:\Code\IAR_Projects\GetGoods\EWARM\YS-F1Pro\Obj\stm32f1xx_hal_rcc.o
#        E:\Code\IAR_Projects\GetGoods\EWARM\YS-F1Pro\Obj\stm32f1xx_hal_rcc_ex.o
#        E:\Code\IAR_Projects\GetGoods\EWARM\YS-F1Pro\Obj\stm32f1xx_hal_rtc.o
#        E:\Code\IAR_Projects\GetGoods\EWARM\YS-F1Pro\Obj\stm32f1xx_hal_rtc_ex.o
#        E:\Code\IAR_Projects\GetGoods\EWARM\YS-F1Pro\Obj\stm32f1xx_hal_sd.o
#        E:\Code\IAR_Projects\GetGoods\EWARM\YS-F1Pro\Obj\stm32f1xx_hal_smartcard.o
#        E:\Code\IAR_Projects\GetGoods\EWARM\YS-F1Pro\Obj\stm32f1xx_hal_spi.o
#        E:\Code\IAR_Projects\GetGoods\EWARM\YS-F1Pro\Obj\stm32f1xx_hal_spi_ex.o
#        E:\Code\IAR_Projects\GetGoods\EWARM\YS-F1Pro\Obj\stm32f1xx_hal_sram.o
#        E:\Code\IAR_Projects\GetGoods\EWARM\YS-F1Pro\Obj\stm32f1xx_hal_tim.o
#        E:\Code\IAR_Projects\GetGoods\EWARM\YS-F1Pro\Obj\stm32f1xx_hal_tim_ex.o
#        E:\Code\IAR_Projects\GetGoods\EWARM\YS-F1Pro\Obj\stm32f1xx_hal_uart.o
#        E:\Code\IAR_Projects\GetGoods\EWARM\YS-F1Pro\Obj\stm32f1xx_hal_usart.o
#        E:\Code\IAR_Projects\GetGoods\EWARM\YS-F1Pro\Obj\stm32f1xx_hal_wwdg.o
#        E:\Code\IAR_Projects\GetGoods\EWARM\YS-F1Pro\Obj\stm32f1xx_it.o
#        E:\Code\IAR_Projects\GetGoods\EWARM\YS-F1Pro\Obj\stm32f1xx_ll_fsmc.o
#        E:\Code\IAR_Projects\GetGoods\EWARM\YS-F1Pro\Obj\stm32f1xx_ll_sdmmc.o
#        E:\Code\IAR_Projects\GetGoods\EWARM\YS-F1Pro\Obj\stm32f1xx_ll_usb.o
#        E:\Code\IAR_Projects\GetGoods\EWARM\YS-F1Pro\Obj\system_stm32f1xx.o
#        --redirect _Printf=_PrintfFullNoMb --redirect _Scanf=_ScanfFullNoMb
#        --no_out_extension -o
#        E:\Code\IAR_Projects\GetGoods\EWARM\YS-F1Pro\Exe\YS-F1Pro.out --map
#        E:\Code\IAR_Projects\GetGoods\EWARM\YS-F1Pro\List\YS-F1Pro.map
#        --config D:\IAR\arm\config\linker\ST\stm32f103xC.icf --semihosting
#        --entry __iar_program_start --vfe --text_out locale)
#
###############################################################################

*******************************************************************************
*** RUNTIME MODEL ATTRIBUTES
***

CppFlavor       = *
__Heap_Handler  = Basic
__SystemLibrary = DLib
__dlib_version  = 6


*******************************************************************************
*** HEAP SELECTION
***

The basic heap was selected because no calls to memory allocation
functions were found in the application outside of system library
functions, and there are calls to deallocation functions in the
application.


*******************************************************************************
*** PLACEMENT SUMMARY
***

"A0":  place at address 0x800'0000 { ro section .intvec };
"P1":  place in [from 0x800'0000 to 0x803'ffff] { ro };
define block CSTACK with size = 4K, alignment = 8 { };
define block HEAP with size = 4K, alignment = 8 { };
"P2":  place in [from 0x2000'0000 to 0x2000'bfff] {
          rw, block CSTACK, block HEAP };
initialize by copy { rw };

  Section            Kind         Address    Size  Object
  -------            ----         -------    ----  ------
"A0":                                       0x130
  .intvec            ro code   0x800'0000   0x130  startup_stm32f103xe.o [1]
                             - 0x800'0130   0x130

"P1":                                      0x6173
  .text              ro code   0x800'0130   0xfc6  xprintffull_nomb.o [2]
  .text              ro code   0x800'10f6    0x3a  zero_init3.o [4]
  .text              ro code   0x800'1130    0x16  strchr.o [4]
  .rodata            const     0x800'1146     0x2  stm32f1xx_hal_rcc.o [1]
  .text              ro code   0x800'1148    0x40  xfail_s.o [2]
  .text              ro code   0x800'1188    0x36  strlen.o [4]
  .rodata            const     0x800'11be     0x2  xlocale_c.o [2]
  .text              ro code   0x800'11c0    0x58  memchr.o [4]
  .text              ro code   0x800'1218    0xa6  ABImemcpy.o [4]
  .rodata            const     0x800'12be     0x2  xlocale_c.o [2]
  .text              ro code   0x800'12c0    0x70  frexp.o [3]
  .text              ro code   0x800'1330    0x2e  DblCmpLe.o [3]
  .rodata            const     0x800'135e     0x1  xlocale_c.o [2]
  .text              ro code   0x800'1360    0x2e  DblCmpGe.o [3]
  .text              ro code   0x800'1390   0x13a  ldexp.o [3]
  .text              ro code   0x800'14cc    0x3a  DblToS32.o [3]
  .text              ro code   0x800'1508    0x22  S32ToDbl.o [3]
  .text              ro code   0x800'152c    0xe2  DblSub.o [3]
  .text              ro code   0x800'1610   0x246  DblDiv.o [3]
  .text              ro code   0x800'1858    0x28  DblToU32.o [3]
  .text              ro code   0x800'1880    0x1a  U32ToDbl.o [3]
  .text              ro code   0x800'189c   0x1a2  DblMul.o [3]
  .text              ro code   0x800'1a40    0x40  xlocale_c.o [2]
  .text              ro code   0x800'1a80   0x230  I64DivMod.o [4]
  .text              ro code   0x800'1cb0     0x6  abort.o [2]
  .text              ro code   0x800'1cb8   0x17a  DblAdd.o [3]
  .text              ro code   0x800'1e34     0x2  I64DivZer.o [4]
  .text              ro code   0x800'1e38    0x14  exit.o [5]
  .text              ro code   0x800'1e4c    0x7c  iarttio.o [5]
  .text              ro code   0x800'1ec8    0x3c  XShttio.o [2]
  .text              ro code   0x800'1f04   0xb50  stm32f1xx_hal_rcc.o [1]
  .text              ro code   0x800'2a54     0xc  stm32f1xx_hal.o [1]
  .text              ro code   0x800'2a60    0x18  stm32f1xx_hal.o [1]
  .text              ro code   0x800'2a78    0x24  stm32f1xx_hal.o [1]
  .text              ro code   0x800'2a9c   0x172  stm32f1xx_hal_cortex.o [1]
  .text              ro code   0x800'2c10   0xa26  stm32f1xx_hal_dma.o [1]
  .text              ro code   0x800'3638   0x788  stm32f1xx_hal_uart.o [1]
  .text              ro code   0x800'3dc0   0x2d4  bsp_debug_usart.o [1]
  .text              ro code   0x800'4094     0x2  stm32f1xx_hal_uart.o [1]
  .text              ro code   0x800'4098   0x2d8  main.o [1]
  .text              ro code   0x800'4370     0x2  stm32f1xx_hal_uart.o [1]
  .text              ro code   0x800'4372     0x2  stm32f1xx_hal_uart.o [1]
  .text              ro code   0x800'4374   0x288  stm32f1xx_hal_gpio.o [1]
  .text              ro code   0x800'45fc    0x24  stm32f1xx_hal.o [1]
  .text              ro code   0x800'4620   0x74a  bsp_ASDA_B2.o [1]
  .text              ro code   0x800'4d6c   0x414  strto64.o [3]
  .text              ro code   0x800'5180    0x68  DblToFlt.o [3]
  .text              ro code   0x800'51e8    0x60  stm32f1xx_hal_msp.o [1]
  .text              ro code   0x800'5248    0x28  printf.o [2]
  .text              ro code   0x800'5270   0x122  iar_Stopfx.o [2]
  .text              ro code   0x800'5394   0x1b8  iar_Stoflt.o [2]
  .text              ro code   0x800'554c   0x208  iar_Stoxflt.o [2]
  .text              ro code   0x800'5754    0x14  isspace.o [2]
  .text              ro code   0x800'5768    0x14  isalpha.o [2]
  .text              ro code   0x800'577c   0x138  heap0.o [2]
  .text              ro code   0x800'58b4    0x2c  xgetmemchunk.o [2]
  .text              ro code   0x800'58e0    0xd8  xfspos.o [2]
  .text              ro code   0x800'59b8    0xac  fflush.o [2]
  .text              ro code   0x800'5a64     0xc  xfgpos.o [2]
  .text              ro code   0x800'5a70    0x4a  lseek.o [5]
  .text              ro code   0x800'5aba    0x10  write.o [5]
  .text              ro code   0x800'5acc    0xcc  XShHandles.o [2]
  .text              ro code   0x800'5b98    0x1e  dwrite.o [5]
  .text              ro code   0x800'5bb6    0x20  iarwstd.o [5]
  .text              ro code   0x800'5bd6    0x22  iarwrite.o [5]
  .text              ro code   0x800'5bf8    0xb4  xfwprep.o [2]
  .text              ro code   0x800'5cac    0x24  fseek.o [2]
  .text              ro code   0x800'5cd0    0x9c  xfofind.o [2]
  .text              ro code   0x800'5d6c     0x4  heaptramp0.o [2]
  .text              ro code   0x800'5d70    0x7e  fclose.o [2]
  .text              ro code   0x800'5dee    0x18  close.o [5]
  .text              ro code   0x800'5e06    0x14  remove.o [5]
  .text              ro code   0x800'5e1a    0x78  lz77_init_single.o [4]
  .text              ro code   0x800'5e94    0x60  stm32f1xx_it.o [1]
  .text              ro code   0x800'5ef4    0x10  stm32f1xx_hal.o [1]
  .text              ro code   0x800'5f04    0x58  system_stm32f1xx.o [1]
  .text              ro code   0x800'5f5c    0x54  fputc.o [2]
  .rodata            const     0x800'5fb0    0x48  strto64.o [3]
  .text              ro code   0x800'5ff8    0x3c  xcloseall.o [2]
  .text              ro code   0x800'6034    0x28  data_init.o [4]
  .iar.init_table    const     0x800'605c    0x20  - Linker created -
  .text              ro code   0x800'607c    0x1e  cmain.o [4]
  .text              ro code   0x800'609a     0x4  low_level_init.o [2]
  .text              ro code   0x800'609e     0x4  exit.o [2]
  .text              ro code   0x800'60a4     0xe  cexit.o [4]
  .text              ro code   0x800'60b2    0x16  xprout.o [2]
  .text              ro code   0x800'60c8     0xc  putchar.o [2]
  .rodata            const     0x800'60d4    0x14  bsp_ASDA_B2.o [1]
  .rodata            const     0x800'60e8    0x10  stm32f1xx_hal_rcc.o [1]
  .rodata            const     0x800'60f8    0x10  stm32f1xx_hal_rcc.o [1]
  .text              ro code   0x800'6108    0x10  startup_stm32f103xe.o [1]
  .text              ro code   0x800'6118     0xc  cstartup_M.o [4]
  .rodata            const     0x800'6124     0x8  xprintffull_nomb.o [2]
  .text              ro code   0x800'612c     0x4  startup_stm32f103xe.o [1]
  .text              ro code   0x800'6130     0x4  startup_stm32f103xe.o [1]
  .text              ro code   0x800'6134     0x4  startup_stm32f103xe.o [1]
  .text              ro code   0x800'6138     0x4  startup_stm32f103xe.o [1]
  .text              ro code   0x800'613c     0x4  startup_stm32f103xe.o [1]
  .text              ro code   0x800'6140     0x4  startup_stm32f103xe.o [1]
  .text              ro code   0x800'6144     0x4  startup_stm32f103xe.o [1]
  .text              ro code   0x800'6148     0x4  startup_stm32f103xe.o [1]
  .text              ro code   0x800'614c     0x4  startup_stm32f103xe.o [1]
  .text              ro code   0x800'6150     0x4  startup_stm32f103xe.o [1]
  .text              ro code   0x800'6154     0x4  startup_stm32f103xe.o [1]
  .text              ro code   0x800'6158     0x4  startup_stm32f103xe.o [1]
  .text              ro code   0x800'615c     0x4  startup_stm32f103xe.o [1]
  .text              ro code   0x800'6160     0x4  startup_stm32f103xe.o [1]
  .text              ro code   0x800'6164     0x4  startup_stm32f103xe.o [1]
  .text              ro code   0x800'6168     0x4  startup_stm32f103xe.o [1]
  .text              ro code   0x800'616c     0x4  startup_stm32f103xe.o [1]
  .text              ro code   0x800'6170     0x4  startup_stm32f103xe.o [1]
  .text              ro code   0x800'6174     0x4  startup_stm32f103xe.o [1]
  .text              ro code   0x800'6178     0x4  startup_stm32f103xe.o [1]
  .text              ro code   0x800'617c     0x4  startup_stm32f103xe.o [1]
  .text              ro code   0x800'6180     0x4  startup_stm32f103xe.o [1]
  .text              ro code   0x800'6184     0x4  startup_stm32f103xe.o [1]
  .text              ro code   0x800'6188     0x4  startup_stm32f103xe.o [1]
  .text              ro code   0x800'618c     0x4  startup_stm32f103xe.o [1]
  .text              ro code   0x800'6190     0x4  startup_stm32f103xe.o [1]
  .text              ro code   0x800'6194     0x4  startup_stm32f103xe.o [1]
  .text              ro code   0x800'6198     0x4  startup_stm32f103xe.o [1]
  .text              ro code   0x800'619c     0x4  startup_stm32f103xe.o [1]
  .text              ro code   0x800'61a0     0x4  startup_stm32f103xe.o [1]
  .text              ro code   0x800'61a4     0x4  startup_stm32f103xe.o [1]
  .text              ro code   0x800'61a8     0x4  startup_stm32f103xe.o [1]
  .text              ro code   0x800'61ac     0x4  startup_stm32f103xe.o [1]
  .text              ro code   0x800'61b0     0x4  startup_stm32f103xe.o [1]
  .text              ro code   0x800'61b4     0x4  startup_stm32f103xe.o [1]
  .text              ro code   0x800'61b8     0x4  startup_stm32f103xe.o [1]
  .text              ro code   0x800'61bc     0x4  startup_stm32f103xe.o [1]
  .text              ro code   0x800'61c0     0x4  startup_stm32f103xe.o [1]
  .text              ro code   0x800'61c4     0x4  startup_stm32f103xe.o [1]
  .text              ro code   0x800'61c8     0x4  startup_stm32f103xe.o [1]
  .text              ro code   0x800'61cc     0x4  startup_stm32f103xe.o [1]
  .text              ro code   0x800'61d0     0x4  startup_stm32f103xe.o [1]
  .text              ro code   0x800'61d4     0x4  startup_stm32f103xe.o [1]
  .text              ro code   0x800'61d8     0x4  startup_stm32f103xe.o [1]
  .text              ro code   0x800'61dc     0x4  startup_stm32f103xe.o [1]
  .text              ro code   0x800'61e0     0x4  startup_stm32f103xe.o [1]
  .text              ro code   0x800'61e4     0x4  startup_stm32f103xe.o [1]
  .text              ro code   0x800'61e8     0x4  startup_stm32f103xe.o [1]
  .text              ro code   0x800'61ec     0x4  startup_stm32f103xe.o [1]
  .text              ro code   0x800'61f0     0x4  startup_stm32f103xe.o [1]
  .text              ro code   0x800'61f4     0x4  startup_stm32f103xe.o [1]
  .text              ro code   0x800'61f8     0x4  startup_stm32f103xe.o [1]
  .text              ro code   0x800'61fc     0x4  startup_stm32f103xe.o [1]
  .text              ro code   0x800'6200     0x4  startup_stm32f103xe.o [1]
  .text              ro code   0x800'6204     0x4  startup_stm32f103xe.o [1]
  .text              ro code   0x800'6208     0x4  startup_stm32f103xe.o [1]
  .text              ro code   0x800'620c     0x4  startup_stm32f103xe.o [1]
  .text              ro code   0x800'6210     0x0  cstart_closeall.o [4]
  .rodata            const     0x800'6210     0x0  zero_init3.o [4]
  .rodata            const     0x800'6210     0x0  lz77_init_single.o [4]
  Initializer bytes  const     0x800'6210    0x93  <for P2-1>
                             - 0x800'62a3  0x6173

"P2", part 1 of 3:                          0x187
  P2-1                        0x2000'0000   0x187  <Init block>
    .data            inited   0x2000'0000     0x4  system_stm32f1xx.o [1]
    .data            inited   0x2000'0004    0x38  xlocale_c.o [2]
    .data            inited   0x2000'003c    0x48  xlocale_c.o [2]
    .data            inited   0x2000'0084    0x48  xfiles.o [2]
    .data            inited   0x2000'00cc    0x48  xfiles.o [2]
    .data            inited   0x2000'0114    0x48  xfiles.o [2]
    .data            inited   0x2000'015c    0x20  xfiles.o [2]
    .data            inited   0x2000'017c     0x8  XShttio.o [2]
    .data            inited   0x2000'0184     0x2  bsp_ASDA_B2.o [1]
    .data            inited   0x2000'0186     0x1  bsp_ASDA_B2.o [1]
                            - 0x2000'0187   0x187

"P2", part 2 of 3:                          0x2f8
  .bss               zero     0x2000'0188    0x80  XShHandles.o [2]
  .bss               zero     0x2000'0208    0x50  xfiles.o [2]
  .bss               zero     0x2000'0258    0x50  xfiles.o [2]
  .bss               zero     0x2000'02a8    0x40  bsp_debug_usart.o [1]
  .bss               zero     0x2000'02e8    0x40  bsp_debug_usart.o [1]
  .bss               zero     0x2000'0328    0x40  laser.o [1]
  .bss               zero     0x2000'0368    0x40  laser.o [1]
  .bss               zero     0x2000'03a8    0x40  motor.o [1]
  .bss               zero     0x2000'03e8    0x38  bsp_debug_usart.o [1]
  .bss               zero     0x2000'0420    0x34  main.o [1]
  .bss               zero     0x2000'0454     0xc  laser.o [1]
  .bss               zero     0x2000'0460     0x8  heap0.o [2]
  .bss               zero     0x2000'0468     0x4  laser.o [1]
  .bss               zero     0x2000'046c     0x4  stm32f1xx_hal.o [1]
  .bss               zero     0x2000'0470     0x4  xfail_s.o [2]
  .bss               zero     0x2000'0474     0x4  xgetmemchunk.o [2]
  .bss               zero     0x2000'0478     0x1  laser.o [1]
  .bss               zero     0x2000'0479     0x1  laser.o [1]
  .bss               zero     0x2000'047a     0x1  laser.o [1]
  .bss               zero     0x2000'047b     0x1  main.o [1]
  .bss               zero     0x2000'047c     0x1  main.o [1]
  .bss               zero     0x2000'047d     0x1  main.o [1]
  .bss               zero     0x2000'047e     0x1  main.o [1]
  .bss               zero     0x2000'047f     0x1  XShttio.o [2]
                            - 0x2000'0480   0x2f8

"P2", part 3 of 3:                         0x2000
  CSTACK                      0x2000'0480  0x1000  <Block>
    CSTACK           uninit   0x2000'0480  0x1000  <Block tail>
  HEAP                        0x2000'1480  0x1000  <Block>
    HEAP             uninit   0x2000'1480  0x1000  <Block tail>
                            - 0x2000'2480  0x2000

Unused ranges:

         From           To      Size
         ----           --      ----
   0x800'62a3   0x803'ffff  0x3'9d5d
  0x2000'0187  0x2000'0187       0x1
  0x2000'2480  0x2000'bfff    0x9b80


*******************************************************************************
*** INIT TABLE
***

          Address      Size
          -------      ----
Zero (__iar_zero_init3)
    1 destination range, total size 0x2f8:
          0x2000'0188  0x2f8

Copy/lz77 (__iar_lz77_init_single3)
    1 source range, total size 0x93 (37% of destination):
           0x800'6210   0x93
    1 destination range, total size 0x187:
          0x2000'0000  0x187



*******************************************************************************
*** MODULE SUMMARY
***

    Module                  ro code  ro data  rw data
    ------                  -------  -------  -------
command line/config:
    -------------------------------------------------
    Total:

E:\Code\IAR_Projects\GetGoods\EWARM\YS-F1Pro\Obj: [1]
    bsp_ASDA_B2.o             1'866       22        3
    bsp_debug_usart.o           724               184
    laser.o                                       147
    main.o                      728                56
    motor.o                                        64
    startup_stm32f103xe.o       548
    stm32f1xx_hal.o             124                 4
    stm32f1xx_hal_cortex.o      370
    stm32f1xx_hal_dma.o       2'598
    stm32f1xx_hal_gpio.o        648
    stm32f1xx_hal_msp.o          96
    stm32f1xx_hal_rcc.o       2'896       34
    stm32f1xx_hal_uart.o      1'934
    stm32f1xx_it.o               96
    system_stm32f1xx.o           88        1        4
    -------------------------------------------------
    Total:                   12'716       57      462

dl7M_tlf.a: [2]
    XShHandles.o                204               128
    XShttio.o                    60        3        9
    abort.o                       6
    exit.o                        4
    fclose.o                    126
    fflush.o                    172
    fputc.o                      84
    fseek.o                      36
    heap0.o                     312                 8
    heaptramp0.o                  4
    iar_Stoflt.o                440
    iar_Stopfx.o                290
    iar_Stoxflt.o               520
    isalpha.o                    20
    isspace.o                    20
    low_level_init.o              4
    printf.o                     40
    putchar.o                    12
    xcloseall.o                  60
    xfail_s.o                    64                 4
    xfgpos.o                     12
    xfiles.o                              93      408
    xfofind.o                   156
    xfspos.o                    216
    xfwprep.o                   180
    xgetmemchunk.o               44                 4
    xlocale_c.o                  64       53      128
    xprintffull_nomb.o        4'038        8
    xprout.o                     22
    -------------------------------------------------
    Total:                    7'210      157      689

m7M_tl.a: [3]
    DblAdd.o                    378
    DblCmpGe.o                   46
    DblCmpLe.o                   46
    DblDiv.o                    582
    DblMul.o                    418
    DblSub.o                    226
    DblToFlt.o                  104
    DblToS32.o                   58
    DblToU32.o                   40
    S32ToDbl.o                   34
    U32ToDbl.o                   26
    frexp.o                     112
    ldexp.o                     314
    strto64.o                 1'044       72
    -------------------------------------------------
    Total:                    3'428       72

rt7M_tl.a: [4]
    ABImemcpy.o                 166
    I64DivMod.o                 560
    I64DivZer.o                   2
    cexit.o                      14
    cmain.o                      30
    cstart_closeall.o
    cstartup_M.o                 12
    data_init.o                  40
    lz77_init_single.o          120
    memchr.o                     88
    strchr.o                     22
    strlen.o                     54
    zero_init3.o                 58
    -------------------------------------------------
    Total:                    1'166

shb_l.a: [5]
    close.o                      24
    dwrite.o                     30
    exit.o                       20
    iarttio.o                   124
    iarwrite.o                   34
    iarwstd.o                    32
    lseek.o                      74
    remove.o                     20
    write.o                      16
    -------------------------------------------------
    Total:                      374

    Gaps                         39
    Linker created                        32    8'192
-----------------------------------------------------
    Grand Total:             24'933      318    9'343


*******************************************************************************
*** ENTRY LIST
***

Entry                       Address   Size  Type      Object
-----                       -------   ----  ----      ------
.iar.init_table$$Base    0x800'605c          --   Gb  - Linker created -
.iar.init_table$$Limit   0x800'607c          --   Gb  - Linker created -
?main                    0x800'607d         Code  Gb  cmain.o [4]
ASDAB2_Init              0x800'4621   0x76  Code  Gb  bsp_ASDA_B2.o [1]
Aldata                  0x2000'0460    0x8  Data  Lc  heap0.o [2]
BusFault_Handler         0x800'5e9b    0x2  Code  Gb  stm32f1xx_it.o [1]
CSTACK$$Base            0x2000'0480          --   Gb  - Linker created -
CSTACK$$Limit           0x2000'1480          --   Gb  - Linker created -
DMA1_Channel3_IRQHandler
                         0x800'5ead    0xa  Code  Gb  stm32f1xx_it.o [1]
DMA_SetConfig            0x800'3615   0x22  Code  Lc  stm32f1xx_hal_dma.o [1]
DebugMon_Handler         0x800'5e9f    0x2  Code  Gb  stm32f1xx_it.o [1]
Dtentox                  0x800'4df9  0x200  Code  Lc  strto64.o [3]
FunCode_ReadParam        0x800'480b  0x18a  Code  Lc  bsp_ASDA_B2.o [1]
FunCode_WriteParam       0x800'4995  0x16c  Code  Lc  bsp_ASDA_B2.o [1]
FunCode_Write_DWord_Param
                         0x800'4b01  0x1ce  Code  Lc  bsp_ASDA_B2.o [1]
HAL_DMA_IRQHandler       0x800'2cd9  0x8fc  Code  Gb  stm32f1xx_hal_dma.o [1]
HAL_DMA_Init             0x800'2c11   0x5a  Code  Gb  stm32f1xx_hal_dma.o [1]
HAL_DMA_Start_IT         0x800'2c6b   0x6e  Code  Gb  stm32f1xx_hal_dma.o [1]
HAL_Delay                0x800'2a61   0x18  Code  Wk  stm32f1xx_hal.o [1]
HAL_GPIO_Init            0x800'4375  0x23e  Code  Gb  stm32f1xx_hal_gpio.o [1]
HAL_GetTick              0x800'2a55    0xc  Code  Wk  stm32f1xx_hal.o [1]
HAL_IncTick              0x800'5ef5   0x10  Code  Wk  stm32f1xx_hal.o [1]
HAL_Init                 0x800'45fd   0x20  Code  Gb  stm32f1xx_hal.o [1]
HAL_InitTick             0x800'2a79   0x24  Code  Wk  stm32f1xx_hal.o [1]
HAL_MspInit              0x800'51e9   0x60  Code  Gb  stm32f1xx_hal_msp.o [1]
HAL_NVIC_EnableIRQ       0x800'2bad    0xe  Code  Gb  stm32f1xx_hal_cortex.o [1]
HAL_NVIC_SetPriority     0x800'2b83   0x2a  Code  Gb  stm32f1xx_hal_cortex.o [1]
HAL_NVIC_SetPriorityGrouping
                         0x800'2b77    0xc  Code  Gb  stm32f1xx_hal_cortex.o [1]
HAL_RCC_ClockConfig      0x800'25ed  0x336  Code  Gb  stm32f1xx_hal_rcc.o [1]
HAL_RCC_GetHCLKFreq      0x800'29ad   0x26  Code  Gb  stm32f1xx_hal_rcc.o [1]
HAL_RCC_GetPCLK1Freq     0x800'29d3   0x20  Code  Gb  stm32f1xx_hal_rcc.o [1]
HAL_RCC_GetPCLK2Freq     0x800'29f3   0x20  Code  Gb  stm32f1xx_hal_rcc.o [1]
HAL_RCC_GetSysClockFreq
                         0x800'2923   0x8a  Code  Gb  stm32f1xx_hal_rcc.o [1]
HAL_RCC_OscConfig        0x800'1f05  0x6e8  Code  Gb  stm32f1xx_hal_rcc.o [1]
HAL_SYSTICK_CLKSourceConfig
                         0x800'2bc7   0x1c  Code  Gb  stm32f1xx_hal_cortex.o [1]
HAL_SYSTICK_Config       0x800'2bbb    0xc  Code  Gb  stm32f1xx_hal_cortex.o [1]
HAL_SYSTICK_IRQHandler   0x800'2c05    0x8  Code  Gb  stm32f1xx_hal_cortex.o [1]
HAL_UART_IRQHandler      0x800'38c7  0x132  Code  Gb  stm32f1xx_hal_uart.o [1]
HAL_UART_Init            0x800'3639   0x70  Code  Gb  stm32f1xx_hal_uart.o [1]
HAL_UART_MspInit         0x800'3dc1  0x1de  Code  Gb  bsp_debug_usart.o [1]
HAL_UART_Receive_DMA     0x800'382b   0x9c  Code  Gb  stm32f1xx_hal_uart.o [1]
HAL_UART_Receive_IT      0x800'37a3   0x88  Code  Gb  stm32f1xx_hal_uart.o [1]
HAL_UART_RxCpltCallback
                         0x800'41e7  0x13a  Code  Gb  main.o [1]
HAL_UART_RxCpltCallback::i
                        0x2000'047e    0x1  Data  Lc  main.o [1]
HAL_UART_Transmit        0x800'36a9   0xfa  Code  Gb  stm32f1xx_hal_uart.o [1]
HEAP$$Base              0x2000'1480          --   Gb  - Linker created -
HEAP$$Limit             0x2000'2480          --   Gb  - Linker created -
HardFault_Handler        0x800'5e97    0x2  Code  Gb  stm32f1xx_it.o [1]
MX_DEBUG_USART_Init      0x800'3f9f   0x52  Code  Gb  bsp_debug_usart.o [1]
MemManage_Handler        0x800'5e99    0x2  Code  Gb  stm32f1xx_it.o [1]
ModifyDIn                0x800'4697  0x124  Code  Gb  bsp_ASDA_B2.o [1]
NMI_Handler              0x800'5e95    0x2  Code  Gb  stm32f1xx_it.o [1]
NVIC_EnableIRQ           0x800'2ac5   0x16  Code  Lc  stm32f1xx_hal_cortex.o [1]
NVIC_EncodePriority      0x800'2b07   0x40  Code  Lc  stm32f1xx_hal_cortex.o [1]
NVIC_GetPriorityGrouping
                         0x800'2abb    0xa  Code  Lc  stm32f1xx_hal_cortex.o [1]
NVIC_SetPriority         0x800'2adb   0x2c  Code  Lc  stm32f1xx_hal_cortex.o [1]
NVIC_SetPriorityGrouping
                         0x800'2a9d   0x1e  Code  Lc  stm32f1xx_hal_cortex.o [1]
RS485_USARTx_Init        0x800'3ff1   0x62  Code  Gb  bsp_debug_usart.o [1]
Region$$Table$$Base      0x800'605c          --   Gb  - Linker created -
Region$$Table$$Limit     0x800'607c          --   Gb  - Linker created -
Rx_Buf                  0x2000'0420   0x34  Data  Gb  main.o [1]
SetSpeed                 0x800'47bb   0x50  Code  Gb  bsp_ASDA_B2.o [1]
SysTick_Config           0x800'2b47   0x30  Code  Lc  stm32f1xx_hal_cortex.o [1]
SysTick_Handler          0x800'5ea1    0xc  Code  Gb  stm32f1xx_it.o [1]
SystemClock_Config       0x800'4099   0x68  Code  Gb  main.o [1]
SystemCoreClock         0x2000'0000    0x4  Data  Gb  system_stm32f1xx.o [1]
SystemInit               0x800'5f05   0x3e  Code  Gb  system_stm32f1xx.o [1]
TimeOut                 0x2000'0184    0x2  Data  Lc  bsp_ASDA_B2.o [1]
UART4_IRQHandler         0x800'5ecb    0xa  Code  Gb  stm32f1xx_it.o [1]
UART5_IRQHandler         0x800'5ed5    0xa  Code  Gb  stm32f1xx_it.o [1]
UART_DMAError            0x800'3a45   0x24  Code  Lc  stm32f1xx_hal_uart.o [1]
UART_DMAReceiveCplt      0x800'39f9   0x3c  Code  Lc  stm32f1xx_hal_uart.o [1]
UART_DMARxHalfCplt       0x800'3a35    0xe  Code  Lc  stm32f1xx_hal_uart.o [1]
UART_EndTransmit_IT      0x800'3bc5   0x30  Code  Lc  stm32f1xx_hal_uart.o [1]
UART_Receive_IT          0x800'3bf5   0xc4  Code  Lc  stm32f1xx_hal_uart.o [1]
UART_SetConfig           0x800'3cb9   0xfe  Code  Lc  stm32f1xx_hal_uart.o [1]
UART_Transmit_IT         0x800'3b4d   0x78  Code  Lc  stm32f1xx_hal_uart.o [1]
UART_WaitOnFlagUntilTimeout
                         0x800'3a69   0xe4  Code  Lc  stm32f1xx_hal_uart.o [1]
USART1_IRQHandler        0x800'5eb7    0xa  Code  Gb  stm32f1xx_it.o [1]
USART2_IRQHandler        0x800'5ec1    0xa  Code  Gb  stm32f1xx_it.o [1]
UsageFault_Handler       0x800'5e9d    0x2  Code  Gb  stm32f1xx_it.o [1]
UsartState              0x2000'0186    0x1  Data  Gb  bsp_ASDA_B2.o [1]
_Close_all               0x800'5ff9   0x3c  Code  Gb  xcloseall.o [2]
_Files                  0x2000'015c   0x20  Data  Gb  xfiles.o [2]
_Fofree                  0x800'5cd1   0x96  Code  Gb  xfofind.o [2]
_Fspos                   0x800'58e1   0xd8  Code  Gb  xfspos.o [2]
_Fwprep                  0x800'5bf9   0xb4  Code  Gb  xfwprep.o [2]
_LitobFullNoMb           0x800'0ef1  0x10a  Code  Lc  xprintffull_nomb.o [2]
_LocaleC_isalpha         0x800'1a47    0xc  Code  Gb  xlocale_c.o [2]
_LocaleC_islower         0x800'1a41    0x4  Code  Gb  xlocale_c.o [2]
_LocaleC_isspace         0x800'1a5d   0x14  Code  Gb  xlocale_c.o [2]
_LocaleC_isupper         0x800'1a45    0x2  Code  Gb  xlocale_c.o [2]
_Locale_lconv           0x2000'0004   0x38  Data  Lc  xlocale_c.o [2]
_Nnl                     0x800'5a65    0xc  Code  Gb  xfgpos.o [2]
_PrintfFullNoMb          0x800'0131  0xd9c  Code  Gb  xprintffull_nomb.o [2]
_Prout                   0x800'60b3   0x16  Code  Gb  xprout.o [2]
_PutcharFullNoMb         0x800'1061   0x20  Code  Lc  xprintffull_nomb.o [2]
_PutcharsFullNoMb        0x800'1081   0x2e  Code  Lc  xprintffull_nomb.o [2]
__aeabi_cdcmple          0x800'1331         Code  Gb  DblCmpLe.o [3]
__aeabi_cdrcmple         0x800'1361         Code  Gb  DblCmpGe.o [3]
__aeabi_d2f              0x800'5181         Code  Gb  DblToFlt.o [3]
__aeabi_d2iz             0x800'14cd         Code  Gb  DblToS32.o [3]
__aeabi_d2uiz            0x800'1859         Code  Gb  DblToU32.o [3]
__aeabi_dadd             0x800'1cb9         Code  Gb  DblAdd.o [3]
__aeabi_ddiv             0x800'1611         Code  Gb  DblDiv.o [3]
__aeabi_dmul             0x800'189d         Code  Gb  DblMul.o [3]
__aeabi_dsub             0x800'152d         Code  Gb  DblSub.o [3]
__aeabi_i2d              0x800'1509         Code  Gb  S32ToDbl.o [3]
__aeabi_ldiv0            0x800'1e35         Code  Gb  I64DivZer.o [4]
__aeabi_memcpy           0x800'1219         Code  Gb  ABImemcpy.o [4]
__aeabi_memcpy4          0x800'1239         Code  Gb  ABImemcpy.o [4]
__aeabi_memcpy8          0x800'1239         Code  Gb  ABImemcpy.o [4]
__aeabi_ui2d             0x800'1881         Code  Gb  U32ToDbl.o [3]
__aeabi_uldivmod         0x800'1a81         Code  Gb  I64DivMod.o [4]
__basic_free             0x800'5827   0x16  Code  Gb  heap0.o [2]
__basic_free_intern      0x800'583d   0x74  Code  Lc  heap0.o [2]
__basic_malloc           0x800'577d   0x18  Code  Gb  heap0.o [2]
__basic_malloc_intern    0x800'5795   0x92  Code  Lc  heap0.o [2]
__cexit_closeall         0x800'60a7         Code  Gb  cexit.o [4]
__close                  0x800'5def   0x18  Code  Gb  close.o [5]
__cmain                  0x800'607d         Code  Gb  cmain.o [4]
__cstart_closeall        0x800'6210         Data  Gb  cstart_closeall.o [4]
__data_GetMemChunk       0x800'58b5   0x2c  Code  Gb  xgetmemchunk.o [2]
__data_GetMemChunk::start
                        0x2000'0474    0x4  Data  Lc  xgetmemchunk.o [2]
__dwrite                 0x800'5b99   0x1e  Code  Gb  dwrite.o [5]
__exit                   0x800'1e39   0x14  Code  Gb  exit.o [5]
__iar_Fail_s             0x800'1149   0x1c  Code  Gb  xfail_s.o [2]
__iar_Memchr             0x800'11c1         Code  Gb  memchr.o [4]
__iar_Stderr            0x2000'0114   0x48  Data  Gb  xfiles.o [2]
__iar_Stdin             0x2000'0084   0x48  Data  Gb  xfiles.o [2]
__iar_Stdout            0x2000'00cc   0x48  Data  Gb  xfiles.o [2]
__iar_Sto64              0x800'4ff9  0x152  Code  Gb  strto64.o [3]
__iar_Stoflt             0x800'5395  0x1b8  Code  Gb  iar_Stoflt.o [2]
__iar_Stopfx             0x800'5271  0x122  Code  Gb  iar_Stopfx.o [2]
__iar_Stoxflt            0x800'554d  0x1d2  Code  Gb  iar_Stoxflt.o [2]
__iar_Stoxflt::digits    0x800'5724   0x18  Data  Lc  iar_Stoxflt.o [2]
__iar_Stoxflt::vals      0x800'573c   0x18  Data  Lc  iar_Stoxflt.o [2]
__iar_Strchr             0x800'1131         Code  Gb  strchr.o [4]
__iar_close_ttio         0x800'1e4d   0x2c  Code  Gb  iarttio.o [5]
__iar_dadd               0x800'153d         Code  Gb  DblSub.o [3]
__iar_data_init3         0x800'6035   0x28  Code  Gb  data_init.o [4]
__iar_dsub               0x800'1cc9         Code  Gb  DblAdd.o [3]
__iar_dsubStart          0x800'1cdb         Code  Gb  DblAdd.o [3]
__iar_frexp              0x800'12cd         Code  Gb  frexp.o [3]
__iar_frexp64            0x800'12c1         Code  Gb  frexp.o [3]
__iar_frexpl             0x800'12cd         Code  Gb  frexp.o [3]
__iar_get_ttio           0x800'1e79   0x4c  Code  Gb  iarttio.o [5]
__iar_globLocale        0x2000'003c   0x48  Data  Lc  xlocale_c.o [2]
__iar_global_Locale      0x800'1a71    0x4  Code  Gb  xlocale_c.o [2]
__iar_ldexp64            0x800'1391         Code  Gb  ldexp.o [3]
__iar_lookup_ttioh       0x800'1ef7    0x4  Code  Gb  XShttio.o [2]
__iar_lz77_init_single3
                         0x800'5e1b   0x78  Code  Gb  lz77_init_single.o [4]
__iar_program_start      0x800'6119         Code  Gb  cstartup_M.o [4]
__iar_scalbln64          0x800'1391         Code  Gb  ldexp.o [3]
__iar_scalbn64           0x800'1391         Code  Gb  ldexp.o [3]
__iar_sh_Discard         0x800'5acd   0x42  Code  Gb  XShHandles.o [2]
__iar_sh_Move            0x800'5b0f   0x46  Code  Gb  XShHandles.o [2]
__iar_sh_Pos             0x800'5b55   0x3e  Code  Gb  XShHandles.o [2]
__iar_sh_stdout          0x800'5bb7   0x20  Code  Gb  iarwstd.o [5]
__iar_sh_write           0x800'5bd7   0x22  Code  Gb  iarwrite.o [5]
__iar_ttio_guard_lock    0x800'1ec9   0x1e  Code  Gb  XShttio.o [2]
__iar_ttio_guard_unlock
                         0x800'1ee7   0x10  Code  Gb  XShttio.o [2]
__iar_ttio_handles      0x2000'017c    0x8  Data  Lc  XShttio.o [2]
__iar_zero_init3         0x800'10f7   0x3a  Code  Gb  zero_init3.o [4]
__low_level_init         0x800'609b    0x4  Code  Gb  low_level_init.o [2]
__lseek                  0x800'5a71   0x4a  Code  Gb  lseek.o [5]
__vector_table           0x800'0000         Data  Gb  startup_stm32f103xe.o [1]
__write                  0x800'5abb   0x10  Code  Gb  write.o [5]
_call_main               0x800'6089         Code  Gb  cmain.o [4]
_exit                    0x800'60a5         Code  Gb  cexit.o [4]
_main                    0x800'6097         Code  Gb  cmain.o [4]
aAPBAHBPrescTable        0x800'60f8   0x10  Data  Gb  stm32f1xx_hal_rcc.o [1]
aRxBuffer_debug         0x2000'047b    0x1  Data  Gb  main.o [1]
aRxBuffer_laser1        0x2000'047c    0x1  Data  Gb  main.o [1]
aRxBuffer_motor         0x2000'047d    0x1  Data  Gb  main.o [1]
abort                    0x800'1cb1    0x6  Code  Gb  abort.o [2]
atof                     0x800'5179    0x8  Code  Gb  strto64.o [3]
buf_laser1              0x2000'0454    0xc  Data  Gb  laser.o [1]
count_laser1            0x2000'047a    0x1  Data  Gb  laser.o [1]
distance_laser1         0x2000'0468    0x4  Data  Gb  laser.o [1]
dmul                     0x800'4d6d   0x8c  Code  Lc  strto64.o [3]
ebuf                    0x2000'0208   0x50  Data  Lc  xfiles.o [2]
exit                     0x800'609f    0x4  Code  Gb  exit.o [2]
fclose                   0x800'5d71   0x7e  Code  Gb  fclose.o [2]
fflush                   0x800'5a2d   0x34  Code  Gb  fflush.o [2]
fflushOne                0x800'59b9   0x74  Code  Lc  fflush.o [2]
flag1_laser1            0x2000'0478    0x1  Data  Gb  laser.o [1]
flag2_laser1            0x2000'0479    0x1  Data  Gb  laser.o [1]
fputc                    0x800'5f5d   0x54  Code  Gb  fputc.o [2]
free                     0x800'5d6d    0x4  Code  Gb  heaptramp0.o [2]
frexp                    0x800'12c1         Code  Gb  frexp.o [3]
frexpl                   0x800'12c1         Code  Gb  frexp.o [3]
fseek                    0x800'5cad   0x24  Code  Gb  fseek.o [2]
hdma_rs485_rx           0x2000'03e8   0x38  Data  Gb  bsp_debug_usart.o [1]
husart_debug            0x2000'02a8   0x40  Data  Gb  bsp_debug_usart.o [1]
husart_laser1           0x2000'0328   0x40  Data  Gb  laser.o [1]
husart_laser2           0x2000'0368   0x40  Data  Gb  laser.o [1]
husart_motor            0x2000'03a8   0x40  Data  Gb  motor.o [1]
husartx_rs485           0x2000'02e8   0x40  Data  Gb  bsp_debug_usart.o [1]
isalpha                  0x800'5769   0x14  Code  Gb  isalpha.o [2]
isspace                  0x800'5755   0x14  Code  Gb  isspace.o [2]
ldexp                    0x800'1391         Code  Gb  ldexp.o [3]
ldexpl                   0x800'1391         Code  Gb  ldexp.o [3]
localeconv               0x800'1a75    0x4  Code  Gb  xlocale_c.o [2]
main                     0x800'4101   0xe6  Code  Gb  main.o [1]
memchr                   0x800'11c1         Code  Gb  memchr.o [4]
obuf                    0x2000'0258   0x50  Data  Lc  xfiles.o [2]
pows                     0x800'5fb0   0x48  Data  Lc  strto64.o [3]
printf                   0x800'5249   0x28  Code  Gb  printf.o [2]
prvucMBBIN2CHAR          0x800'4d1f   0x2e  Code  Lc  bsp_ASDA_B2.o [1]
prvucMBCHAR2BIN          0x800'4ce9   0x36  Code  Lc  bsp_ASDA_B2.o [1]
prvucMBLRC               0x800'4d4d   0x1e  Code  Lc  bsp_ASDA_B2.o [1]
putchar                  0x800'60c9    0xc  Code  Gb  putchar.o [2]
remove                   0x800'5e07   0x14  Code  Gb  remove.o [5]
sFileInfo               0x2000'0188   0x80  Data  Lc  XShHandles.o [2]
scalbln                  0x800'1391         Code  Gb  ldexp.o [3]
scalblnl                 0x800'1391         Code  Gb  ldexp.o [3]
scalbn                   0x800'1391         Code  Gb  ldexp.o [3]
scalbnl                  0x800'1391         Code  Gb  ldexp.o [3]
scale                    0x800'0ffb   0x46  Code  Lc  xprintffull_nomb.o [2]
sec_hand                0x2000'0470    0x4  Data  Lc  xfail_s.o [2]
strchr                   0x800'1131         Code  Gb  strchr.o [4]
strlen                   0x800'1189         Code  Gb  strlen.o [4]
ttio_guard              0x2000'047f    0x1  Data  Lc  XShttio.o [2]
uwTick                  0x2000'046c    0x4  Data  Lc  stm32f1xx_hal.o [1]


[1] = E:\Code\IAR_Projects\GetGoods\EWARM\YS-F1Pro\Obj
[2] = dl7M_tlf.a
[3] = m7M_tl.a
[4] = rt7M_tl.a
[5] = shb_l.a

  24'933 bytes of readonly  code memory
     318 bytes of readonly  data memory
   9'343 bytes of readwrite data memory

Errors: none
Warnings: none
