###############################################################################
#
# IAR ELF Linker V8.40.2.214/W32 for ARM                  14/Nov/2019  17:34:14
# Copyright 2007-2019 IAR Systems AB.
#
#    Output file  =
#        E:\Code\IAR_Projects\GetGoods\EWARM\YS-F1Pro\Exe\YS-F1Pro.out
#    Map file     =
#        E:\Code\IAR_Projects\GetGoods\EWARM\YS-F1Pro\List\YS-F1Pro.map
#    Command line =
#        -f C:\Users\15538\AppData\Local\Temp\EW5BCC.tmp
#        (E:\Code\IAR_Projects\GetGoods\EWARM\YS-F1Pro\Obj\bsp_ASDA_B2.o
#        E:\Code\IAR_Projects\GetGoods\EWARM\YS-F1Pro\Obj\bsp_debug_usart.o
#        E:\Code\IAR_Projects\GetGoods\EWARM\YS-F1Pro\Obj\laser.o
#        E:\Code\IAR_Projects\GetGoods\EWARM\YS-F1Pro\Obj\main.o
#        E:\Code\IAR_Projects\GetGoods\EWARM\YS-F1Pro\Obj\motor.o
#        E:\Code\IAR_Projects\GetGoods\EWARM\YS-F1Pro\Obj\relay.o
#        E:\Code\IAR_Projects\GetGoods\EWARM\YS-F1Pro\Obj\startup_stm32f103xe.o
#        E:\Code\IAR_Projects\GetGoods\EWARM\YS-F1Pro\Obj\stm32f1xx_assert.o
#        E:\Code\IAR_Projects\GetGoods\EWARM\YS-F1Pro\Obj\stm32f1xx_hal.o
#        E:\Code\IAR_Projects\GetGoods\EWARM\YS-F1Pro\Obj\stm32f1xx_hal_adc.o
#        E:\Code\IAR_Projects\GetGoods\EWARM\YS-F1Pro\Obj\stm32f1xx_hal_adc_ex.o
#        E:\Code\IAR_Projects\GetGoods\EWARM\YS-F1Pro\Obj\stm32f1xx_hal_can.o
#        E:\Code\IAR_Projects\GetGoods\EWARM\YS-F1Pro\Obj\stm32f1xx_hal_cec.o
#        E:\Code\IAR_Projects\GetGoods\EWARM\YS-F1Pro\Obj\stm32f1xx_hal_cortex.o
#        E:\Code\IAR_Projects\GetGoods\EWARM\YS-F1Pro\Obj\stm32f1xx_hal_crc.o
#        E:\Code\IAR_Projects\GetGoods\EWARM\YS-F1Pro\Obj\stm32f1xx_hal_dac.o
#        E:\Code\IAR_Projects\GetGoods\EWARM\YS-F1Pro\Obj\stm32f1xx_hal_dac_ex.o
#        E:\Code\IAR_Projects\GetGoods\EWARM\YS-F1Pro\Obj\stm32f1xx_hal_dma.o
#        E:\Code\IAR_Projects\GetGoods\EWARM\YS-F1Pro\Obj\stm32f1xx_hal_eth.o
#        E:\Code\IAR_Projects\GetGoods\EWARM\YS-F1Pro\Obj\stm32f1xx_hal_flash.o
#        E:\Code\IAR_Projects\GetGoods\EWARM\YS-F1Pro\Obj\stm32f1xx_hal_flash_ex.o
#        E:\Code\IAR_Projects\GetGoods\EWARM\YS-F1Pro\Obj\stm32f1xx_hal_gpio.o
#        E:\Code\IAR_Projects\GetGoods\EWARM\YS-F1Pro\Obj\stm32f1xx_hal_gpio_ex.o
#        E:\Code\IAR_Projects\GetGoods\EWARM\YS-F1Pro\Obj\stm32f1xx_hal_hcd.o
#        E:\Code\IAR_Projects\GetGoods\EWARM\YS-F1Pro\Obj\stm32f1xx_hal_i2c.o
#        E:\Code\IAR_Projects\GetGoods\EWARM\YS-F1Pro\Obj\stm32f1xx_hal_i2s.o
#        E:\Code\IAR_Projects\GetGoods\EWARM\YS-F1Pro\Obj\stm32f1xx_hal_irda.o
#        E:\Code\IAR_Projects\GetGoods\EWARM\YS-F1Pro\Obj\stm32f1xx_hal_iwdg.o
#        E:\Code\IAR_Projects\GetGoods\EWARM\YS-F1Pro\Obj\stm32f1xx_hal_msp.o
#        E:\Code\IAR_Projects\GetGoods\EWARM\YS-F1Pro\Obj\stm32f1xx_hal_nand.o
#        E:\Code\IAR_Projects\GetGoods\EWARM\YS-F1Pro\Obj\stm32f1xx_hal_nor.o
#        E:\Code\IAR_Projects\GetGoods\EWARM\YS-F1Pro\Obj\stm32f1xx_hal_pccard.o
#        E:\Code\IAR_Projects\GetGoods\EWARM\YS-F1Pro\Obj\stm32f1xx_hal_pcd.o
#        E:\Code\IAR_Projects\GetGoods\EWARM\YS-F1Pro\Obj\stm32f1xx_hal_pcd_ex.o
#        E:\Code\IAR_Projects\GetGoods\EWARM\YS-F1Pro\Obj\stm32f1xx_hal_pwr.o
#        E:\Code\IAR_Projects\GetGoods\EWARM\YS-F1Pro\Obj\stm32f1xx_hal_rcc.o
#        E:\Code\IAR_Projects\GetGoods\EWARM\YS-F1Pro\Obj\stm32f1xx_hal_rcc_ex.o
#        E:\Code\IAR_Projects\GetGoods\EWARM\YS-F1Pro\Obj\stm32f1xx_hal_rtc.o
#        E:\Code\IAR_Projects\GetGoods\EWARM\YS-F1Pro\Obj\stm32f1xx_hal_rtc_ex.o
#        E:\Code\IAR_Projects\GetGoods\EWARM\YS-F1Pro\Obj\stm32f1xx_hal_sd.o
#        E:\Code\IAR_Projects\GetGoods\EWARM\YS-F1Pro\Obj\stm32f1xx_hal_smartcard.o
#        E:\Code\IAR_Projects\GetGoods\EWARM\YS-F1Pro\Obj\stm32f1xx_hal_spi.o
#        E:\Code\IAR_Projects\GetGoods\EWARM\YS-F1Pro\Obj\stm32f1xx_hal_spi_ex.o
#        E:\Code\IAR_Projects\GetGoods\EWARM\YS-F1Pro\Obj\stm32f1xx_hal_sram.o
#        E:\Code\IAR_Projects\GetGoods\EWARM\YS-F1Pro\Obj\stm32f1xx_hal_tim.o
#        E:\Code\IAR_Projects\GetGoods\EWARM\YS-F1Pro\Obj\stm32f1xx_hal_tim_ex.o
#        E:\Code\IAR_Projects\GetGoods\EWARM\YS-F1Pro\Obj\stm32f1xx_hal_uart.o
#        E:\Code\IAR_Projects\GetGoods\EWARM\YS-F1Pro\Obj\stm32f1xx_hal_usart.o
#        E:\Code\IAR_Projects\GetGoods\EWARM\YS-F1Pro\Obj\stm32f1xx_hal_wwdg.o
#        E:\Code\IAR_Projects\GetGoods\EWARM\YS-F1Pro\Obj\stm32f1xx_it.o
#        E:\Code\IAR_Projects\GetGoods\EWARM\YS-F1Pro\Obj\stm32f1xx_ll_fsmc.o
#        E:\Code\IAR_Projects\GetGoods\EWARM\YS-F1Pro\Obj\stm32f1xx_ll_sdmmc.o
#        E:\Code\IAR_Projects\GetGoods\EWARM\YS-F1Pro\Obj\stm32f1xx_ll_usb.o
#        E:\Code\IAR_Projects\GetGoods\EWARM\YS-F1Pro\Obj\system_stm32f1xx.o
#        --redirect _Printf=_PrintfFullNoMb --redirect _Scanf=_ScanfFullNoMb
#        --no_out_extension -o
#        E:\Code\IAR_Projects\GetGoods\EWARM\YS-F1Pro\Exe\YS-F1Pro.out --map
#        E:\Code\IAR_Projects\GetGoods\EWARM\YS-F1Pro\List\YS-F1Pro.map
#        --config D:\IAR\arm\config\linker\ST\stm32f103xC.icf --semihosting
#        --entry __iar_program_start --vfe --text_out locale)
#
###############################################################################

*******************************************************************************
*** RUNTIME MODEL ATTRIBUTES
***

CppFlavor       = *
__SystemLibrary = DLib
__dlib_version  = 6


*******************************************************************************
*** HEAP SELECTION
***

The basic heap was selected because no calls to memory allocation
functions were found in the application outside of system library
functions, and there are calls to deallocation functions in the
application.


*******************************************************************************
*** PLACEMENT SUMMARY
***

"A0":  place at address 0x800'0000 { ro section .intvec };
"P1":  place in [from 0x800'0000 to 0x803'ffff] { ro };
define block CSTACK with size = 4K, alignment = 8 { };
define block HEAP with size = 4K, alignment = 8 { };
"P2":  place in [from 0x2000'0000 to 0x2000'bfff] {
          rw, block CSTACK, block HEAP };
initialize by copy { rw };

  Section            Kind         Address    Size  Object
  -------            ----         -------    ----  ------
"A0":                                       0x130
  .intvec            ro code   0x800'0000   0x130  startup_stm32f103xe.o [1]
                             - 0x800'0130   0x130

"P1":                                      0x3cc1
  .text              ro code   0x800'0130   0xb50  stm32f1xx_hal_rcc.o [1]
  .text              ro code   0x800'0c80     0xc  stm32f1xx_hal.o [1]
  .text              ro code   0x800'0c8c    0x18  stm32f1xx_hal.o [1]
  .text              ro code   0x800'0ca4    0x24  stm32f1xx_hal.o [1]
  .text              ro code   0x800'0cc8    0x86  ABImemcpy.o [4]
  .text              ro code   0x800'0d4e    0x3a  zero_init3.o [4]
  .text              ro code   0x800'0d88   0x172  stm32f1xx_hal_cortex.o [1]
  .rodata            const     0x800'0efa     0x2  stm32f1xx_hal_rcc.o [1]
  .text              ro code   0x800'0efc   0x998  stm32f1xx_hal_dma.o [1]
  .text              ro code   0x800'1894   0x67c  stm32f1xx_hal_uart.o [1]
  .text              ro code   0x800'1f10   0x2fc  bsp_debug_usart.o [1]
  .text              ro code   0x800'220c     0x2  stm32f1xx_hal_uart.o [1]
  .text              ro code   0x800'220e     0x2  stm32f1xx_hal_uart.o [1]
  .text              ro code   0x800'2210   0x29c  main.o [1]
  .text              ro code   0x800'24ac   0x2a0  stm32f1xx_hal_gpio.o [1]
  .text              ro code   0x800'274c    0x24  stm32f1xx_hal.o [1]
  .text              ro code   0x800'2770    0xc0  relay.o [1]
  .text              ro code   0x800'2830   0x414  strto64.o [3]
  .text              ro code   0x800'2c44    0x24  S32ToFlt.o [3]
  .text              ro code   0x800'2c68    0x60  stm32f1xx_hal_msp.o [1]
  .text              ro code   0x800'2cc8    0x70  frexp.o [3]
  .text              ro code   0x800'2d38   0x1a2  DblMul.o [3]
  .rodata            const     0x800'2eda     0x2  xlocale_c.o [2]
  .text              ro code   0x800'2edc   0x13a  ldexp.o [3]
  .rodata            const     0x800'3016     0x2  xlocale_c.o [2]
  .text              ro code   0x800'3018   0x246  DblDiv.o [3]
  .text              ro code   0x800'325e   0x122  iar_Stopfx.o [2]
  .text              ro code   0x800'3380   0x1b8  iar_Stoflt.o [2]
  .text              ro code   0x800'3538    0x22  S32ToDbl.o [3]
  .rodata            const     0x800'355a     0x1  xlocale_c.o [2]
  .text              ro code   0x800'355c   0x17a  DblAdd.o [3]
  .text              ro code   0x800'36d8   0x208  iar_Stoxflt.o [2]
  .text              ro code   0x800'38e0    0x14  isspace.o [2]
  .text              ro code   0x800'38f4    0x14  isalpha.o [2]
  .text              ro code   0x800'3908    0x40  xlocale_c.o [2]
  .text              ro code   0x800'3948    0xd2  DblSub.o [3]
  .text              ro code   0x800'3a1c    0x58  memchr.o [4]
  .text              ro code   0x800'3a74    0x78  lz77_init_single.o [4]
  .text              ro code   0x800'3aec    0x6c  stm32f1xx_it.o [1]
  .text              ro code   0x800'3b58    0x10  stm32f1xx_hal.o [1]
  .text              ro code   0x800'3b68    0x58  system_stm32f1xx.o [1]
  .rodata            const     0x800'3bc0    0x48  strto64.o [3]
  .text              ro code   0x800'3c08    0x28  data_init.o [4]
  .iar.init_table    const     0x800'3c30    0x20  - Linker created -
  .text              ro code   0x800'3c50    0x1e  cmain.o [4]
  .text              ro code   0x800'3c6e     0x4  low_level_init.o [2]
  .text              ro code   0x800'3c72     0x4  exit.o [2]
  .text              ro code   0x800'3c78     0xa  cexit.o [4]
  .text              ro code   0x800'3c84    0x14  exit.o [5]
  .rodata            const     0x800'3c98    0x10  stm32f1xx_hal_rcc.o [1]
  .rodata            const     0x800'3ca8    0x10  stm32f1xx_hal_rcc.o [1]
  .text              ro code   0x800'3cb8    0x10  startup_stm32f103xe.o [1]
  .text              ro code   0x800'3cc8     0xc  cstartup_M.o [4]
  .text              ro code   0x800'3cd4     0x4  startup_stm32f103xe.o [1]
  .text              ro code   0x800'3cd8     0x4  startup_stm32f103xe.o [1]
  .text              ro code   0x800'3cdc     0x4  startup_stm32f103xe.o [1]
  .text              ro code   0x800'3ce0     0x4  startup_stm32f103xe.o [1]
  .text              ro code   0x800'3ce4     0x4  startup_stm32f103xe.o [1]
  .text              ro code   0x800'3ce8     0x4  startup_stm32f103xe.o [1]
  .text              ro code   0x800'3cec     0x4  startup_stm32f103xe.o [1]
  .text              ro code   0x800'3cf0     0x4  startup_stm32f103xe.o [1]
  .text              ro code   0x800'3cf4     0x4  startup_stm32f103xe.o [1]
  .text              ro code   0x800'3cf8     0x4  startup_stm32f103xe.o [1]
  .text              ro code   0x800'3cfc     0x4  startup_stm32f103xe.o [1]
  .text              ro code   0x800'3d00     0x4  startup_stm32f103xe.o [1]
  .text              ro code   0x800'3d04     0x4  startup_stm32f103xe.o [1]
  .text              ro code   0x800'3d08     0x4  startup_stm32f103xe.o [1]
  .text              ro code   0x800'3d0c     0x4  startup_stm32f103xe.o [1]
  .text              ro code   0x800'3d10     0x4  startup_stm32f103xe.o [1]
  .text              ro code   0x800'3d14     0x4  startup_stm32f103xe.o [1]
  .text              ro code   0x800'3d18     0x4  startup_stm32f103xe.o [1]
  .text              ro code   0x800'3d1c     0x4  startup_stm32f103xe.o [1]
  .text              ro code   0x800'3d20     0x4  startup_stm32f103xe.o [1]
  .text              ro code   0x800'3d24     0x4  startup_stm32f103xe.o [1]
  .text              ro code   0x800'3d28     0x4  startup_stm32f103xe.o [1]
  .text              ro code   0x800'3d2c     0x4  startup_stm32f103xe.o [1]
  .text              ro code   0x800'3d30     0x4  startup_stm32f103xe.o [1]
  .text              ro code   0x800'3d34     0x4  startup_stm32f103xe.o [1]
  .text              ro code   0x800'3d38     0x4  startup_stm32f103xe.o [1]
  .text              ro code   0x800'3d3c     0x4  startup_stm32f103xe.o [1]
  .text              ro code   0x800'3d40     0x4  startup_stm32f103xe.o [1]
  .text              ro code   0x800'3d44     0x4  startup_stm32f103xe.o [1]
  .text              ro code   0x800'3d48     0x4  startup_stm32f103xe.o [1]
  .text              ro code   0x800'3d4c     0x4  startup_stm32f103xe.o [1]
  .text              ro code   0x800'3d50     0x4  startup_stm32f103xe.o [1]
  .text              ro code   0x800'3d54     0x4  startup_stm32f103xe.o [1]
  .text              ro code   0x800'3d58     0x4  startup_stm32f103xe.o [1]
  .text              ro code   0x800'3d5c     0x4  startup_stm32f103xe.o [1]
  .text              ro code   0x800'3d60     0x4  startup_stm32f103xe.o [1]
  .text              ro code   0x800'3d64     0x4  startup_stm32f103xe.o [1]
  .text              ro code   0x800'3d68     0x4  startup_stm32f103xe.o [1]
  .text              ro code   0x800'3d6c     0x4  startup_stm32f103xe.o [1]
  .text              ro code   0x800'3d70     0x4  startup_stm32f103xe.o [1]
  .text              ro code   0x800'3d74     0x4  startup_stm32f103xe.o [1]
  .text              ro code   0x800'3d78     0x4  startup_stm32f103xe.o [1]
  .text              ro code   0x800'3d7c     0x4  startup_stm32f103xe.o [1]
  .text              ro code   0x800'3d80     0x4  startup_stm32f103xe.o [1]
  .text              ro code   0x800'3d84     0x4  startup_stm32f103xe.o [1]
  .text              ro code   0x800'3d88     0x4  startup_stm32f103xe.o [1]
  .text              ro code   0x800'3d8c     0x4  startup_stm32f103xe.o [1]
  .text              ro code   0x800'3d90     0x4  startup_stm32f103xe.o [1]
  .text              ro code   0x800'3d94     0x4  startup_stm32f103xe.o [1]
  .text              ro code   0x800'3d98     0x4  startup_stm32f103xe.o [1]
  .text              ro code   0x800'3d9c     0x4  startup_stm32f103xe.o [1]
  .text              ro code   0x800'3da0     0x4  startup_stm32f103xe.o [1]
  .text              ro code   0x800'3da4     0x4  startup_stm32f103xe.o [1]
  .text              ro code   0x800'3da8     0x4  startup_stm32f103xe.o [1]
  .text              ro code   0x800'3dac     0x4  startup_stm32f103xe.o [1]
  .text              ro code   0x800'3db0     0x4  startup_stm32f103xe.o [1]
  .rodata            const     0x800'3db4     0x0  zero_init3.o [4]
  .rodata            const     0x800'3db4     0x0  lz77_init_single.o [4]
  Initializer bytes  const     0x800'3db4    0x3d  <for P2-1>
                             - 0x800'3df1  0x3cc1

"P2", part 1 of 3:                           0x85
  P2-1                        0x2000'0000    0x85  <Init block>
    .data            inited   0x2000'0000     0x4  system_stm32f1xx.o [1]
    .data            inited   0x2000'0004    0x38  xlocale_c.o [2]
    .data            inited   0x2000'003c    0x48  xlocale_c.o [2]
    .data            inited   0x2000'0084     0x1  bsp_ASDA_B2.o [1]
                            - 0x2000'0085    0x85

"P2", part 2 of 3:                          0x200
  .bss               zero     0x2000'0088    0x40  bsp_debug_usart.o [1]
  .bss               zero     0x2000'00c8    0x40  bsp_debug_usart.o [1]
  .bss               zero     0x2000'0108    0x40  laser.o [1]
  .bss               zero     0x2000'0148    0x40  laser.o [1]
  .bss               zero     0x2000'0188    0x40  motor.o [1]
  .bss               zero     0x2000'01c8    0x38  bsp_debug_usart.o [1]
  .bss               zero     0x2000'0200    0x38  bsp_debug_usart.o [1]
  .bss               zero     0x2000'0238    0x34  main.o [1]
  .bss               zero     0x2000'026c     0xc  laser.o [1]
  .bss               zero     0x2000'0278     0x4  laser.o [1]
  .bss               zero     0x2000'027c     0x4  stm32f1xx_hal.o [1]
  .bss               zero     0x2000'0280     0x1  laser.o [1]
  .bss               zero     0x2000'0281     0x1  laser.o [1]
  .bss               zero     0x2000'0282     0x1  laser.o [1]
  .bss               zero     0x2000'0283     0x1  main.o [1]
  .bss               zero     0x2000'0284     0x1  main.o [1]
  .bss               zero     0x2000'0285     0x1  main.o [1]
  .bss               zero     0x2000'0286     0x1  main.o [1]
                            - 0x2000'0287   0x1ff

"P2", part 3 of 3:                         0x1000
  CSTACK                      0x2000'0288  0x1000  <Block>
    CSTACK           uninit   0x2000'0288  0x1000  <Block tail>
                            - 0x2000'1288  0x1000

Unused ranges:

         From           To      Size
         ----           --      ----
   0x800'3df1   0x803'ffff  0x3'c20f
  0x2000'0085  0x2000'0087       0x3
  0x2000'1288  0x2000'bfff    0xad78


*******************************************************************************
*** INIT TABLE
***

          Address      Size
          -------      ----
Zero (__iar_zero_init3)
    1 destination range, total size 0x1ff:
          0x2000'0088  0x1ff

Copy/lz77 (__iar_lz77_init_single3)
    1 source range, total size 0x3d (45% of destination):
           0x800'3db4   0x3d
    1 destination range, total size 0x85:
          0x2000'0000   0x85



*******************************************************************************
*** MODULE SUMMARY
***

    Module                  ro code  ro data  rw data
    ------                  -------  -------  -------
command line/config:
    -------------------------------------------------
    Total:

E:\Code\IAR_Projects\GetGoods\EWARM\YS-F1Pro\Obj: [1]
    bsp_ASDA_B2.o                          1        1
    bsp_debug_usart.o           764               240
    laser.o                                       147
    main.o                      668                56
    motor.o                                        64
    relay.o                     192
    startup_stm32f103xe.o       544
    stm32f1xx_hal.o             124                 4
    stm32f1xx_hal_cortex.o      370
    stm32f1xx_hal_dma.o       2'456
    stm32f1xx_hal_gpio.o        672
    stm32f1xx_hal_msp.o          96
    stm32f1xx_hal_rcc.o       2'896       34
    stm32f1xx_hal_uart.o      1'664
    stm32f1xx_it.o              108
    system_stm32f1xx.o           88        1        4
    -------------------------------------------------
    Total:                   10'642       36      516

dl7M_tlf.a: [2]
    exit.o                        4
    iar_Stoflt.o                440
    iar_Stopfx.o                290
    iar_Stoxflt.o               520
    isalpha.o                    20
    isspace.o                    20
    low_level_init.o              4
    xlocale_c.o                  64       64      128
    -------------------------------------------------
    Total:                    1'362       64      128

m7M_tl.a: [3]
    DblAdd.o                    378
    DblDiv.o                    582
    DblMul.o                    418
    DblSub.o                    210
    S32ToDbl.o                   34
    S32ToFlt.o                   36
    frexp.o                     112
    ldexp.o                     314
    strto64.o                 1'044       72
    -------------------------------------------------
    Total:                    3'128       72

rt7M_tl.a: [4]
    ABImemcpy.o                 134
    cexit.o                      10
    cmain.o                      30
    cstartup_M.o                 12
    data_init.o                  40
    lz77_init_single.o          120
    memchr.o                     88
    zero_init3.o                 58
    -------------------------------------------------
    Total:                      492

shb_l.a: [5]
    exit.o                       20
    -------------------------------------------------
    Total:                       20

    Gaps                          9
    Linker created                        32    4'096
-----------------------------------------------------
    Grand Total:             15'653      204    4'740


*******************************************************************************
*** ENTRY LIST
***

Entry                       Address   Size  Type      Object
-----                       -------   ----  ----      ------
.iar.init_table$$Base    0x800'3c30          --   Gb  - Linker created -
.iar.init_table$$Limit   0x800'3c50          --   Gb  - Linker created -
?main                    0x800'3c51         Code  Gb  cmain.o [4]
BusFault_Handler         0x800'3af3    0x2  Code  Gb  stm32f1xx_it.o [1]
CSTACK$$Base            0x2000'0288          --   Gb  - Linker created -
CSTACK$$Limit           0x2000'1288          --   Gb  - Linker created -
DMA1_Channel3_IRQHandler
                         0x800'3b0f    0xa  Code  Gb  stm32f1xx_it.o [1]
DMA1_Channel5_IRQHandler
                         0x800'3b05    0xa  Code  Gb  stm32f1xx_it.o [1]
DebugMon_Handler         0x800'3af7    0x2  Code  Gb  stm32f1xx_it.o [1]
Dtentox                  0x800'28bd  0x200  Code  Lc  strto64.o [3]
HAL_DMA_IRQHandler       0x800'0f57  0x8fc  Code  Gb  stm32f1xx_hal_dma.o [1]
HAL_DMA_Init             0x800'0efd   0x5a  Code  Gb  stm32f1xx_hal_dma.o [1]
HAL_Delay                0x800'0c8d   0x18  Code  Wk  stm32f1xx_hal.o [1]
HAL_GPIO_Init            0x800'24ad  0x23e  Code  Gb  stm32f1xx_hal_gpio.o [1]
HAL_GPIO_WritePin        0x800'26eb   0x1a  Code  Gb  stm32f1xx_hal_gpio.o [1]
HAL_GetTick              0x800'0c81    0xc  Code  Wk  stm32f1xx_hal.o [1]
HAL_IncTick              0x800'3b59   0x10  Code  Wk  stm32f1xx_hal.o [1]
HAL_Init                 0x800'274d   0x20  Code  Gb  stm32f1xx_hal.o [1]
HAL_InitTick             0x800'0ca5   0x24  Code  Wk  stm32f1xx_hal.o [1]
HAL_MspInit              0x800'2c69   0x60  Code  Gb  stm32f1xx_hal_msp.o [1]
HAL_NVIC_EnableIRQ       0x800'0e99    0xe  Code  Gb  stm32f1xx_hal_cortex.o [1]
HAL_NVIC_SetPriority     0x800'0e6f   0x2a  Code  Gb  stm32f1xx_hal_cortex.o [1]
HAL_NVIC_SetPriorityGrouping
                         0x800'0e63    0xc  Code  Gb  stm32f1xx_hal_cortex.o [1]
HAL_RCC_ClockConfig      0x800'0819  0x336  Code  Gb  stm32f1xx_hal_rcc.o [1]
HAL_RCC_GetHCLKFreq      0x800'0bd9   0x26  Code  Gb  stm32f1xx_hal_rcc.o [1]
HAL_RCC_GetPCLK1Freq     0x800'0bff   0x20  Code  Gb  stm32f1xx_hal_rcc.o [1]
HAL_RCC_GetPCLK2Freq     0x800'0c1f   0x20  Code  Gb  stm32f1xx_hal_rcc.o [1]
HAL_RCC_GetSysClockFreq
                         0x800'0b4f   0x8a  Code  Gb  stm32f1xx_hal_rcc.o [1]
HAL_RCC_OscConfig        0x800'0131  0x6e8  Code  Gb  stm32f1xx_hal_rcc.o [1]
HAL_SYSTICK_CLKSourceConfig
                         0x800'0eb3   0x1c  Code  Gb  stm32f1xx_hal_cortex.o [1]
HAL_SYSTICK_Config       0x800'0ea7    0xc  Code  Gb  stm32f1xx_hal_cortex.o [1]
HAL_SYSTICK_IRQHandler   0x800'0ef1    0x8  Code  Gb  stm32f1xx_hal_cortex.o [1]
HAL_UART_IRQHandler      0x800'1a87  0x132  Code  Gb  stm32f1xx_hal_uart.o [1]
HAL_UART_Init            0x800'1895   0x70  Code  Gb  stm32f1xx_hal_uart.o [1]
HAL_UART_MspInit         0x800'1f11  0x25e  Code  Gb  bsp_debug_usart.o [1]
HAL_UART_Receive_IT      0x800'19ff   0x88  Code  Gb  stm32f1xx_hal_uart.o [1]
HAL_UART_RxCpltCallback
                         0x800'22fb  0x160  Code  Gb  main.o [1]
HAL_UART_RxCpltCallback::i
                        0x2000'0286    0x1  Data  Lc  main.o [1]
HAL_UART_Transmit        0x800'1905   0xfa  Code  Gb  stm32f1xx_hal_uart.o [1]
HardFault_Handler        0x800'3aef    0x2  Code  Gb  stm32f1xx_it.o [1]
MX_DEBUG_USART_Init      0x800'216f   0x62  Code  Gb  bsp_debug_usart.o [1]
MemManage_Handler        0x800'3af1    0x2  Code  Gb  stm32f1xx_it.o [1]
NMI_Handler              0x800'3aed    0x2  Code  Gb  stm32f1xx_it.o [1]
NVIC_EnableIRQ           0x800'0db1   0x16  Code  Lc  stm32f1xx_hal_cortex.o [1]
NVIC_EncodePriority      0x800'0df3   0x40  Code  Lc  stm32f1xx_hal_cortex.o [1]
NVIC_GetPriorityGrouping
                         0x800'0da7    0xa  Code  Lc  stm32f1xx_hal_cortex.o [1]
NVIC_SetPriority         0x800'0dc7   0x2c  Code  Lc  stm32f1xx_hal_cortex.o [1]
NVIC_SetPriorityGrouping
                         0x800'0d89   0x1e  Code  Lc  stm32f1xx_hal_cortex.o [1]
RELAY_Init               0x800'2771   0xc0  Code  Gb  relay.o [1]
Region$$Table$$Base      0x800'3c30          --   Gb  - Linker created -
Region$$Table$$Limit     0x800'3c50          --   Gb  - Linker created -
Rx_Buf                  0x2000'0238   0x34  Data  Gb  main.o [1]
SysTick_Config           0x800'0e33   0x30  Code  Lc  stm32f1xx_hal_cortex.o [1]
SysTick_Handler          0x800'3af9    0xc  Code  Gb  stm32f1xx_it.o [1]
SystemClock_Config       0x800'2211   0x68  Code  Gb  main.o [1]
SystemCoreClock         0x2000'0000    0x4  Data  Gb  system_stm32f1xx.o [1]
SystemInit               0x800'3b69   0x3e  Code  Gb  system_stm32f1xx.o [1]
UART4_IRQHandler         0x800'3b37    0xa  Code  Gb  stm32f1xx_it.o [1]
UART_EndTransmit_IT      0x800'1d15   0x30  Code  Lc  stm32f1xx_hal_uart.o [1]
UART_Receive_IT          0x800'1d45   0xc4  Code  Lc  stm32f1xx_hal_uart.o [1]
UART_SetConfig           0x800'1e09   0xfe  Code  Lc  stm32f1xx_hal_uart.o [1]
UART_Transmit_IT         0x800'1c9d   0x78  Code  Lc  stm32f1xx_hal_uart.o [1]
UART_WaitOnFlagUntilTimeout
                         0x800'1bb9   0xe4  Code  Lc  stm32f1xx_hal_uart.o [1]
USART1_IRQHandler        0x800'3b19    0xa  Code  Gb  stm32f1xx_it.o [1]
USART2_IRQHandler        0x800'3b23    0xa  Code  Gb  stm32f1xx_it.o [1]
USART3_IRQHandler        0x800'3b2d    0xa  Code  Gb  stm32f1xx_it.o [1]
UsageFault_Handler       0x800'3af5    0x2  Code  Gb  stm32f1xx_it.o [1]
UsartState              0x2000'0084    0x1  Data  Gb  bsp_ASDA_B2.o [1]
_LocaleC_isalpha         0x800'390f    0xc  Code  Gb  xlocale_c.o [2]
_LocaleC_islower         0x800'3909    0x4  Code  Gb  xlocale_c.o [2]
_LocaleC_isspace         0x800'3925   0x14  Code  Gb  xlocale_c.o [2]
_LocaleC_isupper         0x800'390d    0x2  Code  Gb  xlocale_c.o [2]
_Locale_lconv           0x2000'0004   0x38  Data  Lc  xlocale_c.o [2]
__aeabi_dadd             0x800'355d         Code  Gb  DblAdd.o [3]
__aeabi_ddiv             0x800'3019         Code  Gb  DblDiv.o [3]
__aeabi_dmul             0x800'2d39         Code  Gb  DblMul.o [3]
__aeabi_i2d              0x800'3539         Code  Gb  S32ToDbl.o [3]
__aeabi_i2f              0x800'2c45         Code  Gb  S32ToFlt.o [3]
__aeabi_memcpy4          0x800'0cc9         Code  Gb  ABImemcpy.o [4]
__aeabi_memcpy8          0x800'0cc9         Code  Gb  ABImemcpy.o [4]
__cmain                  0x800'3c51         Code  Gb  cmain.o [4]
__exit                   0x800'3c85   0x14  Code  Gb  exit.o [5]
__iar_Memchr             0x800'3a1d         Code  Gb  memchr.o [4]
__iar_Sto64              0x800'2abd  0x152  Code  Gb  strto64.o [3]
__iar_Stoflt             0x800'3381  0x1b8  Code  Gb  iar_Stoflt.o [2]
__iar_Stopfx             0x800'325f  0x122  Code  Gb  iar_Stopfx.o [2]
__iar_Stoxflt            0x800'36d9  0x1d2  Code  Gb  iar_Stoxflt.o [2]
__iar_Stoxflt::digits    0x800'38b0   0x18  Data  Lc  iar_Stoxflt.o [2]
__iar_Stoxflt::vals      0x800'38c8   0x18  Data  Lc  iar_Stoxflt.o [2]
__iar_dadd               0x800'3949         Code  Gb  DblSub.o [3]
__iar_data_init3         0x800'3c09   0x28  Code  Gb  data_init.o [4]
__iar_dsub               0x800'356d         Code  Gb  DblAdd.o [3]
__iar_dsubStart          0x800'357f         Code  Gb  DblAdd.o [3]
__iar_frexp              0x800'2cd5         Code  Gb  frexp.o [3]
__iar_frexp64            0x800'2cc9         Code  Gb  frexp.o [3]
__iar_frexpl             0x800'2cd5         Code  Gb  frexp.o [3]
__iar_globLocale        0x2000'003c   0x48  Data  Lc  xlocale_c.o [2]
__iar_global_Locale      0x800'3939    0x4  Code  Gb  xlocale_c.o [2]
__iar_ldexp64            0x800'2edd         Code  Gb  ldexp.o [3]
__iar_lz77_init_single3
                         0x800'3a75   0x78  Code  Gb  lz77_init_single.o [4]
__iar_program_start      0x800'3cc9         Code  Gb  cstartup_M.o [4]
__iar_scalbln64          0x800'2edd         Code  Gb  ldexp.o [3]
__iar_scalbn64           0x800'2edd         Code  Gb  ldexp.o [3]
__iar_zero_init3         0x800'0d4f   0x3a  Code  Gb  zero_init3.o [4]
__low_level_init         0x800'3c6f    0x4  Code  Gb  low_level_init.o [2]
__vector_table           0x800'0000         Data  Gb  startup_stm32f103xe.o [1]
_call_main               0x800'3c5d         Code  Gb  cmain.o [4]
_exit                    0x800'3c79         Code  Gb  cexit.o [4]
_main                    0x800'3c6b         Code  Gb  cmain.o [4]
aAPBAHBPrescTable        0x800'3ca8   0x10  Data  Gb  stm32f1xx_hal_rcc.o [1]
aRxBuffer_debug         0x2000'0283    0x1  Data  Gb  main.o [1]
aRxBuffer_laser1        0x2000'0284    0x1  Data  Gb  main.o [1]
aRxBuffer_motor         0x2000'0285    0x1  Data  Gb  main.o [1]
atof                     0x800'2c3d    0x8  Code  Gb  strto64.o [3]
buf_laser1              0x2000'026c    0xc  Data  Gb  laser.o [1]
count_laser1            0x2000'0282    0x1  Data  Gb  laser.o [1]
distance_laser1         0x2000'0278    0x4  Data  Gb  laser.o [1]
dmul                     0x800'2831   0x8c  Code  Lc  strto64.o [3]
exit                     0x800'3c73    0x4  Code  Gb  exit.o [2]
flag1_laser1            0x2000'0280    0x1  Data  Gb  laser.o [1]
flag2_laser1            0x2000'0281    0x1  Data  Gb  laser.o [1]
frexp                    0x800'2cc9         Code  Gb  frexp.o [3]
frexpl                   0x800'2cc9         Code  Gb  frexp.o [3]
hdma_debug_rx           0x2000'01c8   0x38  Data  Gb  bsp_debug_usart.o [1]
hdma_rs485_rx           0x2000'0200   0x38  Data  Gb  bsp_debug_usart.o [1]
husart_debug            0x2000'0088   0x40  Data  Gb  bsp_debug_usart.o [1]
husart_laser1           0x2000'0108   0x40  Data  Gb  laser.o [1]
husart_laser2           0x2000'0148   0x40  Data  Gb  laser.o [1]
husart_motor            0x2000'0188   0x40  Data  Gb  motor.o [1]
husartx_rs485           0x2000'00c8   0x40  Data  Gb  bsp_debug_usart.o [1]
isalpha                  0x800'38f5   0x14  Code  Gb  isalpha.o [2]
isspace                  0x800'38e1   0x14  Code  Gb  isspace.o [2]
ldexp                    0x800'2edd         Code  Gb  ldexp.o [3]
ldexpl                   0x800'2edd         Code  Gb  ldexp.o [3]
localeconv               0x800'393d    0x4  Code  Gb  xlocale_c.o [2]
main                     0x800'2279   0x82  Code  Gb  main.o [1]
memchr                   0x800'3a1d         Code  Gb  memchr.o [4]
pows                     0x800'3bc0   0x48  Data  Lc  strto64.o [3]
scalbln                  0x800'2edd         Code  Gb  ldexp.o [3]
scalblnl                 0x800'2edd         Code  Gb  ldexp.o [3]
scalbn                   0x800'2edd         Code  Gb  ldexp.o [3]
scalbnl                  0x800'2edd         Code  Gb  ldexp.o [3]
uwTick                  0x2000'027c    0x4  Data  Lc  stm32f1xx_hal.o [1]


[1] = E:\Code\IAR_Projects\GetGoods\EWARM\YS-F1Pro\Obj
[2] = dl7M_tlf.a
[3] = m7M_tl.a
[4] = rt7M_tl.a
[5] = shb_l.a

  15'653 bytes of readonly  code memory
     204 bytes of readonly  data memory
   4'740 bytes of readwrite data memory

Errors: none
Warnings: none
